Archive member included to satisfy reference by file (symbol)

library.a(initialize.o)       obj/Lab1A-Main-c.o (ClearDisplay)
library.a(stm32f429i_discovery.o)
                              library.a(initialize.o) (BSP_PB_Init)
library.a(stm32f429i_discovery_lcd.o)
                              library.a(initialize.o) (BSP_LCD_LayerDefaultInit)
library.a(stm32f429i_discovery_sdram.o)
                              library.a(stm32f429i_discovery_lcd.o) (BSP_SDRAM_Init)
library.a(stm32f4xx_hal.o)    library.a(initialize.o) (HAL_Init)
library.a(stm32f4xx_hal_cortex.o)
                              library.a(stm32f4xx_hal.o) (HAL_NVIC_SetPriorityGrouping)
library.a(stm32f4xx_hal_dma.o)
                              library.a(stm32f429i_discovery_sdram.o) (HAL_DMA_Init)
library.a(stm32f4xx_hal_dma2d.o)
                              library.a(stm32f429i_discovery_lcd.o) (HAL_DMA2D_Init)
library.a(stm32f4xx_hal_gpio.o)
                              library.a(stm32f429i_discovery.o) (HAL_GPIO_Init)
library.a(stm32f4xx_hal_i2c.o)
                              library.a(stm32f429i_discovery.o) (HAL_I2C_Init)
library.a(stm32f4xx_hal_ltdc.o)
                              library.a(stm32f429i_discovery_lcd.o) (HAL_LTDC_Init)
library.a(stm32f4xx_hal_rcc.o)
                              library.a(initialize.o) (HAL_RCC_OscConfig)
library.a(stm32f4xx_hal_rcc_ex.o)
                              library.a(stm32f429i_discovery_lcd.o) (HAL_RCCEx_PeriphCLKConfig)
library.a(stm32f4xx_hal_sdram.o)
                              library.a(stm32f429i_discovery_sdram.o) (HAL_SDRAM_Init)
library.a(stm32f4xx_hal_spi.o)
                              library.a(stm32f429i_discovery.o) (HAL_SPI_Init)
library.a(stm32f4xx_it.o)     library.a(initialize.o) (IncludeThis)
library.a(stm32f4xx_ll_fmc.o)
                              library.a(stm32f4xx_hal_sdram.o) (FMC_SDRAM_Init)
library.a(svcHandler.o)       library.a(stm32f4xx_it.o) (SVC_Exception)
library.a(system_stm32f4xx.o)
                              library.a(stm32f4xx_hal_rcc.o) (SystemCoreClock)
library.a(touch.o)            obj/Lab1A-Main-c.o (TS_Init)
library.a(startup_stm32f429xx.o)
                              library.a(initialize.o) (Reset_Handler)
library.a(ili9341.o)          library.a(stm32f429i_discovery_lcd.o) (ili9341_drv)
library.a(stm32f429i_discovery_ts.o)
                              library.a(touch.o) (BSP_TS_Init)
library.a(stmpe811.o)         library.a(stm32f429i_discovery_ts.o) (stmpe811_ts_drv)
/Applications/ArmGNUToolchain/13.2.Rel1/arm-none-eabi/bin/../lib/gcc/arm-none-eabi/13.2.1/../../../../arm-none-eabi/lib/thumb/v7e-m+fp/hard/libc.a(libc_a-exit.o)
                              /Applications/ArmGNUToolchain/13.2.Rel1/arm-none-eabi/bin/../lib/gcc/arm-none-eabi/13.2.1/../../../../arm-none-eabi/lib/thumb/v7e-m+fp/hard/crt0.o (exit)
/Applications/ArmGNUToolchain/13.2.Rel1/arm-none-eabi/bin/../lib/gcc/arm-none-eabi/13.2.1/../../../../arm-none-eabi/lib/thumb/v7e-m+fp/hard/libc.a(libc_a-printf.o)
                              library.a(initialize.o) (printf)
/Applications/ArmGNUToolchain/13.2.Rel1/arm-none-eabi/bin/../lib/gcc/arm-none-eabi/13.2.1/../../../../arm-none-eabi/lib/thumb/v7e-m+fp/hard/libc.a(libc_a-vfprintf.o)
                              /Applications/ArmGNUToolchain/13.2.Rel1/arm-none-eabi/bin/../lib/gcc/arm-none-eabi/13.2.1/../../../../arm-none-eabi/lib/thumb/v7e-m+fp/hard/libc.a(libc_a-printf.o) (_vfprintf_r)
/Applications/ArmGNUToolchain/13.2.Rel1/arm-none-eabi/bin/../lib/gcc/arm-none-eabi/13.2.1/../../../../arm-none-eabi/lib/thumb/v7e-m+fp/hard/libc.a(libc_a-vfiprintf.o)
                              /Applications/ArmGNUToolchain/13.2.Rel1/arm-none-eabi/bin/../lib/gcc/arm-none-eabi/13.2.1/../../../../arm-none-eabi/lib/thumb/v7e-m+fp/hard/libc.a(libc_a-vfprintf.o) (__sprint_r)
/Applications/ArmGNUToolchain/13.2.Rel1/arm-none-eabi/bin/../lib/gcc/arm-none-eabi/13.2.1/../../../../arm-none-eabi/lib/thumb/v7e-m+fp/hard/libc.a(libc_a-fflush.o)
                              /Applications/ArmGNUToolchain/13.2.Rel1/arm-none-eabi/bin/../lib/gcc/arm-none-eabi/13.2.1/../../../../arm-none-eabi/lib/thumb/v7e-m+fp/hard/libc.a(libc_a-vfprintf.o) (_fflush_r)
/Applications/ArmGNUToolchain/13.2.Rel1/arm-none-eabi/bin/../lib/gcc/arm-none-eabi/13.2.1/../../../../arm-none-eabi/lib/thumb/v7e-m+fp/hard/libc.a(libc_a-sprintf.o)
                              library.a(svcHandler.o) (sprintf)
/Applications/ArmGNUToolchain/13.2.Rel1/arm-none-eabi/bin/../lib/gcc/arm-none-eabi/13.2.1/../../../../arm-none-eabi/lib/thumb/v7e-m+fp/hard/libc.a(libc_a-findfp.o)
                              /Applications/ArmGNUToolchain/13.2.Rel1/arm-none-eabi/bin/../lib/gcc/arm-none-eabi/13.2.1/../../../../arm-none-eabi/lib/thumb/v7e-m+fp/hard/libc.a(libc_a-fflush.o) (__sglue)
/Applications/ArmGNUToolchain/13.2.Rel1/arm-none-eabi/bin/../lib/gcc/arm-none-eabi/13.2.1/../../../../arm-none-eabi/lib/thumb/v7e-m+fp/hard/libc.a(libc_a-fvwrite.o)
[...]
Memory Configuration

Name             Origin             Length             Attributes
ROM              0x08000000         0x00200000         xr
RAM              0x20000000         0x00030000         xrw
CCM              0x10000000         0x00010000         xrw
*default*        0x00000000         0xffffffff

Linker script and memory map

LOAD /Applications/ArmGNUToolchain/13.2.Rel1/arm-none-eabi/bin/../lib/gcc/arm-none-eabi/13.2.1/thumb/v7e-m+fp/hard/crti.o
LOAD /Applications/ArmGNUToolchain/13.2.Rel1/arm-none-eabi/bin/../lib/gcc/arm-none-eabi/13.2.1/thumb/v7e-m+fp/hard/crtbegin.o
LOAD /Applications/ArmGNUToolchain/13.2.Rel1/arm-none-eabi/bin/../lib/gcc/arm-none-eabi/13.2.1/../../../../arm-none-eabi/lib/thumb/v7e-m+fp/hard/crt0.o
LOAD obj/Lab1A-Main-c.o
LOAD obj/Lab1A-Calculator-s.o
LOAD library.a
LOAD library.a
LOAD /Applications/ArmGNUToolchain/13.2.Rel1/arm-none-eabi/bin/../lib/gcc/arm-none-eabi/13.2.1/../../../../arm-none-eabi/lib/thumb/v7e-m+fp/hard/libm.a
LOAD /Applications/ArmGNUToolchain/13.2.Rel1/arm-none-eabi/bin/../lib/gcc/arm-none-eabi/13.2.1/../../../../arm-none-eabi/lib/thumb/v7e-m+fp/hard/libc.a
LOAD /Applications/ArmGNUToolchain/13.2.Rel1/arm-none-eabi/bin/../lib/gcc/arm-none-eabi/13.2.1/../../../../arm-none-eabi/lib/thumb/v7e-m+fp/hard/libnosys.a
LOAD /Applications/ArmGNUToolchain/13.2.Rel1/arm-none-eabi/bin/../lib/gcc/arm-none-eabi/13.2.1/../../../../arm-none-eabi/lib/thumb/v7e-m+fp/hard/libc.a
START GROUP
LOAD /Applications/ArmGNUToolchain/13.2.Rel1/arm-none-eabi/bin/../lib/gcc/arm-none-eabi/13.2.1/thumb/v7e-m+fp/hard/libgcc.a
LOAD /Applications/ArmGNUToolchain/13.2.Rel1/arm-none-eabi/bin/../lib/gcc/arm-none-eabi/13.2.1/../../../../arm-none-eabi/lib/thumb/v7e-m+fp/hard/libc.a
END GROUP
LOAD /Applications/ArmGNUToolchain/13.2.Rel1/arm-none-eabi/bin/../lib/gcc/arm-none-eabi/13.2.1/thumb/v7e-m+fp/hard/crtend.o
LOAD /Applications/ArmGNUToolchain/13.2.Rel1/arm-none-eabi/bin/../lib/gcc/arm-none-eabi/13.2.1/thumb/v7e-m+fp/hard/crtn.o

.text           0x08000000    0x10b74
 *(.isr_vector)
 .isr_vector    0x08000000      0x1ac library.a(startup_stm32f429xx.o)
                0x08000000                __isr_vector
 *(.text*)
 .text.deregister_tm_clones
                0x080001ac       0x1c /Applications/ArmGNUToolchain/13.2.Rel1/arm-none-eabi/bin/../lib/gcc/arm-none-eabi/13.2.1/thumb/v7e-m+fp/hard/crtbegin.o
 .text.register_tm_clones
                0x080001c8       0x24 /Applications/ArmGNUToolchain/13.2.Rel1/arm-none-eabi/bin/../lib/gcc/arm-none-eabi/13.2.1/thumb/v7e-m+fp/hard/crtbegin.o
 .text.__do_global_dtors_aux
                0x080001ec       0x28 /Applications/ArmGNUToolchain/13.2.Rel1/arm-none-eabi/bin/../lib/gcc/arm-none-eabi/13.2.1/thumb/v7e-m+fp/hard/crtbegin.o
 .text.frame_dummy
                0x08000214       0x24 /Applications/ArmGNUToolchain/13.2.Rel1/arm-none-eabi/bin/../lib/gcc/arm-none-eabi/13.2.1/thumb/v7e-m+fp/hard/crtbegin.o
 .text          0x08000238       0x7c /Applications/ArmGNUToolchain/13.2.Rel1/arm-none-eabi/bin/../lib/gcc/arm-none-eabi/13.2.1/../../../../arm-none-eabi/lib/thumb/v7e-m+fp/hard/crt0.o
                0x08000238                _stack_init
                0x08000240                _mainCRTStartup
                0x08000240                _start
 .text.Null     0x080002b4        0xc obj/Lab1A-Main-c.o
 .text.BtnDigit
                0x080002c0       0x2c obj/Lab1A-Main-c.o
 .text.BtnBackSpace
                0x080002ec       0x1c obj/Lab1A-Main-c.o
 .text.BtnEquals
                0x08000308       0x38 obj/Lab1A-Main-c.o
 .text.DrawButton
                0x08000340       0xac obj/Lab1A-Main-c.o
 .text.DrawButton.constprop.0
                0x080003ec       0x98 obj/Lab1A-Main-c.o
 .text.BtnRadix
                0x08000484       0x30 obj/Lab1A-Main-c.o
 .text.Num2Text.isra.0
                0x080004b4      0x218 obj/Lab1A-Main-c.o
 .text.UpdateDisplay
                0x080006cc      0x13c obj/Lab1A-Main-c.o
 .text.BtnDIV   0x08000808       0x60 obj/Lab1A-Main-c.o
 .text.BtnADD   0x08000868       0x60 obj/Lab1A-Main-c.o
 .text.BtnSUB   0x080008c8       0x60 obj/Lab1A-Main-c.o
 .text.BtnMUL   0x08000928       0x60 obj/Lab1A-Main-c.o
 .text.startup.main
                0x08000988      0x200 obj/Lab1A-Main-c.o
                0x08000988                main
 .text          0x08000b88       0x1c obj/Lab1A-Calculator-s.o
                0x08000b88                Addition
                0x08000b8c                Subtraction
                0x08000b94                Multiplication
                0x08000b9c                Division
 .text.TextRows
                0x08000ba4       0x12 library.a(initialize.o)
 .text._close   0x08000bb6        0x2 library.a(initialize.o)
                0x08000bb6                _close
 .text._fstat   0x08000bb8        0x2 library.a(initialize.o)
                0x08000bb8                _fstat
 .text._getpid  0x08000bba        0x2 library.a(initialize.o)
                0x08000bba                _getpid
 .text._isatty  0x08000bbc        0x2 library.a(initialize.o)
                0x08000bbc                _isatty
 .text._kill    0x08000bbe        0x2 library.a(initialize.o)
                0x08000bbe                _kill
 .text._lseek   0x08000bc0        0x2 library.a(initialize.o)
                0x08000bc0                _lseek
 .text._read    0x08000bc2        0x2 library.a(initialize.o)
                0x08000bc2                _read
 .text.ClearDisplay
                0x08000bc4       0x34 library.a(initialize.o)
                0x08000bc4                ClearDisplay
 .text.DisplayHeader
                0x08000bf8       0x7c library.a(initialize.o)
                0x08000bf8                DisplayHeader
 .text.DisplayFooter
                0x08000c74       0x58 library.a(initialize.o)
                0x08000c74                DisplayFooter
 .text._write   0x08000ccc      0x104 library.a(initialize.o)
                0x08000ccc                _write
 .text.InitializeHardware
                0x08000dd0      0x124 library.a(initialize.o)
                0x08000dd0                InitializeHardware
 .text.WaitForPushButton
                0x08000ef4       0x18 library.a(initialize.o)
                0x08000ef4                WaitForPushButton
 .text.GetClockCycleCount
                0x08000f0c        0xc library.a(initialize.o)
                0x08000f0c                GetClockCycleCount
 .text.SPIx_Init
                0x08000f18       0x98 library.a(stm32f429i_discovery.o)
 .text.SPIx_Write
                0x08000fb0       0x30 library.a(stm32f429i_discovery.o)
 .text.I2Cx_Init
                0x08000fe0       0xe8 library.a(stm32f429i_discovery.o)
 .text.I2Cx_Error
                0x080010c8       0x14 library.a(stm32f429i_discovery.o)
 .text.SPIx_WriteRead
                0x080010dc       0x40 library.a(stm32f429i_discovery.o)
 .text.BSP_PB_Init
                0x0800111c       0x70 library.a(stm32f429i_discovery.o)
                0x0800111c                BSP_PB_Init
 .text.BSP_PB_GetState
                0x0800118c       0x14 library.a(stm32f429i_discovery.o)
                0x0800118c                BSP_PB_GetState
 .text.LCD_IO_Init
                0x080011a0       0xb0 library.a(stm32f429i_discovery.o)
                0x080011a0                LCD_IO_Init
 .text.LCD_IO_WriteData
                0x08001250       0x38 library.a(stm32f429i_discovery.o)
                0x08001250                LCD_IO_WriteData
 .text.LCD_IO_WriteReg
                0x08001288       0x38 library.a(stm32f429i_discovery.o)
                0x08001288                LCD_IO_WriteReg
 .text.LCD_IO_ReadData
                0x080012c0       0x6c library.a(stm32f429i_discovery.o)
                0x080012c0                LCD_IO_ReadData
 .text.LCD_Delay
                0x0800132c        0x4 library.a(stm32f429i_discovery.o)
                0x0800132c                LCD_Delay
 .text.IOE_Init
                0x08001330        0x4 library.a(stm32f429i_discovery.o)
                0x08001330                IOE_Init
 .text.IOE_ITConfig
                0x08001334       0x54 library.a(stm32f429i_discovery.o)
                0x08001334                IOE_ITConfig
 .text.IOE_Write
                0x08001388       0x34 library.a(stm32f429i_discovery.o)
                0x08001388                IOE_Write
 .text.IOE_Read
                0x080013bc       0x3c library.a(stm32f429i_discovery.o)
                0x080013bc                IOE_Read
 .text.IOE_ReadMultiple
                0x080013f8       0x30 library.a(stm32f429i_discovery.o)
                0x080013f8                IOE_ReadMultiple
 .text.IOE_Delay
                0x08001428        0x4 library.a(stm32f429i_discovery.o)
                0x08001428                IOE_Delay
 .text.GYRO_IO_Init
                0x0800142c       0x6c library.a(stm32f429i_discovery.o)
                0x0800142c                GYRO_IO_Init
 .text.GYRO_IO_Read
                0x08001498       0x48 library.a(stm32f429i_discovery.o)
                0x08001498                GYRO_IO_Read
 .text.FillBuffer
                0x080014e0       0x64 library.a(stm32f429i_discovery_lcd.o)
 .text.BSP_LCD_GetXSize
                0x08001544       0x10 library.a(stm32f429i_discovery_lcd.o)
                0x08001544                BSP_LCD_GetXSize
 .text.BSP_LCD_GetYSize
                0x08001554       0x10 library.a(stm32f429i_discovery_lcd.o)
                0x08001554                BSP_LCD_GetYSize
 .text.BSP_LCD_LayerDefaultInit
                0x08001564       0x7c library.a(stm32f429i_discovery_lcd.o)
                0x08001564                BSP_LCD_LayerDefaultInit
 .text.BSP_LCD_SelectLayer
                0x080015e0        0xc library.a(stm32f429i_discovery_lcd.o)
                0x080015e0                BSP_LCD_SelectLayer
 .text.BSP_LCD_GetTextColor
                0x080015ec       0x18 library.a(stm32f429i_discovery_lcd.o)
                0x080015ec                BSP_LCD_GetTextColor
 .text.BSP_LCD_GetBackColor
                0x08001604       0x18 library.a(stm32f429i_discovery_lcd.o)
                0x08001604                BSP_LCD_GetBackColor
 .text.BSP_LCD_SetTextColor
                0x0800161c       0x18 library.a(stm32f429i_discovery_lcd.o)
                0x0800161c                BSP_LCD_SetTextColor
 .text.BSP_LCD_SetBackColor
                0x08001634       0x18 library.a(stm32f429i_discovery_lcd.o)
                0x08001634                BSP_LCD_SetBackColor
 .text.BSP_LCD_SetFont
                0x0800164c       0x18 library.a(stm32f429i_discovery_lcd.o)
                0x0800164c                BSP_LCD_SetFont
 .text.BSP_LCD_Init
                0x08001664      0x1bc library.a(stm32f429i_discovery_lcd.o)
                0x08001664                BSP_LCD_Init
 .text.BSP_LCD_GetFont
                0x08001820       0x18 library.a(stm32f429i_discovery_lcd.o)
                0x08001820                BSP_LCD_GetFont
 .text.BSP_LCD_Clear
                0x08001838       0x40 library.a(stm32f429i_discovery_lcd.o)
                0x08001838                BSP_LCD_Clear
 .text.BSP_LCD_DrawHLine
                0x08001878       0x50 library.a(stm32f429i_discovery_lcd.o)
                0x08001878                BSP_LCD_DrawHLine
 .text.BSP_LCD_DrawVLine
                0x080018c8       0x5c library.a(stm32f429i_discovery_lcd.o)
                0x080018c8                BSP_LCD_DrawVLine
 .text.BSP_LCD_DrawRect
                0x08001924       0x34 library.a(stm32f429i_discovery_lcd.o)
                0x08001924                BSP_LCD_DrawRect
 .text.BSP_LCD_FillRect
                0x08001958       0x78 library.a(stm32f429i_discovery_lcd.o)
                0x08001958                BSP_LCD_FillRect
 .text.BSP_LCD_DisplayOn
                0x080019d0       0x10 library.a(stm32f429i_discovery_lcd.o)
                0x080019d0                BSP_LCD_DisplayOn
 .text.BSP_LCD_DrawPixel
                0x080019e0       0x2c library.a(stm32f429i_discovery_lcd.o)
                0x080019e0                BSP_LCD_DrawPixel
 .text.BSP_LCD_DisplayChar
                0x08001a0c       0xd4 library.a(stm32f429i_discovery_lcd.o)
                0x08001a0c                BSP_LCD_DisplayChar
 .text.BSP_LCD_DisplayStringAt
                0x08001ae0       0x9c library.a(stm32f429i_discovery_lcd.o)
                0x08001ae0                BSP_LCD_DisplayStringAt
 .text.BSP_SDRAM_Initialization_sequence
                0x08001b7c       0x94 library.a(stm32f429i_discovery_sdram.o)
                0x08001b7c                BSP_SDRAM_Initialization_sequence
 .text.BSP_SDRAM_Init
                0x08001c10      0x1c8 library.a(stm32f429i_discovery_sdram.o)
                0x08001c10                BSP_SDRAM_Init
 .text.HAL_MspInit
                0x08001dd8        0x2 library.a(stm32f4xx_hal.o)
                0x08001dd8                HAL_MspInit
 .text.HAL_InitTick
                0x08001dda       0x28 library.a(stm32f4xx_hal.o)
                0x08001dda                HAL_InitTick
 *fill*         0x08001e02        0x2 
 .text.HAL_Init
                0x08001e04       0x34 library.a(stm32f4xx_hal.o)
                0x08001e04                HAL_Init
 .text.HAL_IncTick
                0x08001e38       0x10 library.a(stm32f4xx_hal.o)
                0x08001e38                HAL_IncTick
 .text.HAL_GetTick
                0x08001e48        0xc library.a(stm32f4xx_hal.o)
                0x08001e48                HAL_GetTick
 .text.HAL_Delay
                0x08001e54       0x1a library.a(stm32f4xx_hal.o)
                0x08001e54                HAL_Delay
 *fill*         0x08001e6e        0x2 
 .text.HAL_NVIC_SetPriorityGrouping
                0x08001e70       0x24 library.a(stm32f4xx_hal_cortex.o)
                0x08001e70                HAL_NVIC_SetPriorityGrouping
 .text.HAL_NVIC_SetPriority
                0x08001e94       0x64 library.a(stm32f4xx_hal_cortex.o)
                0x08001e94                HAL_NVIC_SetPriority
 .text.HAL_NVIC_EnableIRQ
                0x08001ef8       0x18 library.a(stm32f4xx_hal_cortex.o)
                0x08001ef8                HAL_NVIC_EnableIRQ
 .text.HAL_SYSTICK_Config
                0x08001f10       0x28 library.a(stm32f4xx_hal_cortex.o)
                0x08001f10                HAL_SYSTICK_Config
 .text.HAL_DMA_Init
                0x08001f38       0x78 library.a(stm32f4xx_hal_dma.o)
                0x08001f38                HAL_DMA_Init
 .text.HAL_DMA_DeInit
                0x08001fb0      0xacc library.a(stm32f4xx_hal_dma.o)
                0x08001fb0                HAL_DMA_DeInit
 .text.DMA2D_SetConfig
                0x08002a7c       0x80 library.a(stm32f4xx_hal_dma2d.o)
 .text.HAL_DMA2D_MspInit
                0x08002afc        0x2 library.a(stm32f4xx_hal_dma2d.o)
                0x08002afc                HAL_DMA2D_MspInit
 .text.HAL_DMA2D_Init
                0x08002afe       0x5c library.a(stm32f4xx_hal_dma2d.o)
                0x08002afe                HAL_DMA2D_Init
 .text.HAL_DMA2D_Start
                0x08002b5a       0x40 library.a(stm32f4xx_hal_dma2d.o)
                0x08002b5a                HAL_DMA2D_Start
 .text.HAL_DMA2D_PollForTransfer
                0x08002b9a       0xc4 library.a(stm32f4xx_hal_dma2d.o)
                0x08002b9a                HAL_DMA2D_PollForTransfer
 *fill*         0x08002c5e        0x2 
 .text.HAL_DMA2D_ConfigLayer
                0x08002c60       0xdc library.a(stm32f4xx_hal_dma2d.o)
                0x08002c60                HAL_DMA2D_ConfigLayer
 .text.HAL_GPIO_Init
                0x08002d3c      0x1d0 library.a(stm32f4xx_hal_gpio.o)
                0x08002d3c                HAL_GPIO_Init
 .text.HAL_GPIO_ReadPin
                0x08002f0c        0xc library.a(stm32f4xx_hal_gpio.o)
                0x08002f0c                HAL_GPIO_ReadPin
 .text.HAL_GPIO_WritePin
                0x08002f18        0xa library.a(stm32f4xx_hal_gpio.o)
                0x08002f18                HAL_GPIO_WritePin
 .text.I2C_WaitOnMasterAddressFlagUntilTimeout
                0x08002f22       0x66 library.a(stm32f4xx_hal_i2c.o)
 .text.I2C_WaitOnFlagUntilTimeout
                0x08002f88       0x90 library.a(stm32f4xx_hal_i2c.o)
 .text.I2C_RequestMemoryWrite
                0x08003018       0x98 library.a(stm32f4xx_hal_i2c.o)
 .text.I2C_RequestMemoryRead
                0x080030b0       0xe8 library.a(stm32f4xx_hal_i2c.o)
 .text.HAL_I2C_MspInit
                0x08003198        0x2 library.a(stm32f4xx_hal_i2c.o)
                0x08003198                HAL_I2C_MspInit
 *fill*         0x0800319a        0x2 
 .text.HAL_I2C_Init
                0x0800319c       0xe0 library.a(stm32f4xx_hal_i2c.o)
                0x0800319c                HAL_I2C_Init
 .text.HAL_I2C_MspDeInit
                0x0800327c        0x2 library.a(stm32f4xx_hal_i2c.o)
                0x0800327c                HAL_I2C_MspDeInit
 .text.HAL_I2C_DeInit
                0x0800327e       0x2c library.a(stm32f4xx_hal_i2c.o)
                0x0800327e                HAL_I2C_DeInit
 *fill*         0x080032aa        0x2 
 .text.HAL_I2C_Mem_Write
                0x080032ac       0xe8 library.a(stm32f4xx_hal_i2c.o)
                0x080032ac                HAL_I2C_Mem_Write
 .text.HAL_I2C_Mem_Read
                0x08003394      0x1bc library.a(stm32f4xx_hal_i2c.o)
                0x08003394                HAL_I2C_Mem_Read
 .text.HAL_I2C_GetState
                0x08003550        0x6 library.a(stm32f4xx_hal_i2c.o)
                0x08003550                HAL_I2C_GetState
 *fill*         0x08003556        0x2 
 .text.LTDC_SetConfig
                0x08003558      0x144 library.a(stm32f4xx_hal_ltdc.o)
 .text.HAL_LTDC_MspInit
                0x0800369c        0x2 library.a(stm32f4xx_hal_ltdc.o)
                0x0800369c                HAL_LTDC_MspInit
 *fill*         0x0800369e        0x2 
 .text.HAL_LTDC_Init
                0x080036a0       0xfc library.a(stm32f4xx_hal_ltdc.o)
                0x080036a0                HAL_LTDC_Init
 .text.HAL_LTDC_ConfigLayer
                0x0800379c       0x5c library.a(stm32f4xx_hal_ltdc.o)
                0x0800379c                HAL_LTDC_ConfigLayer
 .text.HAL_LTDC_EnableDither
                0x080037f8       0x34 library.a(stm32f4xx_hal_ltdc.o)
                0x080037f8                HAL_LTDC_EnableDither
 .text.HAL_RCC_OscConfig
                0x0800382c      0x330 library.a(stm32f4xx_hal_rcc.o)
                0x0800382c                HAL_RCC_OscConfig
 .text.HAL_RCC_ClockConfig
                0x08003b5c      0x1f8 library.a(stm32f4xx_hal_rcc.o)
                0x08003b5c                HAL_RCC_ClockConfig
 .text.HAL_RCC_GetSysClockFreq
                0x08003d54       0x78 library.a(stm32f4xx_hal_rcc.o)
                0x08003d54                HAL_RCC_GetSysClockFreq
 .text.HAL_RCC_GetHCLKFreq
                0x08003dcc       0x38 library.a(stm32f4xx_hal_rcc.o)
                0x08003dcc                HAL_RCC_GetHCLKFreq
 .text.HAL_RCC_GetPCLK1Freq
                0x08003e04       0x30 library.a(stm32f4xx_hal_rcc.o)
                0x08003e04                HAL_RCC_GetPCLK1Freq
 .text.HAL_RCCEx_PeriphCLKConfig
                0x08003e34      0x2d8 library.a(stm32f4xx_hal_rcc_ex.o)
                0x08003e34                HAL_RCCEx_PeriphCLKConfig
 .text.HAL_SDRAM_MspInit
                0x0800410c        0x2 library.a(stm32f4xx_hal_sdram.o)
                0x0800410c                HAL_SDRAM_MspInit
 .text.HAL_SDRAM_Init
                0x0800410e       0x40 library.a(stm32f4xx_hal_sdram.o)
                0x0800410e                HAL_SDRAM_Init
 .text.HAL_SDRAM_SendCommand
                0x0800414e       0x2e library.a(stm32f4xx_hal_sdram.o)
                0x0800414e                HAL_SDRAM_SendCommand
 .text.HAL_SDRAM_ProgramRefreshRate
                0x0800417c       0x24 library.a(stm32f4xx_hal_sdram.o)
                0x0800417c                HAL_SDRAM_ProgramRefreshRate
 .text.SPI_WaitOnFlagUntilTimeout
                0x080041a0       0x94 library.a(stm32f4xx_hal_spi.o)
 .text.HAL_SPI_MspInit
                0x08004234        0x2 library.a(stm32f4xx_hal_spi.o)
                0x08004234                HAL_SPI_MspInit
 .text.HAL_SPI_Init
                0x08004236       0x82 library.a(stm32f4xx_hal_spi.o)
                0x08004236                HAL_SPI_Init
 .text.HAL_SPI_MspDeInit
                0x080042b8        0x2 library.a(stm32f4xx_hal_spi.o)
                0x080042b8                HAL_SPI_MspDeInit
 .text.HAL_SPI_DeInit
                0x080042ba       0x26 library.a(stm32f4xx_hal_spi.o)
                0x080042ba                HAL_SPI_DeInit
 .text.HAL_SPI_Transmit
                0x080042e0      0x164 library.a(stm32f4xx_hal_spi.o)
                0x080042e0                HAL_SPI_Transmit
 .text.HAL_SPI_TransmitReceive
                0x08004444      0x2c2 library.a(stm32f4xx_hal_spi.o)
                0x08004444                HAL_SPI_TransmitReceive
 .text.HAL_SPI_Receive
                0x08004706      0x1d2 library.a(stm32f4xx_hal_spi.o)
                0x08004706                HAL_SPI_Receive
 .text.HAL_SPI_GetState
                0x080048d8        0x6 library.a(stm32f4xx_hal_spi.o)
                0x080048d8                HAL_SPI_GetState
 .text.NMI_Handler
                0x080048de        0x2 library.a(stm32f4xx_it.o)
                0x080048de                NMI_Handler
 .text.SVC_Handler
                0x080048e0       0x20 library.a(stm32f4xx_it.o)
                0x080048e0                SVC_Handler
 .text.DebugMon_Handler
                0x08004900        0x2 library.a(stm32f4xx_it.o)
                0x08004900                DebugMon_Handler
 .text.PendSV_Handler
                0x08004902        0x2 library.a(stm32f4xx_it.o)
                0x08004902                PendSV_Handler
 .text.SysTick_Handler
                0x08004904        0x4 library.a(stm32f4xx_it.o)
                0x08004904                SysTick_Handler
 .text.FMC_SDRAM_Init
                0x08004908       0x68 library.a(stm32f4xx_ll_fmc.o)
                0x08004908                FMC_SDRAM_Init
 .text.FMC_SDRAM_Timing_Init
                0x08004970       0x72 library.a(stm32f4xx_ll_fmc.o)
                0x08004970                FMC_SDRAM_Timing_Init
 .text.FMC_SDRAM_SendCommand
                0x080049e2       0x50 library.a(stm32f4xx_ll_fmc.o)
                0x080049e2                FMC_SDRAM_SendCommand
 .text.FMC_SDRAM_ProgramRefreshRate
                0x08004a32        0xc library.a(stm32f4xx_ll_fmc.o)
                0x08004a32                FMC_SDRAM_ProgramRefreshRate
 *fill*         0x08004a3e        0x2 
 .text.SVC_Label
                0x08004a40       0x58 library.a(svcHandler.o)
 .text.Preserve
                0x08004a98       0xa8 library.a(svcHandler.o)
 .text.HardStopHandler
                0x08004b40       0x94 library.a(svcHandler.o)
 .text.F32      0x08004bd4       0xc0 library.a(svcHandler.o)
 .text.Restore  0x08004c94       0x5c library.a(svcHandler.o)
 .text.FlPtRegs
                0x08004cf0       0x9c library.a(svcHandler.o)
 .text._MemManageHandler
                0x08004d8c       0x10 library.a(svcHandler.o)
                0x08004d8c                _MemManageHandler
 .text.MemManage_Handler
                0x08004d9c        0xc library.a(svcHandler.o)
                0x08004d9c                MemManage_Handler
 .text._BusFault_Handler
                0x08004da8       0x10 library.a(svcHandler.o)
                0x08004da8                _BusFault_Handler
 .text.BusFault_Handler
                0x08004db8        0xc library.a(svcHandler.o)
                0x08004db8                BusFault_Handler
 .text._HardFault_Handler
                0x08004dc4       0x10 library.a(svcHandler.o)
                0x08004dc4                _HardFault_Handler
 .text.HardFault_Handler
                0x08004dd4        0xc library.a(svcHandler.o)
                0x08004dd4                HardFault_Handler
 .text._UsageFault_Handler
                0x08004de0       0x5c library.a(svcHandler.o)
                0x08004de0                _UsageFault_Handler
 .text.UsageFault_Handler
                0x08004e3c        0xc library.a(svcHandler.o)
                0x08004e3c                UsageFault_Handler
 .text.SVC_Exception
                0x08004e48       0xd8 library.a(svcHandler.o)
                0x08004e48                SVC_Exception
 .text.SystemInit
                0x08004f20       0x4c library.a(system_stm32f4xx.o)
                0x08004f20                SystemInit
 .text.TS_Init  0x08004f6c       0x2c library.a(touch.o)
                0x08004f6c                TS_Init
 .text.TS_Touched
                0x08004f98       0x30 library.a(touch.o)
                0x08004f98                TS_Touched
 .text.TS_GetX  0x08004fc8        0xc library.a(touch.o)
                0x08004fc8                TS_GetX
 .text.TS_GetY  0x08004fd4        0xc library.a(touch.o)
                0x08004fd4                TS_GetY
 .text          0x08004fe0      0x118 library.a(startup_stm32f429xx.o)
                0x08004fe0                Reset_Handler
                0x08005038                Default_Handler
                0x0800503a                WWDG_IRQHandler
                0x0800503c                PVD_IRQHandler
                0x0800503e                TAMP_STAMP_IRQHandler
                0x08005040                RTC_WKUP_IRQHandler
                0x08005042                FLASH_IRQHandler
                0x08005044                RCC_IRQHandler
                0x08005046                EXTI0_IRQHandler
                0x08005048                EXTI1_IRQHandler
                0x0800504a                EXTI2_IRQHandler
                0x0800504c                EXTI3_IRQHandler
                0x0800504e                EXTI4_IRQHandler
                0x08005050                DMA1_Stream0_IRQHandler
                0x08005052                DMA1_Stream1_IRQHandler
                0x08005054                DMA1_Stream2_IRQHandler
                0x08005056                DMA1_Stream3_IRQHandler
                0x08005058                DMA1_Stream4_IRQHandler
                0x0800505a                DMA1_Stream5_IRQHandler
                0x0800505c                DMA1_Stream6_IRQHandler
                0x0800505e                ADC_IRQHandler
                0x08005060                CAN1_TX_IRQHandler
                0x08005062                CAN1_RX0_IRQHandler
                0x08005064                CAN1_RX1_IRQHandler
                0x08005066                CAN1_SCE_IRQHandler
                0x08005068                EXTI9_5_IRQHandler
                0x0800506a                TIM1_BRK_TIM9_IRQHandler
                0x0800506c                TIM1_UP_TIM10_IRQHandler
                0x0800506e                TIM1_TRG_COM_TIM11_IRQHandler
                0x08005070                TIM1_CC_IRQHandler
                0x08005072                TIM2_IRQHandler
                0x08005074                TIM3_IRQHandler
                0x08005076                TIM4_IRQHandler
                0x08005078                I2C1_EV_IRQHandler
                0x0800507a                I2C1_ER_IRQHandler
                0x0800507c                I2C2_EV_IRQHandler
                0x0800507e                I2C2_ER_IRQHandler
                0x08005080                SPI1_IRQHandler
                0x08005082                SPI2_IRQHandler
                0x08005084                USART1_IRQHandler
                0x08005086                USART2_IRQHandler
                0x08005088                USART3_IRQHandler
                0x0800508a                EXTI15_10_IRQHandler
                0x0800508c                RTC_Alarm_IRQHandler
                0x0800508e                OTG_FS_WKUP_IRQHandler
                0x08005090                TIM8_BRK_TIM12_IRQHandler
                0x08005092                TIM8_UP_TIM13_IRQHandler
                0x08005094                TIM8_TRG_COM_TIM14_IRQHandler
                0x08005096                TIM8_CC_IRQHandler
                0x08005098                DMA1_Stream7_IRQHandler
                0x0800509a                FSMC_IRQHandler
                0x0800509c                SDIO_IRQHandler
                0x0800509e                TIM5_IRQHandler
                0x080050a0                SPI3_IRQHandler
                0x080050a2                UART4_IRQHandler
                0x080050a4                UART5_IRQHandler
                0x080050a6                TIM6_DAC_IRQHandler
                0x080050a8                TIM7_IRQHandler
                0x080050aa                DMA2_Stream0_IRQHandler
                0x080050ac                DMA2_Stream1_IRQHandler
                0x080050ae                DMA2_Stream2_IRQHandler
                0x080050b0                DMA2_Stream3_IRQHandler
                0x080050b2                DMA2_Stream4_IRQHandler
                0x080050b4                ETH_IRQHandler
                0x080050b6                ETH_WKUP_IRQHandler
                0x080050b8                CAN2_TX_IRQHandler
                0x080050ba                CAN2_RX0_IRQHandler
                0x080050bc                CAN2_RX1_IRQHandler
                0x080050be                CAN2_SCE_IRQHandler
                0x080050c0                OTG_FS_IRQHandler
                0x080050c2                DMA2_Stream5_IRQHandler
                0x080050c4                DMA2_Stream6_IRQHandler
                0x080050c6                DMA2_Stream7_IRQHandler
                0x080050c8                USART6_IRQHandler
                0x080050ca                I2C3_EV_IRQHandler
                0x080050cc                I2C3_ER_IRQHandler
                0x080050ce                OTG_HS_EP1_OUT_IRQHandler
                0x080050d0                OTG_HS_EP1_IN_IRQHandler
                0x080050d2                OTG_HS_WKUP_IRQHandler
                0x080050d4                OTG_HS_IRQHandler
                0x080050d6                DCMI_IRQHandler
                0x080050d8                CRYP_IRQHandler
                0x080050da                HASH_RNG_IRQHandler
                0x080050dc                FPU_IRQHandler
                0x080050de                UART7_IRQHandler
                0x080050e0                UART8_IRQHandler
                0x080050e2                SPI4_IRQHandler
                0x080050e4                SPI5_IRQHandler
                0x080050e6                SPI6_IRQHandler
                0x080050e8                SAI1_IRQHandler
                0x080050ea                LTDC_IRQHandler
                0x080050ec                LTDC_ER_IRQHandler
                0x080050ee                DMA2D_IRQHandler
 .text.ili9341_GetLcdPixelWidth
                0x080050f8        0x4 library.a(ili9341.o)
                0x080050f8                ili9341_GetLcdPixelWidth
 .text.ili9341_GetLcdPixelHeight
                0x080050fc        0x6 library.a(ili9341.o)
                0x080050fc                ili9341_GetLcdPixelHeight
 .text.ili9341_DisplayOn
                0x08005102        0x6 library.a(ili9341.o)
                0x08005102                ili9341_DisplayOn
 .text.ili9341_DisplayOff
                0x08005108        0x6 library.a(ili9341.o)
                0x08005108                ili9341_DisplayOff
 .text.ili9341_Init
                0x0800510e      0x292 library.a(ili9341.o)
                0x0800510e                ili9341_Init
 .text.ili9341_ReadID
                0x080053a0       0x12 library.a(ili9341.o)
                0x080053a0                ili9341_ReadID
 *fill*         0x080053b2        0x2 
 .text.BSP_TS_Init
                0x080053b4       0x44 library.a(stm32f429i_discovery_ts.o)
                0x080053b4                BSP_TS_Init
 .text.BSP_TS_GetState
                0x080053f8      0x138 library.a(stm32f429i_discovery_ts.o)
                0x080053f8                BSP_TS_GetState
 .text.stmpe811_Reset
                0x08005530       0x28 library.a(stmpe811.o)
                0x08005530                stmpe811_Reset
 .text.stmpe811_ReadID
                0x08005558       0x24 library.a(stmpe811.o)
                0x08005558                stmpe811_ReadID
 .text.stmpe811_TS_DetectTouch
                0x0800557c       0x38 library.a(stmpe811.o)
                0x0800557c                stmpe811_TS_DetectTouch
 .text.stmpe811_TS_GetXY
                0x080055b4       0x3c library.a(stmpe811.o)
                0x080055b4                stmpe811_TS_GetXY
 .text.stmpe811_Init
                0x080055f0       0x30 library.a(stmpe811.o)
                0x080055f0                stmpe811_Init
 .text.stmpe811_EnableGlobalIT
                0x08005620       0x1e library.a(stmpe811.o)
                0x08005620                stmpe811_EnableGlobalIT
 .text.stmpe811_DisableGlobalIT
                0x0800563e       0x1c library.a(stmpe811.o)
                0x0800563e                stmpe811_DisableGlobalIT
 .text.stmpe811_EnableITSource
                0x0800565a       0x20 library.a(stmpe811.o)
                0x0800565a                stmpe811_EnableITSource
 .text.stmpe811_TS_EnableIT
                0x0800567a       0x1c library.a(stmpe811.o)
                0x0800567a                stmpe811_TS_EnableIT
 .text.stmpe811_DisableITSource
                0x08005696       0x20 library.a(stmpe811.o)
                0x08005696                stmpe811_DisableITSource
 .text.stmpe811_TS_DisableIT
                0x080056b6       0x14 library.a(stmpe811.o)
                0x080056b6                stmpe811_TS_DisableIT
 .text.stmpe811_ReadGITStatus
                0x080056ca       0x10 library.a(stmpe811.o)
                0x080056ca                stmpe811_ReadGITStatus
 .text.stmpe811_TS_ITStatus
                0x080056da        0x6 library.a(stmpe811.o)
                0x080056da                stmpe811_TS_ITStatus
 .text.stmpe811_ClearGlobalIT
                0x080056e0        0xa library.a(stmpe811.o)
                0x080056e0                stmpe811_ClearGlobalIT
 .text.stmpe811_TS_ClearIT
                0x080056ea        0x6 library.a(stmpe811.o)
                0x080056ea                stmpe811_TS_ClearIT
 .text.stmpe811_IO_EnableAF
                0x080056f0       0x20 library.a(stmpe811.o)
                0x080056f0                stmpe811_IO_EnableAF
 .text.stmpe811_TS_Start
                0x08005710       0xa4 library.a(stmpe811.o)
                0x08005710                stmpe811_TS_Start
 .text.exit     0x080057b4       0x1c /Applications/ArmGNUToolchain/13.2.Rel1/arm-none-eabi/bin/../lib/gcc/arm-none-eabi/13.2.1/../../../../arm-none-eabi/lib/thumb/v7e-m+fp/hard/libc.a(libc_a-exit.o)
                0x080057b4                exit
 .text.__sprint_r.part.0
                0x080057d0       0x78 /Applications/ArmGNUToolchain/13.2.Rel1/arm-none-eabi/bin/../lib/gcc/arm-none-eabi/13.2.1/../../../../arm-none-eabi/lib/thumb/v7e-m+fp/hard/libc.a(libc_a-vfiprintf.o)
 .text._vfiprintf_r
                0x08005848     0x1008 /Applications/ArmGNUToolchain/13.2.Rel1/arm-none-eabi/bin/../lib/gcc/arm-none-eabi/13.2.1/../../../../arm-none-eabi/lib/thumb/v7e-m+fp/hard/libc.a(libc_a-vfiprintf.o)
                0x08005848                _vfiprintf_r
 .text.__sbprintf
                0x08006850       0x80 /Applications/ArmGNUToolchain/13.2.Rel1/arm-none-eabi/bin/../lib/gcc/arm-none-eabi/13.2.1/../../../../arm-none-eabi/lib/thumb/v7e-m+fp/hard/libc.a(libc_a-vfiprintf.o)
 .text.__sflush_r
                0x080068d0      0x138 /Applications/ArmGNUToolchain/13.2.Rel1/arm-none-eabi/bin/../lib/gcc/arm-none-eabi/13.2.1/../../../../arm-none-eabi/lib/thumb/v7e-m+fp/hard/libc.a(libc_a-fflush.o)
                0x080068d0                __sflush_r
 .text._fflush_r
                0x08006a08       0x54 /Applications/ArmGNUToolchain/13.2.Rel1/arm-none-eabi/bin/../lib/gcc/arm-none-eabi/13.2.1/../../../../arm-none-eabi/lib/thumb/v7e-m+fp/hard/libc.a(libc_a-fflush.o)
                0x08006a08                _fflush_r
 .text.sprintf  0x08006a5c       0x40 /Applications/ArmGNUToolchain/13.2.Rel1/arm-none-eabi/bin/../lib/gcc/arm-none-eabi/13.2.1/../../../../arm-none-eabi/lib/thumb/v7e-m+fp/hard/libc.a(libc_a-sprintf.o)
                0x08006a5c                sprintf
 .text.stdio_exit_handler
                0x08006a9c       0x18 /Applications/ArmGNUToolchain/13.2.Rel1/arm-none-eabi/bin/../lib/gcc/arm-none-eabi/13.2.1/../../../../arm-none-eabi/lib/thumb/v7e-m+fp/hard/libc.a(libc_a-findfp.o)
 .text.cleanup_stdio
                0x08006ab4       0x40 /Applications/ArmGNUToolchain/13.2.Rel1/arm-none-eabi/bin/../lib/gcc/arm-none-eabi/13.2.1/../../../../arm-none-eabi/lib/thumb/v7e-m+fp/hard/libc.a(libc_a-findfp.o)
 .text.global_stdio_init.part.0
                0x08006af4       0xf0 /Applications/ArmGNUToolchain/13.2.Rel1/arm-none-eabi/bin/../lib/gcc/arm-none-eabi/13.2.1/../../../../arm-none-eabi/lib/thumb/v7e-m+fp/hard/libc.a(libc_a-findfp.o)
 .text.__sinit  0x08006be4       0x3c /Applications/ArmGNUToolchain/13.2.Rel1/arm-none-eabi/bin/../lib/gcc/arm-none-eabi/13.2.1/../../../../arm-none-eabi/lib/thumb/v7e-m+fp/hard/libc.a(libc_a-findfp.o)
                0x08006be4                __sinit
 .text.__sfp_lock_acquire
                0x08006c20        0xc /Applications/ArmGNUToolchain/13.2.Rel1/arm-none-eabi/bin/../lib/gcc/arm-none-eabi/13.2.1/../../../../arm-none-eabi/lib/thumb/v7e-m+fp/hard/libc.a(libc_a-findfp.o)
                0x08006c20                __sfp_lock_acquire
 .text.__sfp_lock_release
                0x08006c2c        0xc /Applications/ArmGNUToolchain/13.2.Rel1/arm-none-eabi/bin/../lib/gcc/arm-none-eabi/13.2.1/../../../../arm-none-eabi/lib/thumb/v7e-m+fp/hard/libc.a(libc_a-findfp.o)
                0x08006c2c                __sfp_lock_release
 .text.__sfvwrite_r
                0x08006c38      0x300 /Applications/ArmGNUToolchain/13.2.Rel1/arm-none-eabi/bin/../lib/gcc/arm-none-eabi/13.2.1/../../../../arm-none-eabi/lib/thumb/v7e-m+fp/hard/libc.a(libc_a-fvwrite.o)
                0x08006c38                __sfvwrite_r
 .text._fwalk_sglue
                0x08006f38       0x44 /Applications/ArmGNUToolchain/13.2.Rel1/arm-none-eabi/bin/../lib/gcc/arm-none-eabi/13.2.1/../../../../arm-none-eabi/lib/thumb/v7e-m+fp/hard/libc.a(libc_a-fwalk.o)
                0x08006f38                _fwalk_sglue
 .text.__swsetup_r
                0x08006f7c       0xc4 /Applications/ArmGNUToolchain/13.2.Rel1/arm-none-eabi/bin/../lib/gcc/arm-none-eabi/13.2.1/../../../../arm-none-eabi/lib/thumb/v7e-m+fp/hard/libc.a(libc_a-wsetup.o)
                0x08006f7c                __swsetup_r
 .text.__fputwc
                0x08007040       0x7c /Applications/ArmGNUToolchain/13.2.Rel1/arm-none-eabi/bin/../lib/gcc/arm-none-eabi/13.2.1/../../../../arm-none-eabi/lib/thumb/v7e-m+fp/hard/libc.a(libc_a-fputwc.o)
                0x08007040                __fputwc
 .text._fputwc_r
                0x080070bc       0x60 /Applications/ArmGNUToolchain/13.2.Rel1/arm-none-eabi/bin/../lib/gcc/arm-none-eabi/13.2.1/../../../../arm-none-eabi/lib/thumb/v7e-m+fp/hard/libc.a(libc_a-fputwc.o)
                0x080070bc                _fputwc_r
 .text.memmove  0x0800711c      0x100 /Applications/ArmGNUToolchain/13.2.Rel1/arm-none-eabi/bin/../lib/gcc/arm-none-eabi/13.2.1/../../../../arm-none-eabi/lib/thumb/v7e-m+fp/hard/libc.a(libc_a-memmove.o)
                0x0800711c                memmove
 .text.memset   0x0800721c       0xa4 /Applications/ArmGNUToolchain/13.2.Rel1/arm-none-eabi/bin/../lib/gcc/arm-none-eabi/13.2.1/../../../../arm-none-eabi/lib/thumb/v7e-m+fp/hard/libc.a(libc_a-memset.o)
                0x0800721c                memset
 .text.strcat   0x080072c0       0x40 /Applications/ArmGNUToolchain/13.2.Rel1/arm-none-eabi/bin/../lib/gcc/arm-none-eabi/13.2.1/../../../../arm-none-eabi/lib/thumb/v7e-m+fp/hard/libc.a(libc_a-strcat.o)
                0x080072c0                strcat
 .text.strncpy  0x08007300       0x68 /Applications/ArmGNUToolchain/13.2.Rel1/arm-none-eabi/bin/../lib/gcc/arm-none-eabi/13.2.1/../../../../arm-none-eabi/lib/thumb/v7e-m+fp/hard/libc.a(libc_a-strncpy.o)
                0x08007300                strncpy
 .text.__locale_mb_cur_max
                0x08007368        0xc /Applications/ArmGNUToolchain/13.2.Rel1/arm-none-eabi/bin/../lib/gcc/arm-none-eabi/13.2.1/../../../../arm-none-eabi/lib/thumb/v7e-m+fp/hard/libc.a(libc_a-locale.o)
                0x08007368                __locale_mb_cur_max
 .text._localeconv_r
                0x08007374        0x8 /Applications/ArmGNUToolchain/13.2.Rel1/arm-none-eabi/bin/../lib/gcc/arm-none-eabi/13.2.1/../../../../arm-none-eabi/lib/thumb/v7e-m+fp/hard/libc.a(libc_a-localeconv.o)
                0x08007374                _localeconv_r
 .text.strcpy   0x0800737c       0xbc /Applications/ArmGNUToolchain/13.2.Rel1/arm-none-eabi/bin/../lib/gcc/arm-none-eabi/13.2.1/../../../../arm-none-eabi/lib/thumb/v7e-m+fp/hard/libc.a(libc_a-strcpy.o)
                0x0800737c                strcpy
 .text.__libc_init_array
                0x08007438       0x50 /Applications/ArmGNUToolchain/13.2.Rel1/arm-none-eabi/bin/../lib/gcc/arm-none-eabi/13.2.1/../../../../arm-none-eabi/lib/thumb/v7e-m+fp/hard/libc.a(libc_a-init.o)
                0x08007438                __libc_init_array
 .text.__retarget_lock_init_recursive
                0x08007488        0x4 /Applications/ArmGNUToolchain/13.2.Rel1/arm-none-eabi/bin/../lib/gcc/arm-none-eabi/13.2.1/../../../../arm-none-eabi/lib/thumb/v7e-m+fp/hard/libc.a(libc_a-lock.o)
                0x08007488                __retarget_lock_init_recursive
 .text.__retarget_lock_close_recursive
                0x0800748c        0x4 /Applications/ArmGNUToolchain/13.2.Rel1/arm-none-eabi/bin/../lib/gcc/arm-none-eabi/13.2.1/../../../../arm-none-eabi/lib/thumb/v7e-m+fp/hard/libc.a(libc_a-lock.o)
                0x0800748c                __retarget_lock_close_recursive
 .text.__retarget_lock_acquire_recursive
                0x08007490        0x4 /Applications/ArmGNUToolchain/13.2.Rel1/arm-none-eabi/bin/../lib/gcc/arm-none-eabi/13.2.1/../../../../arm-none-eabi/lib/thumb/v7e-m+fp/hard/libc.a(libc_a-lock.o)
                0x08007490                __retarget_lock_acquire_recursive
 .text.__retarget_lock_release_recursive
                0x08007494        0x4 /Applications/ArmGNUToolchain/13.2.Rel1/arm-none-eabi/bin/../lib/gcc/arm-none-eabi/13.2.1/../../../../arm-none-eabi/lib/thumb/v7e-m+fp/hard/libc.a(libc_a-lock.o)
                0x08007494                __retarget_lock_release_recursive
 *fill*         0x08007498        0x8 
 .text          0x080074a0       0xa0 /Applications/ArmGNUToolchain/13.2.Rel1/arm-none-eabi/bin/../lib/gcc/arm-none-eabi/13.2.1/../../../../arm-none-eabi/lib/thumb/v7e-m+fp/hard/libc.a(libc_a-memchr.o)
                0x080074a0                memchr
 .text          0x08007540      0x134 /Applications/ArmGNUToolchain/13.2.Rel1/arm-none-eabi/bin/../lib/gcc/arm-none-eabi/13.2.1/../../../../arm-none-eabi/lib/thumb/v7e-m+fp/hard/libc.a(libc_a-memcpy.o)
                0x08007540                memcpy
 *fill*         0x08007674        0xc 
 .text          0x08007680       0xd8 /Applications/ArmGNUToolchain/13.2.Rel1/arm-none-eabi/bin/../lib/gcc/arm-none-eabi/13.2.1/../../../../arm-none-eabi/lib/thumb/v7e-m+fp/hard/libc.a(libc_a-strlen.o)
                0x08007680                strlen
 .text._wcrtomb_r
                0x08007758       0x4c /Applications/ArmGNUToolchain/13.2.Rel1/arm-none-eabi/bin/../lib/gcc/arm-none-eabi/13.2.1/../../../../arm-none-eabi/lib/thumb/v7e-m+fp/hard/libc.a(libc_a-wcrtomb.o)
                0x08007758                _wcrtomb_r
 .text._wcsrtombs_r
                0x080077a4       0x18 /Applications/ArmGNUToolchain/13.2.Rel1/arm-none-eabi/bin/../lib/gcc/arm-none-eabi/13.2.1/../../../../arm-none-eabi/lib/thumb/v7e-m+fp/hard/libc.a(libc_a-wcsrtombs.o)
                0x080077a4                _wcsrtombs_r
 .text.frexp    0x080077bc       0x64 /Applications/ArmGNUToolchain/13.2.Rel1/arm-none-eabi/bin/../lib/gcc/arm-none-eabi/13.2.1/../../../../arm-none-eabi/lib/thumb/v7e-m+fp/hard/libc.a(libm_a-s_frexp.o)
                0x080077bc                frexp
 .text.startup.register_fini
                0x08007820       0x14 /Applications/ArmGNUToolchain/13.2.Rel1/arm-none-eabi/bin/../lib/gcc/arm-none-eabi/13.2.1/../../../../arm-none-eabi/lib/thumb/v7e-m+fp/hard/libc.a(libc_a-__call_atexit.o)
 .text.__call_exitprocs
                0x08007834       0xc0 /Applications/ArmGNUToolchain/13.2.Rel1/arm-none-eabi/bin/../lib/gcc/arm-none-eabi/13.2.1/../../../../arm-none-eabi/lib/thumb/v7e-m+fp/hard/libc.a(libc_a-__call_atexit.o)
                0x08007834                __call_exitprocs
 .text.atexit   0x080078f4        0xc /Applications/ArmGNUToolchain/13.2.Rel1/arm-none-eabi/bin/../lib/gcc/arm-none-eabi/13.2.1/../../../../arm-none-eabi/lib/thumb/v7e-m+fp/hard/libc.a(libc_a-atexit.o)
                0x080078f4                atexit
 .text.quorem   0x08007900      0x12c /Applications/ArmGNUToolchain/13.2.Rel1/arm-none-eabi/bin/../lib/gcc/arm-none-eabi/13.2.1/../../../../arm-none-eabi/lib/thumb/v7e-m+fp/hard/libc.a(libc_a-dtoa.o)
 *fill*         0x08007a2c        0x4 
 .text._dtoa_r  0x08007a30      0xe80 /Applications/ArmGNUToolchain/13.2.Rel1/arm-none-eabi/bin/../lib/gcc/arm-none-eabi/13.2.1/../../../../arm-none-eabi/lib/thumb/v7e-m+fp/hard/libc.a(libc_a-dtoa.o)
                0x08007a30                _dtoa_r
 .text._malloc_trim_r
                0x080088b0       0xb8 /Applications/ArmGNUToolchain/13.2.Rel1/arm-none-eabi/bin/../lib/gcc/arm-none-eabi/13.2.1/../../../../arm-none-eabi/lib/thumb/v7e-m+fp/hard/libc.a(libc_a-freer.o)
                0x080088b0                _malloc_trim_r
 .text._free_r  0x08008968      0x1f8 /Applications/ArmGNUToolchain/13.2.Rel1/arm-none-eabi/bin/../lib/gcc/arm-none-eabi/13.2.1/../../../../arm-none-eabi/lib/thumb/v7e-m+fp/hard/libc.a(libc_a-freer.o)
                0x08008968                _free_r
 .text._malloc_r
                0x08008b60      0x564 /Applications/ArmGNUToolchain/13.2.Rel1/arm-none-eabi/bin/../lib/gcc/arm-none-eabi/13.2.1/../../../../arm-none-eabi/lib/thumb/v7e-m+fp/hard/libc.a(libc_a-mallocr.o)
                0x08008b60                _malloc_r
 .text.__ascii_mbtowc
                0x080090c4       0x2c /Applications/ArmGNUToolchain/13.2.Rel1/arm-none-eabi/bin/../lib/gcc/arm-none-eabi/13.2.1/../../../../arm-none-eabi/lib/thumb/v7e-m+fp/hard/libc.a(libc_a-mbtowc_r.o)
                0x080090c4                __ascii_mbtowc
 .text._svfprintf_r
                0x080090f0     0x1b3c /Applications/ArmGNUToolchain/13.2.Rel1/arm-none-eabi/bin/../lib/gcc/arm-none-eabi/13.2.1/../../../../arm-none-eabi/lib/thumb/v7e-m+fp/hard/libc.a(libc_a-svfprintf.o)
                0x080090f0                _svfprintf_r
 .text.__smakebuf_r
                0x0800ac2c       0xdc /Applications/ArmGNUToolchain/13.2.Rel1/arm-none-eabi/bin/../lib/gcc/arm-none-eabi/13.2.1/../../../../arm-none-eabi/lib/thumb/v7e-m+fp/hard/libc.a(libc_a-makebuf.o)
                0x0800ac2c                __smakebuf_r
 .text.__malloc_lock
                0x0800ad08        0xc /Applications/ArmGNUToolchain/13.2.Rel1/arm-none-eabi/bin/../lib/gcc/arm-none-eabi/13.2.1/../../../../arm-none-eabi/lib/thumb/v7e-m+fp/hard/libc.a(libc_a-mlock.o)
                0x0800ad08                __malloc_lock
 .text.__malloc_unlock
                0x0800ad14        0xc /Applications/ArmGNUToolchain/13.2.Rel1/arm-none-eabi/bin/../lib/gcc/arm-none-eabi/13.2.1/../../../../arm-none-eabi/lib/thumb/v7e-m+fp/hard/libc.a(libc_a-mlock.o)
                0x0800ad14                __malloc_unlock
 .text._Balloc  0x0800ad20       0x4c /Applications/ArmGNUToolchain/13.2.Rel1/arm-none-eabi/bin/../lib/gcc/arm-none-eabi/13.2.1/../../../../arm-none-eabi/lib/thumb/v7e-m+fp/hard/libc.a(libc_a-mprec.o)
                0x0800ad20                _Balloc
 .text._Bfree   0x0800ad6c       0x14 /Applications/ArmGNUToolchain/13.2.Rel1/arm-none-eabi/bin/../lib/gcc/arm-none-eabi/13.2.1/../../../../arm-none-eabi/lib/thumb/v7e-m+fp/hard/libc.a(libc_a-mprec.o)
                0x0800ad6c                _Bfree
 .text.__multadd
                0x0800ad80       0xa0 /Applications/ArmGNUToolchain/13.2.Rel1/arm-none-eabi/bin/../lib/gcc/arm-none-eabi/13.2.1/../../../../arm-none-eabi/lib/thumb/v7e-m+fp/hard/libc.a(libc_a-mprec.o)
                0x0800ad80                __multadd
 .text.__hi0bits
                0x0800ae20       0x44 /Applications/ArmGNUToolchain/13.2.Rel1/arm-none-eabi/bin/../lib/gcc/arm-none-eabi/13.2.1/../../../../arm-none-eabi/lib/thumb/v7e-m+fp/hard/libc.a(libc_a-mprec.o)
                0x0800ae20                __hi0bits
 .text.__lo0bits
                0x0800ae64       0x60 /Applications/ArmGNUToolchain/13.2.Rel1/arm-none-eabi/bin/../lib/gcc/arm-none-eabi/13.2.1/../../../../arm-none-eabi/lib/thumb/v7e-m+fp/hard/libc.a(libc_a-mprec.o)
                0x0800ae64                __lo0bits
 .text.__i2b    0x0800aec4       0x5c /Applications/ArmGNUToolchain/13.2.Rel1/arm-none-eabi/bin/../lib/gcc/arm-none-eabi/13.2.1/../../../../arm-none-eabi/lib/thumb/v7e-m+fp/hard/libc.a(libc_a-mprec.o)
                0x0800aec4                __i2b
 .text.__multiply
                0x0800af20      0x16c /Applications/ArmGNUToolchain/13.2.Rel1/arm-none-eabi/bin/../lib/gcc/arm-none-eabi/13.2.1/../../../../arm-none-eabi/lib/thumb/v7e-m+fp/hard/libc.a(libc_a-mprec.o)
                0x0800af20                __multiply
 .text.__pow5mult
                0x0800b08c       0xb4 /Applications/ArmGNUToolchain/13.2.Rel1/arm-none-eabi/bin/../lib/gcc/arm-none-eabi/13.2.1/../../../../arm-none-eabi/lib/thumb/v7e-m+fp/hard/libc.a(libc_a-mprec.o)
                0x0800b08c                __pow5mult
 .text.__lshift
                0x0800b140       0xf0 /Applications/ArmGNUToolchain/13.2.Rel1/arm-none-eabi/bin/../lib/gcc/arm-none-eabi/13.2.1/../../../../arm-none-eabi/lib/thumb/v7e-m+fp/hard/libc.a(libc_a-mprec.o)
                0x0800b140                __lshift
 .text.__mcmp   0x0800b230       0x44 /Applications/ArmGNUToolchain/13.2.Rel1/arm-none-eabi/bin/../lib/gcc/arm-none-eabi/13.2.1/../../../../arm-none-eabi/lib/thumb/v7e-m+fp/hard/libc.a(libc_a-mprec.o)
                0x0800b230                __mcmp
 .text.__mdiff  0x0800b274      0x178 /Applications/ArmGNUToolchain/13.2.Rel1/arm-none-eabi/bin/../lib/gcc/arm-none-eabi/13.2.1/../../../../arm-none-eabi/lib/thumb/v7e-m+fp/hard/libc.a(libc_a-mprec.o)
                0x0800b274                __mdiff
 .text.__d2b    0x0800b3ec       0xc0 /Applications/ArmGNUToolchain/13.2.Rel1/arm-none-eabi/bin/../lib/gcc/arm-none-eabi/13.2.1/../../../../arm-none-eabi/lib/thumb/v7e-m+fp/hard/libc.a(libc_a-mprec.o)
                0x0800b3ec                __d2b
 .text._fclose_r
                0x0800b4ac       0xc0 /Applications/ArmGNUToolchain/13.2.Rel1/arm-none-eabi/bin/../lib/gcc/arm-none-eabi/13.2.1/../../../../arm-none-eabi/lib/thumb/v7e-m+fp/hard/libc.a(libc_a-fclose.o)
                0x0800b4ac                _fclose_r
 .text._realloc_r
                0x0800b56c      0x344 /Applications/ArmGNUToolchain/13.2.Rel1/arm-none-eabi/bin/../lib/gcc/arm-none-eabi/13.2.1/../../../../arm-none-eabi/lib/thumb/v7e-m+fp/hard/libc.a(libc_a-reallocr.o)
                0x0800b56c                _realloc_r
 .text.__sread  0x0800b8b0       0x24 /Applications/ArmGNUToolchain/13.2.Rel1/arm-none-eabi/bin/../lib/gcc/arm-none-eabi/13.2.1/../../../../arm-none-eabi/lib/thumb/v7e-m+fp/hard/libc.a(libc_a-stdio.o)
                0x0800b8b0                __sread
 .text.__swrite
                0x0800b8d4       0x40 /Applications/ArmGNUToolchain/13.2.Rel1/arm-none-eabi/bin/../lib/gcc/arm-none-eabi/13.2.1/../../../../arm-none-eabi/lib/thumb/v7e-m+fp/hard/libc.a(libc_a-stdio.o)
                0x0800b8d4                __swrite
 .text.__sseek  0x0800b914       0x24 /Applications/ArmGNUToolchain/13.2.Rel1/arm-none-eabi/bin/../lib/gcc/arm-none-eabi/13.2.1/../../../../arm-none-eabi/lib/thumb/v7e-m+fp/hard/libc.a(libc_a-stdio.o)
                0x0800b914                __sseek
 .text.__sclose
                0x0800b938        0x8 /Applications/ArmGNUToolchain/13.2.Rel1/arm-none-eabi/bin/../lib/gcc/arm-none-eabi/13.2.1/../../../../arm-none-eabi/lib/thumb/v7e-m+fp/hard/libc.a(libc_a-stdio.o)
                0x0800b938                __sclose
 .text.__ascii_wctomb
                0x0800b940       0x1c /Applications/ArmGNUToolchain/13.2.Rel1/arm-none-eabi/bin/../lib/gcc/arm-none-eabi/13.2.1/../../../../arm-none-eabi/lib/thumb/v7e-m+fp/hard/libc.a(libc_a-wctomb_r.o)
                0x0800b940                __ascii_wctomb
 .text.__swbuf_r
                0x0800b95c       0xac /Applications/ArmGNUToolchain/13.2.Rel1/arm-none-eabi/bin/../lib/gcc/arm-none-eabi/13.2.1/../../../../arm-none-eabi/lib/thumb/v7e-m+fp/hard/libc.a(libc_a-wbuf.o)
                0x0800b95c                __swbuf_r
 .text._close_r
                0x0800ba08       0x24 /Applications/ArmGNUToolchain/13.2.Rel1/arm-none-eabi/bin/../lib/gcc/arm-none-eabi/13.2.1/../../../../arm-none-eabi/lib/thumb/v7e-m+fp/hard/libc.a(libc_a-closer.o)
                0x0800ba08                _close_r
 .text._fstat_r
                0x0800ba2c       0x2c /Applications/ArmGNUToolchain/13.2.Rel1/arm-none-eabi/bin/../lib/gcc/arm-none-eabi/13.2.1/../../../../arm-none-eabi/lib/thumb/v7e-m+fp/hard/libc.a(libc_a-fstatr.o)
                0x0800ba2c                _fstat_r
 .text._isatty_r
                0x0800ba58       0x24 /Applications/ArmGNUToolchain/13.2.Rel1/arm-none-eabi/bin/../lib/gcc/arm-none-eabi/13.2.1/../../../../arm-none-eabi/lib/thumb/v7e-m+fp/hard/libc.a(libc_a-isattyr.o)
                0x0800ba58                _isatty_r
 .text._lseek_r
                0x0800ba7c       0x2c /Applications/ArmGNUToolchain/13.2.Rel1/arm-none-eabi/bin/../lib/gcc/arm-none-eabi/13.2.1/../../../../arm-none-eabi/lib/thumb/v7e-m+fp/hard/libc.a(libc_a-lseekr.o)
                0x0800ba7c                _lseek_r
 .text._read_r  0x0800baa8       0x2c /Applications/ArmGNUToolchain/13.2.Rel1/arm-none-eabi/bin/../lib/gcc/arm-none-eabi/13.2.1/../../../../arm-none-eabi/lib/thumb/v7e-m+fp/hard/libc.a(libc_a-readr.o)
                0x0800baa8                _read_r
 .text._sbrk_r  0x0800bad4       0x24 /Applications/ArmGNUToolchain/13.2.Rel1/arm-none-eabi/bin/../lib/gcc/arm-none-eabi/13.2.1/../../../../arm-none-eabi/lib/thumb/v7e-m+fp/hard/libc.a(libc_a-sbrkr.o)
                0x0800bad4                _sbrk_r
 .text._write_r
                0x0800baf8       0x2c /Applications/ArmGNUToolchain/13.2.Rel1/arm-none-eabi/bin/../lib/gcc/arm-none-eabi/13.2.1/../../../../arm-none-eabi/lib/thumb/v7e-m+fp/hard/libc.a(libc_a-writer.o)
                0x0800baf8                _write_r
 .text.__errno  0x0800bb24        0xc /Applications/ArmGNUToolchain/13.2.Rel1/arm-none-eabi/bin/../lib/gcc/arm-none-eabi/13.2.1/../../../../arm-none-eabi/lib/thumb/v7e-m+fp/hard/libc.a(libc_a-errno.o)
                0x0800bb24                __errno
 .text.sysconf  0x0800bb30       0x1c /Applications/ArmGNUToolchain/13.2.Rel1/arm-none-eabi/bin/../lib/gcc/arm-none-eabi/13.2.1/../../../../arm-none-eabi/lib/thumb/v7e-m+fp/hard/libc.a(libc_a-sysconf.o)
                0x0800bb30                sysconf
 .text.__libc_fini_array
                0x0800bb4c       0x28 /Applications/ArmGNUToolchain/13.2.Rel1/arm-none-eabi/bin/../lib/gcc/arm-none-eabi/13.2.1/../../../../arm-none-eabi/lib/thumb/v7e-m+fp/hard/libc.a(libc_a-fini.o)
                0x0800bb4c                __libc_fini_array
 .text._wcsnrtombs_l
                0x0800bb74       0xfc /Applications/ArmGNUToolchain/13.2.Rel1/arm-none-eabi/bin/../lib/gcc/arm-none-eabi/13.2.1/../../../../arm-none-eabi/lib/thumb/v7e-m+fp/hard/libc.a(libc_a-wcsnrtombs.o)
                0x0800bb74                _wcsnrtombs_l
 .text._wcsnrtombs_r
                0x0800bc70       0x24 /Applications/ArmGNUToolchain/13.2.Rel1/arm-none-eabi/bin/../lib/gcc/arm-none-eabi/13.2.1/../../../../arm-none-eabi/lib/thumb/v7e-m+fp/hard/libc.a(libc_a-wcsnrtombs.o)
                0x0800bc70                _wcsnrtombs_r
 .text.__register_exitproc
                0x0800bc94       0x80 /Applications/ArmGNUToolchain/13.2.Rel1/arm-none-eabi/bin/../lib/gcc/arm-none-eabi/13.2.1/../../../../arm-none-eabi/lib/thumb/v7e-m+fp/hard/libc.a(libc_a-__atexit.o)
                0x0800bc94                __register_exitproc
 .text.__assert_func
                0x0800bd14       0x40 /Applications/ArmGNUToolchain/13.2.Rel1/arm-none-eabi/bin/../lib/gcc/arm-none-eabi/13.2.1/../../../../arm-none-eabi/lib/thumb/v7e-m+fp/hard/libc.a(libc_a-assert.o)
                0x0800bd14                __assert_func
 .text._calloc_r
                0x0800bd54       0x6c /Applications/ArmGNUToolchain/13.2.Rel1/arm-none-eabi/bin/../lib/gcc/arm-none-eabi/13.2.1/../../../../arm-none-eabi/lib/thumb/v7e-m+fp/hard/libc.a(libc_a-callocr.o)
                0x0800bd54                _calloc_r
 .text.fiprintf
                0x0800bdc0       0x28 /Applications/ArmGNUToolchain/13.2.Rel1/arm-none-eabi/bin/../lib/gcc/arm-none-eabi/13.2.1/../../../../arm-none-eabi/lib/thumb/v7e-m+fp/hard/libc.a(libc_a-fiprintf.o)
                0x0800bdc0                fiprintf
 .text.__ssprint_r
                0x0800bde8      0x108 /Applications/ArmGNUToolchain/13.2.Rel1/arm-none-eabi/bin/../lib/gcc/arm-none-eabi/13.2.1/../../../../arm-none-eabi/lib/thumb/v7e-m+fp/hard/libc.a(libc_a-svfiprintf.o)
                0x0800bde8                __ssprint_r
 .text.abort    0x0800bef0       0x10 /Applications/ArmGNUToolchain/13.2.Rel1/arm-none-eabi/bin/../lib/gcc/arm-none-eabi/13.2.1/../../../../arm-none-eabi/lib/thumb/v7e-m+fp/hard/libc.a(libc_a-abort.o)
                0x0800bef0                abort
 .text.raise    0x0800bf00       0x58 /Applications/ArmGNUToolchain/13.2.Rel1/arm-none-eabi/bin/../lib/gcc/arm-none-eabi/13.2.1/../../../../arm-none-eabi/lib/thumb/v7e-m+fp/hard/libc.a(libc_a-signal.o)
                0x0800bf00                raise
 .text._kill_r  0x0800bf58       0x2c /Applications/ArmGNUToolchain/13.2.Rel1/arm-none-eabi/bin/../lib/gcc/arm-none-eabi/13.2.1/../../../../arm-none-eabi/lib/thumb/v7e-m+fp/hard/libc.a(libc_a-signalr.o)
                0x0800bf58                _kill_r
 .text._getpid_r
                0x0800bf84        0x4 /Applications/ArmGNUToolchain/13.2.Rel1/arm-none-eabi/bin/../lib/gcc/arm-none-eabi/13.2.1/../../../../arm-none-eabi/lib/thumb/v7e-m+fp/hard/libc.a(libc_a-signalr.o)
                0x0800bf84                _getpid_r
 .text._sbrk    0x0800bf88       0x1c /Applications/ArmGNUToolchain/13.2.Rel1/arm-none-eabi/bin/../lib/gcc/arm-none-eabi/13.2.1/../../../../arm-none-eabi/lib/thumb/v7e-m+fp/hard/libnosys.a(sbrk.o)
                0x0800bf88                _sbrk
 .text._exit    0x0800bfa4        0x4 /Applications/ArmGNUToolchain/13.2.Rel1/arm-none-eabi/bin/../lib/gcc/arm-none-eabi/13.2.1/../../../../arm-none-eabi/lib/thumb/v7e-m+fp/hard/libnosys.a(_exit.o)
                0x0800bfa4                _exit
 .text          0x0800bfa8      0x378 /Applications/ArmGNUToolchain/13.2.Rel1/arm-none-eabi/bin/../lib/gcc/arm-none-eabi/13.2.1/thumb/v7e-m+fp/hard/libgcc.a(_arm_addsubdf3.o)
                0x0800bfa8                __aeabi_drsub
                0x0800bfb0                __subdf3
                0x0800bfb0                __aeabi_dsub
                0x0800bfb4                __aeabi_dadd
                0x0800bfb4                __adddf3
                0x0800c22c                __aeabi_ui2d
                0x0800c22c                __floatunsidf
                0x0800c24c                __floatsidf
                0x0800c24c                __aeabi_i2d
                0x0800c270                __extendsfdf2
                0x0800c270                __aeabi_f2d
                0x0800c2b4                __aeabi_ul2d
                0x0800c2b4                __floatundidf
                0x0800c2c4                __aeabi_l2d
                0x0800c2c4                __floatdidf
 .text          0x0800c320      0x424 /Applications/ArmGNUToolchain/13.2.Rel1/arm-none-eabi/bin/../lib/gcc/arm-none-eabi/13.2.1/thumb/v7e-m+fp/hard/libgcc.a(_arm_muldivdf3.o)
                0x0800c320                __aeabi_dmul
                0x0800c320                __muldf3
                0x0800c574                __aeabi_ddiv
                0x0800c574                __divdf3
 .text          0x0800c744      0x110 /Applications/ArmGNUToolchain/13.2.Rel1/arm-none-eabi/bin/../lib/gcc/arm-none-eabi/13.2.1/thumb/v7e-m+fp/hard/libgcc.a(_arm_cmpdf2.o)
                0x0800c744                __gedf2
                0x0800c744                __gtdf2
                0x0800c74c                __ledf2
                0x0800c74c                __ltdf2
                0x0800c754                __cmpdf2
                0x0800c754                __eqdf2
                0x0800c754                __nedf2
                0x0800c7d0                __aeabi_cdrcmple
                0x0800c7e0                __aeabi_cdcmple
                0x0800c7e0                __aeabi_cdcmpeq
                0x0800c7f0                __aeabi_dcmpeq
                0x0800c804                __aeabi_dcmplt
                0x0800c818                __aeabi_dcmple
                0x0800c82c                __aeabi_dcmpge
                0x0800c840                __aeabi_dcmpgt
 .text          0x0800c854       0x2c /Applications/ArmGNUToolchain/13.2.Rel1/arm-none-eabi/bin/../lib/gcc/arm-none-eabi/13.2.1/thumb/v7e-m+fp/hard/libgcc.a(_arm_unorddf2.o)
                0x0800c854                __aeabi_dcmpun
                0x0800c854                __unorddf2
 .text          0x0800c880       0x50 /Applications/ArmGNUToolchain/13.2.Rel1/arm-none-eabi/bin/../lib/gcc/arm-none-eabi/13.2.1/thumb/v7e-m+fp/hard/libgcc.a(_arm_fixdfsi.o)
                0x0800c880                __fixdfsi
                0x0800c880                __aeabi_d2iz
 *(.init)
 .init          0x0800c8d0        0x4 /Applications/ArmGNUToolchain/13.2.Rel1/arm-none-eabi/bin/../lib/gcc/arm-none-eabi/13.2.1/thumb/v7e-m+fp/hard/crti.o
                0x0800c8d0                _init
 .init          0x0800c8d4        0x8 /Applications/ArmGNUToolchain/13.2.Rel1/arm-none-eabi/bin/../lib/gcc/arm-none-eabi/13.2.1/thumb/v7e-m+fp/hard/crtn.o
 *(.fini)
 .fini          0x0800c8dc        0x4 /Applications/ArmGNUToolchain/13.2.Rel1/arm-none-eabi/bin/../lib/gcc/arm-none-eabi/13.2.1/thumb/v7e-m+fp/hard/crti.o
                0x0800c8dc                _fini
 .fini          0x0800c8e0        0x8 /Applications/ArmGNUToolchain/13.2.Rel1/arm-none-eabi/bin/../lib/gcc/arm-none-eabi/13.2.1/thumb/v7e-m+fp/hard/crtn.o
 *crtbegin.o(.ctors)
 *crtbegin?.o(.ctors)
 *(EXCLUDE_FILE(*crtend.o *crtend?.o) .ctors)
 *(SORT_BY_NAME(.ctors.*))
 *(.ctors)
 *crtbegin.o(.dtors)
 *crtbegin?.o(.dtors)
 *(EXCLUDE_FILE(*crtend.o *crtend?.o) .dtors)
 *(SORT_BY_NAME(.dtors.*))
 *(.dtors)
 *(.rodata*)
 .rodata.Num2Text.isra.0.str1.4
                0x0800c8e8      0x327 obj/Lab1A-Main-c.o
                                 0x19 (size before relaxing)
 .rodata.UpdateDisplay.str1.4
                0x0800cc0f        0xd obj/Lab1A-Main-c.o
 .rodata.BtnDIV.str1.4
                0x0800cc0f        0x2 obj/Lab1A-Main-c.o
 .rodata.BtnADD.str1.4
                0x0800cc0f        0x2 obj/Lab1A-Main-c.o
 .rodata.BtnMUL.str1.4
                0x0800cc0f        0x2 obj/Lab1A-Main-c.o
 .rodata.main.str1.4
                0x0800cc0f       0x1a obj/Lab1A-Main-c.o
 *fill*         0x0800cc0f        0x1 
 .rodata.fgnd.3
                0x0800cc10       0x10 obj/Lab1A-Main-c.o
 .rodata.brdr.4
                0x0800cc20       0x10 obj/Lab1A-Main-c.o
 .rodata.bgnd.5
                0x0800cc30       0x10 obj/Lab1A-Main-c.o
 .rodata.str1.4
                0x0800cc40      0x136 obj/Lab1A-Main-c.o
 .rodata.DisplayHeader.str1.1
                0x0800cc40      0x23f library.a(initialize.o)
                                 0x27 (size before relaxing)
 .rodata._write.str1.1
                0x0800ce7f        0x1 library.a(initialize.o)
 .rodata.Font12_Table
                0x0800ce7f      0x474 library.a(stm32f429i_discovery_lcd.o)
                0x0800ce7f                Font12_Table
 .rodata.Font16_Table
                0x0800d2f3      0xbe0 library.a(stm32f429i_discovery_lcd.o)
                0x0800d2f3                Font16_Table
 .rodata.Font20_Table
                0x0800ded3      0xed8 library.a(stm32f429i_discovery_lcd.o)
                0x0800ded3                Font20_Table
 .rodata.Font24_Table
                0x0800edab     0x1ab8 library.a(stm32f429i_discovery_lcd.o)
                0x0800edab                Font24_Table
 .rodata.CSWTCH.4
                0x08010863        0x7 library.a(stm32f4xx_hal_ltdc.o)
 .rodata.APBAHBPrescTable
                0x0801086a       0x10 library.a(stm32f4xx_hal_rcc.o)
                0x0801086a                APBAHBPrescTable
 .rodata.SVC_Label.str1.1
                0x0801087a        0xe library.a(svcHandler.o)
 .rodata.F32.str1.1
                0x0801087a       0x20 library.a(svcHandler.o)
 .rodata.FlPtRegs.str1.1
                0x0801087a       0x1a library.a(svcHandler.o)
 .rodata._MemManageHandler.str1.1
                0x0801087a       0x10 library.a(svcHandler.o)
 .rodata._BusFault_Handler.str1.1
                0x0801087a        0xb library.a(svcHandler.o)
 .rodata._HardFault_Handler.str1.1
                0x0801087a        0xc library.a(svcHandler.o)
 .rodata._UsageFault_Handler.str1.1
                0x0801087a       0x76 library.a(svcHandler.o)
 .rodata.SVC_Exception.str1.1
                0x0801087a       0x15 library.a(svcHandler.o)
 .rodata.str1.1
                0x0801087a      0x11e library.a(svcHandler.o)
 .rodata._vfiprintf_r.str1.4
                0x0801087a       0x2f /Applications/ArmGNUToolchain/13.2.Rel1/arm-none-eabi/bin/../lib/gcc/arm-none-eabi/13.2.1/../../../../arm-none-eabi/lib/thumb/v7e-m+fp/hard/libc.a(libc_a-vfiprintf.o)
 *fill*         0x0801087a        0x2 
 .rodata.zeroes.0
                0x0801087c       0x10 /Applications/ArmGNUToolchain/13.2.Rel1/arm-none-eabi/bin/../lib/gcc/arm-none-eabi/13.2.1/../../../../arm-none-eabi/lib/thumb/v7e-m+fp/hard/libc.a(libc_a-vfiprintf.o)
 .rodata.blanks.1
                0x0801088c       0x10 /Applications/ArmGNUToolchain/13.2.Rel1/arm-none-eabi/bin/../lib/gcc/arm-none-eabi/13.2.1/../../../../arm-none-eabi/lib/thumb/v7e-m+fp/hard/libc.a(libc_a-vfiprintf.o)
 .rodata.str1.4
                0x0801089c       0x4c /Applications/ArmGNUToolchain/13.2.Rel1/arm-none-eabi/bin/../lib/gcc/arm-none-eabi/13.2.1/../../../../arm-none-eabi/lib/thumb/v7e-m+fp/hard/libc.a(libc_a-locale.o)
 .rodata._ctype_
                0x0801089c      0x101 /Applications/ArmGNUToolchain/13.2.Rel1/arm-none-eabi/bin/../lib/gcc/arm-none-eabi/13.2.1/../../../../arm-none-eabi/lib/thumb/v7e-m+fp/hard/libc.a(libc_a-ctype_.o)
                0x0801089c                _ctype_
 .rodata._dtoa_r.str1.4
                0x0801099d       0x89 /Applications/ArmGNUToolchain/13.2.Rel1/arm-none-eabi/bin/../lib/gcc/arm-none-eabi/13.2.1/../../../../arm-none-eabi/lib/thumb/v7e-m+fp/hard/libc.a(libc_a-dtoa.o)
 .rodata._svfprintf_r.str1.4
                0x0801099d       0x42 /Applications/ArmGNUToolchain/13.2.Rel1/arm-none-eabi/bin/../lib/gcc/arm-none-eabi/13.2.1/../../../../arm-none-eabi/lib/thumb/v7e-m+fp/hard/libc.a(libc_a-svfprintf.o)
 *fill*         0x0801099d        0x3 
 .rodata.zeroes.0
                0x080109a0       0x10 /Applications/ArmGNUToolchain/13.2.Rel1/arm-none-eabi/bin/../lib/gcc/arm-none-eabi/13.2.1/../../../../arm-none-eabi/lib/thumb/v7e-m+fp/hard/libc.a(libc_a-svfprintf.o)
 .rodata.blanks.1
                0x080109b0       0x10 /Applications/ArmGNUToolchain/13.2.Rel1/arm-none-eabi/bin/../lib/gcc/arm-none-eabi/13.2.1/../../../../arm-none-eabi/lib/thumb/v7e-m+fp/hard/libc.a(libc_a-svfprintf.o)
 .rodata.__multadd.str1.4
                0x080109c0       0x76 /Applications/ArmGNUToolchain/13.2.Rel1/arm-none-eabi/bin/../lib/gcc/arm-none-eabi/13.2.1/../../../../arm-none-eabi/lib/thumb/v7e-m+fp/hard/libc.a(libc_a-mprec.o)
 .rodata.p05.0  0x080109c0        0xc /Applications/ArmGNUToolchain/13.2.Rel1/arm-none-eabi/bin/../lib/gcc/arm-none-eabi/13.2.1/../../../../arm-none-eabi/lib/thumb/v7e-m+fp/hard/libc.a(libc_a-mprec.o)
 *fill*         0x080109cc        0x4 
 .rodata.__mprec_bigtens
                0x080109d0       0x28 /Applications/ArmGNUToolchain/13.2.Rel1/arm-none-eabi/bin/../lib/gcc/arm-none-eabi/13.2.1/../../../../arm-none-eabi/lib/thumb/v7e-m+fp/hard/libc.a(libc_a-mprec.o)
                0x080109d0                __mprec_bigtens
 .rodata.__mprec_tens
                0x080109f8       0xc8 /Applications/ArmGNUToolchain/13.2.Rel1/arm-none-eabi/bin/../lib/gcc/arm-none-eabi/13.2.1/../../../../arm-none-eabi/lib/thumb/v7e-m+fp/hard/libc.a(libc_a-mprec.o)
                0x080109f8                __mprec_tens
 .rodata.__assert_func.str1.4
                0x08010ac0       0x43 /Applications/ArmGNUToolchain/13.2.Rel1/arm-none-eabi/bin/../lib/gcc/arm-none-eabi/13.2.1/../../../../arm-none-eabi/lib/thumb/v7e-m+fp/hard/libc.a(libc_a-assert.o)
 *(.eh_frame*)
 .eh_frame      0x08010ac0        0x0 /Applications/ArmGNUToolchain/13.2.Rel1/arm-none-eabi/bin/../lib/gcc/arm-none-eabi/13.2.1/thumb/v7e-m+fp/hard/crtbegin.o
 .eh_frame      0x08010ac0       0x50 /Applications/ArmGNUToolchain/13.2.Rel1/arm-none-eabi/bin/../lib/gcc/arm-none-eabi/13.2.1/../../../../arm-none-eabi/lib/thumb/v7e-m+fp/hard/libc.a(libc_a-memchr.o)
 .eh_frame      0x08010b10       0x2c /Applications/ArmGNUToolchain/13.2.Rel1/arm-none-eabi/bin/../lib/gcc/arm-none-eabi/13.2.1/../../../../arm-none-eabi/lib/thumb/v7e-m+fp/hard/libc.a(libc_a-memcpy.o)
 .eh_frame      0x08010b3c       0x34 /Applications/ArmGNUToolchain/13.2.Rel1/arm-none-eabi/bin/../lib/gcc/arm-none-eabi/13.2.1/../../../../arm-none-eabi/lib/thumb/v7e-m+fp/hard/libc.a(libc_a-strlen.o)
 .eh_frame      0x08010b70        0x4 /Applications/ArmGNUToolchain/13.2.Rel1/arm-none-eabi/bin/../lib/gcc/arm-none-eabi/13.2.1/thumb/v7e-m+fp/hard/crtend.o

.glue_7         0x08010b74        0x0
 .glue_7        0x08010b74        0x0 linker stubs

.glue_7t        0x08010b74        0x0
 .glue_7t       0x08010b74        0x0 linker stubs

.vfp11_veneer   0x08010b74        0x0
 .vfp11_veneer  0x08010b74        0x0 linker stubs

.v4_bx          0x08010b74        0x0
 .v4_bx         0x08010b74        0x0 linker stubs

.iplt           0x08010b74        0x0
 .iplt          0x08010b74        0x0 /Applications/ArmGNUToolchain/13.2.Rel1/arm-none-eabi/bin/../lib/gcc/arm-none-eabi/13.2.1/thumb/v7e-m+fp/hard/crtbegin.o

.ARM.extab
 *(.ARM.extab* .gnu.linkonce.armextab.*)
                0x08010b74                        __exidx_start = .

.ARM.exidx      0x08010b74        0x8
 *(.ARM.exidx* .gnu.linkonce.armexidx.*)
 .ARM.exidx     0x08010b74        0x8 /Applications/ArmGNUToolchain/13.2.Rel1/arm-none-eabi/bin/../lib/gcc/arm-none-eabi/13.2.1/../../../../arm-none-eabi/lib/thumb/v7e-m+fp/hard/crt0.o
                                 0x10 (size before relaxing)
 .ARM.exidx     0x08010b7c        0x0 /Applications/ArmGNUToolchain/13.2.Rel1/arm-none-eabi/bin/../lib/gcc/arm-none-eabi/13.2.1/../../../../arm-none-eabi/lib/thumb/v7e-m+fp/hard/libc.a(libc_a-memchr.o)
                                  0x8 (size before relaxing)
 .ARM.exidx     0x08010b7c        0x0 /Applications/ArmGNUToolchain/13.2.Rel1/arm-none-eabi/bin/../lib/gcc/arm-none-eabi/13.2.1/../../../../arm-none-eabi/lib/thumb/v7e-m+fp/hard/libc.a(libc_a-memcpy.o)
                                  0x8 (size before relaxing)
 .ARM.exidx     0x08010b7c        0x0 /Applications/ArmGNUToolchain/13.2.Rel1/arm-none-eabi/bin/../lib/gcc/arm-none-eabi/13.2.1/../../../../arm-none-eabi/lib/thumb/v7e-m+fp/hard/libc.a(libc_a-strlen.o)
                                  0x8 (size before relaxing)
                0x08010b7c                        __exidx_end = .
                0x08010b7c                        __etext = .

.rel.dyn        0x08010b7c        0x0
 .rel.iplt      0x08010b7c        0x0 /Applications/ArmGNUToolchain/13.2.Rel1/arm-none-eabi/bin/../lib/gcc/arm-none-eabi/13.2.1/thumb/v7e-m+fp/hard/crtbegin.o

.data           0x20000000      0xae0 load address 0x08010b7c
                0x20000000                        __data_start__ = .
 *(vtable)
 *(.data*)
 .data.prev2.1  0x20000000        0x4 obj/Lab1A-Main-c.o
 .data.message.6
                0x20000004       0x2c obj/Lab1A-Main-c.o
 .data.buttons  0x20000030      0x258 obj/Lab1A-Main-c.o
 .data.radix    0x20000288        0x4 obj/Lab1A-Main-c.o
 .data.function
                0x2000028c        0x4 obj/Lab1A-Main-c.o
 .data.BUTTON_PORT
                0x20000290        0x4 library.a(stm32f429i_discovery.o)
                0x20000290                BUTTON_PORT
 .data.I2cxTimeout
                0x20000294        0x4 library.a(stm32f429i_discovery.o)
                0x20000294                I2cxTimeout
 .data.SpixTimeout
                0x20000298        0x4 library.a(stm32f429i_discovery.o)
                0x20000298                SpixTimeout
 .data.Font12   0x2000029c        0x8 library.a(stm32f429i_discovery_lcd.o)
                0x2000029c                Font12
 .data.Font16   0x200002a4        0x8 library.a(stm32f429i_discovery_lcd.o)
                0x200002a4                Font16
 .data.Font20   0x200002ac        0x8 library.a(stm32f429i_discovery_lcd.o)
                0x200002ac                Font20
 .data.Font24   0x200002b4        0x8 library.a(stm32f429i_discovery_lcd.o)
                0x200002b4                Font24
 .data.context.0
                0x200002bc       0x20 library.a(svcHandler.o)
 .data.context.1
                0x200002dc       0x20 library.a(svcHandler.o)
 .data.context.3
                0x200002fc       0x20 library.a(svcHandler.o)
 .data.context.6
                0x2000031c       0x20 library.a(svcHandler.o)
 .data.lines.2  0x2000033c       0x30 library.a(svcHandler.o)
 .data.lines.5  0x2000036c       0x40 library.a(svcHandler.o)
 .data.SystemCoreClock
                0x200003ac        0x4 library.a(system_stm32f4xx.o)
                0x200003ac                SystemCoreClock
 .data.x        0x200003b0        0x4 library.a(touch.o)
 .data.y        0x200003b4        0x4 library.a(touch.o)
 .data.ili9341_drv
                0x200003b8       0x38 library.a(ili9341.o)
                0x200003b8                ili9341_drv
 .data.stmpe811_ts_drv
                0x200003f0       0x28 library.a(stmpe811.o)
                0x200003f0                stmpe811_ts_drv
 .data.__sglue  0x20000418        0xc /Applications/ArmGNUToolchain/13.2.Rel1/arm-none-eabi/bin/../lib/gcc/arm-none-eabi/13.2.1/../../../../arm-none-eabi/lib/thumb/v7e-m+fp/hard/libc.a(libc_a-findfp.o)
                0x20000418                __sglue
 .data.__global_locale
                0x20000424      0x16c /Applications/ArmGNUToolchain/13.2.Rel1/arm-none-eabi/bin/../lib/gcc/arm-none-eabi/13.2.1/../../../../arm-none-eabi/lib/thumb/v7e-m+fp/hard/libc.a(libc_a-locale.o)
                0x20000424                __global_locale
 .data._impure_ptr
                0x20000590        0x4 /Applications/ArmGNUToolchain/13.2.Rel1/arm-none-eabi/bin/../lib/gcc/arm-none-eabi/13.2.1/../../../../arm-none-eabi/lib/thumb/v7e-m+fp/hard/libc.a(libc_a-impure.o)
                0x20000590                _impure_ptr
 *fill*         0x20000594        0x4 
 .data._impure_data
                0x20000598      0x120 /Applications/ArmGNUToolchain/13.2.Rel1/arm-none-eabi/bin/../lib/gcc/arm-none-eabi/13.2.1/../../../../arm-none-eabi/lib/thumb/v7e-m+fp/hard/libc.a(libc_a-impure.o)
                0x20000598                _impure_data
 .data.__atexit_recursive_mutex
                0x200006b8        0x4 /Applications/ArmGNUToolchain/13.2.Rel1/arm-none-eabi/bin/../lib/gcc/arm-none-eabi/13.2.1/../../../../arm-none-eabi/lib/thumb/v7e-m+fp/hard/libc.a(libc_a-__call_atexit.o)
                0x200006b8                __atexit_recursive_mutex
 .data.__malloc_sbrk_base
                0x200006bc        0x4 /Applications/ArmGNUToolchain/13.2.Rel1/arm-none-eabi/bin/../lib/gcc/arm-none-eabi/13.2.1/../../../../arm-none-eabi/lib/thumb/v7e-m+fp/hard/libc.a(libc_a-mallocr.o)
                0x200006bc                __malloc_sbrk_base
 .data.__malloc_trim_threshold
                0x200006c0        0x4 /Applications/ArmGNUToolchain/13.2.Rel1/arm-none-eabi/bin/../lib/gcc/arm-none-eabi/13.2.1/../../../../arm-none-eabi/lib/thumb/v7e-m+fp/hard/libc.a(libc_a-mallocr.o)
                0x200006c0                __malloc_trim_threshold
 *fill*         0x200006c4        0x4 
 .data.__malloc_av_
                0x200006c8      0x408 /Applications/ArmGNUToolchain/13.2.Rel1/arm-none-eabi/bin/../lib/gcc/arm-none-eabi/13.2.1/../../../../arm-none-eabi/lib/thumb/v7e-m+fp/hard/libc.a(libc_a-mallocr.o)
                0x200006c8                __malloc_av_
                0x20000ad0                        . = ALIGN (0x4)
                0x20000ad0                        PROVIDE (__preinit_array_start = .)
 *(.preinit_array)
                0x20000ad0                        PROVIDE (__preinit_array_end = .)
                0x20000ad0                        . = ALIGN (0x4)
                0x20000ad0                        PROVIDE (__init_array_start = .)
 *(SORT_BY_NAME(.init_array.*))
 .init_array.00000
                0x20000ad0        0x4 /Applications/ArmGNUToolchain/13.2.Rel1/arm-none-eabi/bin/../lib/gcc/arm-none-eabi/13.2.1/../../../../arm-none-eabi/lib/thumb/v7e-m+fp/hard/libc.a(libc_a-__call_atexit.o)
 *(.init_array)
 .init_array    0x20000ad4        0x4 /Applications/ArmGNUToolchain/13.2.Rel1/arm-none-eabi/bin/../lib/gcc/arm-none-eabi/13.2.1/thumb/v7e-m+fp/hard/crtbegin.o
                0x20000ad8                        PROVIDE (__init_array_end = .)
                0x20000ad8                        . = ALIGN (0x8)
                0x20000ad8                        PROVIDE (__fini_array_start = .)
 *(SORT_BY_NAME(.fini_array.*))
 *(.fini_array)
 .fini_array    0x20000ad8        0x4 /Applications/ArmGNUToolchain/13.2.Rel1/arm-none-eabi/bin/../lib/gcc/arm-none-eabi/13.2.1/thumb/v7e-m+fp/hard/crtbegin.o
                0x20000adc                        PROVIDE (__fini_array_end = .)
                0x20000ae0                        . = ALIGN (0x8)
 *fill*         0x20000adc        0x4 
                0x20000ae0                        __data_end__ = .

.tm_clone_table
                0x20000ae0        0x0 load address 0x0801165c
 .tm_clone_table
                0x20000ae0        0x0 /Applications/ArmGNUToolchain/13.2.Rel1/arm-none-eabi/bin/../lib/gcc/arm-none-eabi/13.2.1/thumb/v7e-m+fp/hard/crtbegin.o
 .tm_clone_table
                0x20000ae0        0x0 /Applications/ArmGNUToolchain/13.2.Rel1/arm-none-eabi/bin/../lib/gcc/arm-none-eabi/13.2.1/thumb/v7e-m+fp/hard/crtend.o

.igot.plt       0x20000ae0        0x0 load address 0x0801165c
 .igot.plt      0x20000ae0        0x0 /Applications/ArmGNUToolchain/13.2.Rel1/arm-none-eabi/bin/../lib/gcc/arm-none-eabi/13.2.1/thumb/v7e-m+fp/hard/crtbegin.o

.bss            0x20000ae0    0x1cf98 load address 0x0801165c
                0x20000ae0                        __bss_start__ = .
 *(.bss*)
 .bss.completed.1
                0x20000ae0        0x1 /Applications/ArmGNUToolchain/13.2.Rel1/arm-none-eabi/bin/../lib/gcc/arm-none-eabi/13.2.1/thumb/v7e-m+fp/hard/crtbegin.o
 *fill*         0x20000ae1        0x3 
 .bss.object.0  0x20000ae4       0x18 /Applications/ArmGNUToolchain/13.2.Rel1/arm-none-eabi/bin/../lib/gcc/arm-none-eabi/13.2.1/thumb/v7e-m+fp/hard/crtbegin.o
 .bss.line2.0   0x20000afc       0x64 obj/Lab1A-Main-c.o
 .bss.prev1.2   0x20000b60       0x64 obj/Lab1A-Main-c.o
 .bss.line1     0x20000bc4       0x64 obj/Lab1A-Main-c.o
 .bss.op2       0x20000c28        0x4 obj/Lab1A-Main-c.o
 .bss.op1       0x20000c2c        0x4 obj/Lab1A-Main-c.o
 .bss.__fixts__
                0x20000c30        0x4 obj/Lab1A-Main-c.o
                0x20000c30                __fixts__
 .bss.buffer    0x20000c34      0x620 library.a(initialize.o)
 .bss.txtCol    0x20001254        0x4 library.a(initialize.o)
 .bss.txtRow    0x20001258        0x4 library.a(initialize.o)
 .bss.I2cHandle
                0x2000125c       0x3c library.a(stm32f429i_discovery.o)
                0x2000125c                I2cHandle
 .bss.Is_LCD_IO_Initialized
                0x20001298        0x1 library.a(stm32f429i_discovery.o)
 *fill*         0x20001299        0x3 
 .bss.SpiHandle
                0x2000129c       0x58 library.a(stm32f429i_discovery.o)
 .bss.ActiveLayer
                0x200012f4        0x4 library.a(stm32f429i_discovery_lcd.o)
 .bss.Dma2dHandler
                0x200012f8       0x40 library.a(stm32f429i_discovery_lcd.o)
 .bss.DrawProp  0x20001338       0x18 library.a(stm32f429i_discovery_lcd.o)
 .bss.LcdDrv    0x20001350        0x4 library.a(stm32f429i_discovery_lcd.o)
                0x20001350                LcdDrv
 .bss.LtdcHandler
                0x20001354       0xa8 library.a(stm32f429i_discovery_lcd.o)
 .bss.PeriphClkInitStruct
                0x200013fc       0x30 library.a(stm32f429i_discovery_lcd.o)
 .bss.Command   0x2000142c       0x10 library.a(stm32f429i_discovery_sdram.o)
 .bss.SdramHandle
                0x2000143c       0x34 library.a(stm32f429i_discovery_sdram.o)
 .bss.Timing    0x20001470       0x1c library.a(stm32f429i_discovery_sdram.o)
 .bss.dmaHandle.0
                0x2000148c       0x50 library.a(stm32f429i_discovery_sdram.o)
 .bss.uwTick    0x200014dc        0x4 library.a(stm32f4xx_hal.o)
 .bss.rgb       0x200014e0    0x1c200 library.a(svcHandler.o)
                0x200014e0                rgb
 .bss.text.4    0x2001d6e0       0x64 library.a(svcHandler.o)
 .bss.TsDrv     0x2001d744        0x4 library.a(stm32f429i_discovery_ts.o)
 .bss.TsXBoundary
                0x2001d748        0x2 library.a(stm32f429i_discovery_ts.o)
 .bss.TsYBoundary
                0x2001d74a        0x2 library.a(stm32f429i_discovery_ts.o)
 .bss._x.1      0x2001d74c        0x4 library.a(stm32f429i_discovery_ts.o)
 .bss._y.0      0x2001d750        0x4 library.a(stm32f429i_discovery_ts.o)
 .bss.checked.3
                0x2001d754        0x4 library.a(stm32f429i_discovery_ts.o)
 .bss.reversed.2
                0x2001d758        0x4 library.a(stm32f429i_discovery_ts.o)
 .bss.stmpe811  0x2001d75c        0x2 library.a(stmpe811.o)
                0x2001d75c                stmpe811
 *fill*         0x2001d75e        0x2 
 .bss.__sf      0x2001d760      0x138 /Applications/ArmGNUToolchain/13.2.Rel1/arm-none-eabi/bin/../lib/gcc/arm-none-eabi/13.2.1/../../../../arm-none-eabi/lib/thumb/v7e-m+fp/hard/libc.a(libc_a-findfp.o)
                0x2001d760                __sf
 .bss.__stdio_exit_handler
                0x2001d898        0x4 /Applications/ArmGNUToolchain/13.2.Rel1/arm-none-eabi/bin/../lib/gcc/arm-none-eabi/13.2.1/../../../../arm-none-eabi/lib/thumb/v7e-m+fp/hard/libc.a(libc_a-findfp.o)
                0x2001d898                __stdio_exit_handler
 .bss.__lock___malloc_recursive_mutex
                0x2001d89c        0x1 /Applications/ArmGNUToolchain/13.2.Rel1/arm-none-eabi/bin/../lib/gcc/arm-none-eabi/13.2.1/../../../../arm-none-eabi/lib/thumb/v7e-m+fp/hard/libc.a(libc_a-lock.o)
                0x2001d89c                __lock___malloc_recursive_mutex
 *fill*         0x2001d89d        0x3 
 .bss.__lock___atexit_recursive_mutex
                0x2001d8a0        0x1 /Applications/ArmGNUToolchain/13.2.Rel1/arm-none-eabi/bin/../lib/gcc/arm-none-eabi/13.2.1/../../../../arm-none-eabi/lib/thumb/v7e-m+fp/hard/libc.a(libc_a-lock.o)
                0x2001d8a0                __lock___atexit_recursive_mutex
 *fill*         0x2001d8a1        0x3 
 .bss.__lock___sfp_recursive_mutex
                0x2001d8a4        0x1 /Applications/ArmGNUToolchain/13.2.Rel1/arm-none-eabi/bin/../lib/gcc/arm-none-eabi/13.2.1/../../../../arm-none-eabi/lib/thumb/v7e-m+fp/hard/libc.a(libc_a-lock.o)
                0x2001d8a4                __lock___sfp_recursive_mutex
 *fill*         0x2001d8a5        0x3 
 .bss.__atexit  0x2001d8a8        0x4 /Applications/ArmGNUToolchain/13.2.Rel1/arm-none-eabi/bin/../lib/gcc/arm-none-eabi/13.2.1/../../../../arm-none-eabi/lib/thumb/v7e-m+fp/hard/libc.a(libc_a-__call_atexit.o)
                0x2001d8a8                __atexit
 .bss.__malloc_current_mallinfo
                0x2001d8ac       0x28 /Applications/ArmGNUToolchain/13.2.Rel1/arm-none-eabi/bin/../lib/gcc/arm-none-eabi/13.2.1/../../../../arm-none-eabi/lib/thumb/v7e-m+fp/hard/libc.a(libc_a-mallocr.o)
                0x2001d8ac                __malloc_current_mallinfo
 .bss.__malloc_max_total_mem
                0x2001d8d4        0x4 /Applications/ArmGNUToolchain/13.2.Rel1/arm-none-eabi/bin/../lib/gcc/arm-none-eabi/13.2.1/../../../../arm-none-eabi/lib/thumb/v7e-m+fp/hard/libc.a(libc_a-mallocr.o)
                0x2001d8d4                __malloc_max_total_mem
 .bss.__malloc_max_sbrked_mem
                0x2001d8d8        0x4 /Applications/ArmGNUToolchain/13.2.Rel1/arm-none-eabi/bin/../lib/gcc/arm-none-eabi/13.2.1/../../../../arm-none-eabi/lib/thumb/v7e-m+fp/hard/libc.a(libc_a-mallocr.o)
                0x2001d8d8                __malloc_max_sbrked_mem
 .bss.__malloc_top_pad
                0x2001d8dc        0x4 /Applications/ArmGNUToolchain/13.2.Rel1/arm-none-eabi/bin/../lib/gcc/arm-none-eabi/13.2.1/../../../../arm-none-eabi/lib/thumb/v7e-m+fp/hard/libc.a(libc_a-mallocr.o)
                0x2001d8dc                __malloc_top_pad
 .bss.errno     0x2001d8e0        0x4 /Applications/ArmGNUToolchain/13.2.Rel1/arm-none-eabi/bin/../lib/gcc/arm-none-eabi/13.2.1/../../../../arm-none-eabi/lib/thumb/v7e-m+fp/hard/libc.a(libc_a-reent.o)
                0x2001d8e0                errno
 .bss.__atexit0
                0x2001d8e4      0x190 /Applications/ArmGNUToolchain/13.2.Rel1/arm-none-eabi/bin/../lib/gcc/arm-none-eabi/13.2.1/../../../../arm-none-eabi/lib/thumb/v7e-m+fp/hard/libc.a(libc_a-__atexit.o)
                0x2001d8e4                __atexit0
 .bss.heap_end.0
                0x2001da74        0x4 /Applications/ArmGNUToolchain/13.2.Rel1/arm-none-eabi/bin/../lib/gcc/arm-none-eabi/13.2.1/../../../../arm-none-eabi/lib/thumb/v7e-m+fp/hard/libnosys.a(sbrk.o)
 *(COMMON)
                0x2001da78                        __bss_end__ = .

.ccm            0x10000000        0x0
                0x10000000                        . = ALIGN (0x4)
                0x10000000                        __ccm_start__ = .
 *(.ccm*)
                0x10000000                        . = ALIGN (0x4)
                0x10000000                        __ccm_end__ = .

.heap           0x10000000      0xc00
                0x10000000                        __end__ = .
                0x10000000                        end = __end__
 *(.heap*)
 .heap          0x10000000      0xc00 library.a(startup_stm32f429xx.o)
                0x10000000                __HeapBase
                0x10000c00                        __HeapLimit = .

.stack_dummy    0x10000000     0x1000
 *(.stack)
 .stack         0x10000000     0x1000 library.a(startup_stm32f429xx.o)
                0x10010000                        __StackTop = (ORIGIN (CCM) + LENGTH (CCM))
                0x1000f000                        __StackLimit = (__StackTop - SIZEOF (.stack_dummy))
                0x10010000                        PROVIDE (__stack = __StackTop)
                0x00000001                        ASSERT ((__StackLimit >= __HeapLimit), region CCM overflowed with stack)
OUTPUT(output.elf elf32-littlearm)
LOAD linker stubs

.ARM.attributes
                0x00000000       0x30
 .ARM.attributes
                0x00000000       0x22 /Applications/ArmGNUToolchain/13.2.Rel1/arm-none-eabi/bin/../lib/gcc/arm-none-eabi/13.2.1/thumb/v7e-m+fp/hard/crti.o
 .ARM.attributes
                0x00000022       0x34 /Applications/ArmGNUToolchain/13.2.Rel1/arm-none-eabi/bin/../lib/gcc/arm-none-eabi/13.2.1/thumb/v7e-m+fp/hard/crtbegin.o
 .ARM.attributes
                0x00000056       0x20 /Applications/ArmGNUToolchain/13.2.Rel1/arm-none-eabi/bin/../lib/gcc/arm-none-eabi/13.2.1/../../../../arm-none-eabi/lib/thumb/v7e-m+fp/hard/crt0.o
 .ARM.attributes
                0x00000076       0x34 obj/Lab1A-Main-c.o
 .ARM.attributes
                0x000000aa       0x25 obj/Lab1A-Calculator-s.o
 .ARM.attributes
                0x000000cf       0x34 library.a(initialize.o)
 .ARM.attributes
                0x00000103       0x34 library.a(stm32f429i_discovery.o)
 .ARM.attributes
                0x00000137       0x34 library.a(stm32f429i_discovery_lcd.o)
 .ARM.attributes
                0x0000016b       0x34 library.a(stm32f429i_discovery_sdram.o)
 .ARM.attributes
                0x0000019f       0x34 library.a(stm32f4xx_hal.o)
 .ARM.attributes
                0x000001d3       0x34 library.a(stm32f4xx_hal_cortex.o)
 .ARM.attributes
                0x00000207       0x34 library.a(stm32f4xx_hal_dma.o)
 .ARM.attributes
                0x0000023b       0x34 library.a(stm32f4xx_hal_dma2d.o)
 .ARM.attributes
                0x0000026f       0x34 library.a(stm32f4xx_hal_gpio.o)
 .ARM.attributes
                0x000002a3       0x34 library.a(stm32f4xx_hal_i2c.o)
 .ARM.attributes
                0x000002d7       0x34 library.a(stm32f4xx_hal_ltdc.o)
 .ARM.attributes
                0x0000030b       0x34 library.a(stm32f4xx_hal_rcc.o)
 .ARM.attributes
                0x0000033f       0x34 library.a(stm32f4xx_hal_rcc_ex.o)
 .ARM.attributes
                0x00000373       0x34 library.a(stm32f4xx_hal_sdram.o)
 .ARM.attributes
                0x000003a7       0x34 library.a(stm32f4xx_hal_spi.o)
 .ARM.attributes
                0x000003db       0x34 library.a(stm32f4xx_it.o)
 .ARM.attributes
                0x0000040f       0x34 library.a(stm32f4xx_ll_fmc.o)
 .ARM.attributes
                0x00000443       0x34 library.a(svcHandler.o)
 .ARM.attributes
                0x00000477       0x34 library.a(system_stm32f4xx.o)
 .ARM.attributes
                0x000004ab       0x34 library.a(touch.o)
 .ARM.attributes
                0x000004df       0x1f library.a(startup_stm32f429xx.o)
 .ARM.attributes
                0x000004fe       0x34 library.a(ili9341.o)
 .ARM.attributes
                0x00000532       0x34 library.a(stm32f429i_discovery_ts.o)
 .ARM.attributes
                0x00000566       0x34 library.a(stmpe811.o)
 .ARM.attributes
                0x0000059a       0x34 /Applications/ArmGNUToolchain/13.2.Rel1/arm-none-eabi/bin/../lib/gcc/arm-none-eabi/13.2.1/../../../../arm-none-eabi/lib/thumb/v7e-m+fp/hard/libc.a(libc_a-exit.o)
 .ARM.attributes
                0x000005ce       0x34 /Applications/ArmGNUToolchain/13.2.Rel1/arm-none-eabi/bin/../lib/gcc/arm-none-eabi/13.2.1/../../../../arm-none-eabi/lib/thumb/v7e-m+fp/hard/libc.a(libc_a-vfiprintf.o)
 .ARM.attributes
                0x00000602       0x34 /Applications/ArmGNUToolchain/13.2.Rel1/arm-none-eabi/bin/../lib/gcc/arm-none-eabi/13.2.1/../../../../arm-none-eabi/lib/thumb/v7e-m+fp/hard/libc.a(libc_a-fflush.o)
 .ARM.attributes
                0x00000636       0x34 /Applications/ArmGNUToolchain/13.2.Rel1/arm-none-eabi/bin/../lib/gcc/arm-none-eabi/13.2.1/../../../../arm-none-eabi/lib/thumb/v7e-m+fp/hard/libc.a(libc_a-sprintf.o)
 .ARM.attributes
                0x0000066a       0x34 /Applications/ArmGNUToolchain/13.2.Rel1/arm-none-eabi/bin/../lib/gcc/arm-none-eabi/13.2.1/../../../../arm-none-eabi/lib/thumb/v7e-m+fp/hard/libc.a(libc_a-findfp.o)
 .ARM.attributes
                0x0000069e       0x34 /Applications/ArmGNUToolchain/13.2.Rel1/arm-none-eabi/bin/../lib/gcc/arm-none-eabi/13.2.1/../../../../arm-none-eabi/lib/thumb/v7e-m+fp/hard/libc.a(libc_a-fvwrite.o)
 .ARM.attributes
                0x000006d2       0x34 /Applications/ArmGNUToolchain/13.2.Rel1/arm-none-eabi/bin/../lib/gcc/arm-none-eabi/13.2.1/../../../../arm-none-eabi/lib/thumb/v7e-m+fp/hard/libc.a(libc_a-fwalk.o)
 .ARM.attributes
                0x00000706       0x34 /Applications/ArmGNUToolchain/13.2.Rel1/arm-none-eabi/bin/../lib/gcc/arm-none-eabi/13.2.1/../../../../arm-none-eabi/lib/thumb/v7e-m+fp/hard/libc.a(libc_a-wsetup.o)
 .ARM.attributes
                0x0000073a       0x34 /Applications/ArmGNUToolchain/13.2.Rel1/arm-none-eabi/bin/../lib/gcc/arm-none-eabi/13.2.1/../../../../arm-none-eabi/lib/thumb/v7e-m+fp/hard/libc.a(libc_a-fputwc.o)
 .ARM.attributes
                0x0000076e       0x34 /Applications/ArmGNUToolchain/13.2.Rel1/arm-none-eabi/bin/../lib/gcc/arm-none-eabi/13.2.1/../../../../arm-none-eabi/lib/thumb/v7e-m+fp/hard/libc.a(libc_a-memmove.o)
 .ARM.attributes
                0x000007a2       0x34 /Applications/ArmGNUToolchain/13.2.Rel1/arm-none-eabi/bin/../lib/gcc/arm-none-eabi/13.2.1/../../../../arm-none-eabi/lib/thumb/v7e-m+fp/hard/libc.a(libc_a-memset.o)
 .ARM.attributes
                0x000007d6       0x34 /Applications/ArmGNUToolchain/13.2.Rel1/arm-none-eabi/bin/../lib/gcc/arm-none-eabi/13.2.1/../../../../arm-none-eabi/lib/thumb/v7e-m+fp/hard/libc.a(libc_a-strcat.o)
 .ARM.attributes
                0x0000080a       0x34 /Applications/ArmGNUToolchain/13.2.Rel1/arm-none-eabi/bin/../lib/gcc/arm-none-eabi/13.2.1/../../../../arm-none-eabi/lib/thumb/v7e-m+fp/hard/libc.a(libc_a-strncpy.o)
 .ARM.attributes
                0x0000083e       0x34 /Applications/ArmGNUToolchain/13.2.Rel1/arm-none-eabi/bin/../lib/gcc/arm-none-eabi/13.2.1/../../../../arm-none-eabi/lib/thumb/v7e-m+fp/hard/libc.a(libc_a-locale.o)
 .ARM.attributes
                0x00000872       0x34 /Applications/ArmGNUToolchain/13.2.Rel1/arm-none-eabi/bin/../lib/gcc/arm-none-eabi/13.2.1/../../../../arm-none-eabi/lib/thumb/v7e-m+fp/hard/libc.a(libc_a-localeconv.o)
 .ARM.attributes
                0x000008a6       0x34 /Applications/ArmGNUToolchain/13.2.Rel1/arm-none-eabi/bin/../lib/gcc/arm-none-eabi/13.2.1/../../../../arm-none-eabi/lib/thumb/v7e-m+fp/hard/libc.a(libc_a-impure.o)
 .ARM.attributes
                0x000008da       0x34 /Applications/ArmGNUToolchain/13.2.Rel1/arm-none-eabi/bin/../lib/gcc/arm-none-eabi/13.2.1/../../../../arm-none-eabi/lib/thumb/v7e-m+fp/hard/libc.a(libc_a-strcpy.o)
 .ARM.attributes
                0x0000090e       0x34 /Applications/ArmGNUToolchain/13.2.Rel1/arm-none-eabi/bin/../lib/gcc/arm-none-eabi/13.2.1/../../../../arm-none-eabi/lib/thumb/v7e-m+fp/hard/libc.a(libc_a-init.o)
 .ARM.attributes
                0x00000942       0x34 /Applications/ArmGNUToolchain/13.2.Rel1/arm-none-eabi/bin/../lib/gcc/arm-none-eabi/13.2.1/../../../../arm-none-eabi/lib/thumb/v7e-m+fp/hard/libc.a(libc_a-lock.o)
 .ARM.attributes
                0x00000976       0x1c /Applications/ArmGNUToolchain/13.2.Rel1/arm-none-eabi/bin/../lib/gcc/arm-none-eabi/13.2.1/../../../../arm-none-eabi/lib/thumb/v7e-m+fp/hard/libc.a(libc_a-memchr.o)
 .ARM.attributes