Archive member included to satisfy reference by file (symbol)

library.a(initialize.o)       obj/Lab5D-Main-c.o (ClearDisplay)
library.a(stm32f429i_discovery.o)
                              library.a(initialize.o) (BSP_PB_Init)
library.a(stm32f429i_discovery_lcd.o)
                              library.a(initialize.o) (BSP_LCD_LayerDefaultInit)
library.a(stm32f429i_discovery_sdram.o)
                              library.a(stm32f429i_discovery_lcd.o) (BSP_SDRAM_Init)
library.a(stm32f4xx_hal.o)    library.a(initialize.o) (HAL_Init)
library.a(stm32f4xx_hal_cortex.o)
                              library.a(stm32f4xx_hal.o) (HAL_NVIC_SetPriorityGrouping)
library.a(stm32f4xx_hal_dma.o)
                              library.a(stm32f429i_discovery_sdram.o) (HAL_DMA_Init)
library.a(stm32f4xx_hal_dma2d.o)
                              library.a(stm32f429i_discovery_lcd.o) (HAL_DMA2D_Init)
library.a(stm32f4xx_hal_gpio.o)
                              library.a(stm32f429i_discovery.o) (HAL_GPIO_Init)
library.a(stm32f4xx_hal_i2c.o)
                              library.a(stm32f429i_discovery.o) (HAL_I2C_Init)
library.a(stm32f4xx_hal_ltdc.o)
                              library.a(stm32f429i_discovery_lcd.o) (HAL_LTDC_Init)
library.a(stm32f4xx_hal_rcc.o)
                              library.a(initialize.o) (HAL_RCC_OscConfig)
library.a(stm32f4xx_hal_rcc_ex.o)
                              library.a(stm32f429i_discovery_lcd.o) (HAL_RCCEx_PeriphCLKConfig)
library.a(stm32f4xx_hal_sdram.o)
                              library.a(stm32f429i_discovery_sdram.o) (HAL_SDRAM_Init)
library.a(stm32f4xx_hal_spi.o)
                              library.a(stm32f429i_discovery.o) (HAL_SPI_Init)
library.a(stm32f4xx_it.o)     library.a(initialize.o) (IncludeThis)
library.a(stm32f4xx_ll_fmc.o)
                              library.a(stm32f4xx_hal_sdram.o) (FMC_SDRAM_Init)
library.a(svcHandler.o)       library.a(stm32f4xx_it.o) (SVC_Exception)
library.a(system_stm32f4xx.o)
                              library.a(stm32f4xx_hal_rcc.o) (SystemCoreClock)
library.a(touch.o)            obj/Lab5D-Main-c.o (TS_Init)
library.a(startup_stm32f429xx.o)
                              library.a(initialize.o) (Reset_Handler)
library.a(ili9341.o)          library.a(stm32f429i_discovery_lcd.o) (ili9341_drv)
library.a(stm32f429i_discovery_ts.o)
                              library.a(touch.o) (BSP_TS_Init)
library.a(stmpe811.o)         library.a(stm32f429i_discovery_ts.o) (stmpe811_ts_drv)
/Applications/ArmGNUToolchain/13.2.Rel1/arm-none-eabi/bin/../lib/gcc/arm-none-eabi/13.2.1/../../../../arm-none-eabi/lib/thumb/v7e-m+fp/hard/libc.a(libc_a-exit.o)
                              /Applications/ArmGNUToolchain/13.2.Rel1/arm-none-eabi/bin/../lib/gcc/arm-none-eabi/13.2.1/../../../../arm-none-eabi/lib/thumb/v7e-m+fp/hard/crt0.o (exit)
/Applications/ArmGNUToolchain/13.2.Rel1/arm-none-eabi/bin/../lib/gcc/arm-none-eabi/13.2.1/../../../../arm-none-eabi/lib/thumb/v7e-m+fp/hard/libc.a(libc_a-printf.o)
                              library.a(initialize.o) (printf)
/Applications/ArmGNUToolchain/13.2.Rel1/arm-none-eabi/bin/../lib/gcc/arm-none-eabi/13.2.1/../../../../arm-none-eabi/lib/thumb/v7e-m+fp/hard/libc.a(libc_a-vfprintf.o)
                              /Applications/ArmGNUToolchain/13.2.Rel1/arm-none-eabi/bin/../lib/gcc/arm-none-eabi/13.2.1/../../../../arm-none-eabi/lib/thumb/v7e-m+fp/hard/libc.a(libc_a-printf.o) (_vfprintf_r)
/Applications/ArmGNUToolchain/13.2.Rel1/arm-none-eabi/bin/../lib/gcc/arm-none-eabi/13.2.1/../../../../arm-none-eabi/lib/thumb/v7e-m+fp/hard/libc.a(libc_a-vfiprintf.o)
                              /Applications/ArmGNUToolchain/13.2.Rel1/arm-none-eabi/bin/../lib/gcc/arm-none-eabi/13.2.1/../../../../arm-none-eabi/lib/thumb/v7e-m+fp/hard/libc.a(libc_a-vfprintf.o) (__sprint_r)
/Applications/ArmGNUToolchain/13.2.Rel1/arm-none-eabi/bin/../lib/gcc/arm-none-eabi/13.2.1/../../../../arm-none-eabi/lib/thumb/v7e-m+fp/hard/libc.a(libc_a-fflush.o)
                              /Applications/ArmGNUToolchain/13.2.Rel1/arm-none-eabi/bin/../lib/gcc/arm-none-eabi/13.2.1/../../../../arm-none-eabi/lib/thumb/v7e-m+fp/hard/libc.a(libc_a-vfprintf.o) (_fflush_r)
/Applications/ArmGNUToolchain/13.2.Rel1/arm-none-eabi/bin/../lib/gcc/arm-none-eabi/13.2.1/../../../../arm-none-eabi/lib/thumb/v7e-m+fp/hard/libc.a(libc_a-sprintf.o)
                              obj/Lab5D-Main-c.o (sprintf)
/Applications/ArmGNUToolchain/13.2.Rel1/arm-none-eabi/bin/../lib/gcc/arm-none-eabi/13.2.1/../../../../arm-none-eabi/lib/thumb/v7e-m+fp/hard/libc.a(libc_a-findfp.o)
                              /Applications/ArmGNUToolchain/13.2.Rel1/arm-none-eabi/bin/../lib/gcc/arm-none-eabi/13.2.1/../../../../arm-none-eabi/lib/thumb/v7e-m+fp/hard/libc.a(libc_a-fflush.o) (__sglue)
/Applications/ArmGNUToolchain/13.2.Rel1/arm-none-eabi/bin/../lib/gcc/arm-none-eabi/13.2.1/../../../../arm-none-eabi/lib/thumb/v7e-m+fp/hard/libc.a(libc_a-fvwrite.o)
[...]
Memory Configuration

Name             Origin             Length             Attributes
ROM              0x08000000         0x00200000         xr
RAM              0x20000000         0x00030000         xrw
CCM              0x10000000         0x00010000         xrw
*default*        0x00000000         0xffffffff

Linker script and memory map

LOAD /Applications/ArmGNUToolchain/13.2.Rel1/arm-none-eabi/bin/../lib/gcc/arm-none-eabi/13.2.1/thumb/v7e-m+fp/hard/crti.o
LOAD /Applications/ArmGNUToolchain/13.2.Rel1/arm-none-eabi/bin/../lib/gcc/arm-none-eabi/13.2.1/thumb/v7e-m+fp/hard/crtbegin.o
LOAD /Applications/ArmGNUToolchain/13.2.Rel1/arm-none-eabi/bin/../lib/gcc/arm-none-eabi/13.2.1/../../../../arm-none-eabi/lib/thumb/v7e-m+fp/hard/crt0.o
LOAD obj/Lab5D-Main-c.o
LOAD obj/Lab5D-TireSize-s.o
LOAD library.a
LOAD library.a
LOAD /Applications/ArmGNUToolchain/13.2.Rel1/arm-none-eabi/bin/../lib/gcc/arm-none-eabi/13.2.1/../../../../arm-none-eabi/lib/thumb/v7e-m+fp/hard/libm.a
LOAD /Applications/ArmGNUToolchain/13.2.Rel1/arm-none-eabi/bin/../lib/gcc/arm-none-eabi/13.2.1/../../../../arm-none-eabi/lib/thumb/v7e-m+fp/hard/libc.a
LOAD /Applications/ArmGNUToolchain/13.2.Rel1/arm-none-eabi/bin/../lib/gcc/arm-none-eabi/13.2.1/../../../../arm-none-eabi/lib/thumb/v7e-m+fp/hard/libnosys.a
LOAD /Applications/ArmGNUToolchain/13.2.Rel1/arm-none-eabi/bin/../lib/gcc/arm-none-eabi/13.2.1/../../../../arm-none-eabi/lib/thumb/v7e-m+fp/hard/libc.a
START GROUP
LOAD /Applications/ArmGNUToolchain/13.2.Rel1/arm-none-eabi/bin/../lib/gcc/arm-none-eabi/13.2.1/thumb/v7e-m+fp/hard/libgcc.a
LOAD /Applications/ArmGNUToolchain/13.2.Rel1/arm-none-eabi/bin/../lib/gcc/arm-none-eabi/13.2.1/../../../../arm-none-eabi/lib/thumb/v7e-m+fp/hard/libc.a
END GROUP
LOAD /Applications/ArmGNUToolchain/13.2.Rel1/arm-none-eabi/bin/../lib/gcc/arm-none-eabi/13.2.1/thumb/v7e-m+fp/hard/crtend.o
LOAD /Applications/ArmGNUToolchain/13.2.Rel1/arm-none-eabi/bin/../lib/gcc/arm-none-eabi/13.2.1/thumb/v7e-m+fp/hard/crtn.o

.text           0x08000000    0x108cc
 *(.isr_vector)
 .isr_vector    0x08000000      0x1ac library.a(startup_stm32f429xx.o)
                0x08000000                __isr_vector
 *(.text*)
 .text.deregister_tm_clones
                0x080001ac       0x1c /Applications/ArmGNUToolchain/13.2.Rel1/arm-none-eabi/bin/../lib/gcc/arm-none-eabi/13.2.1/thumb/v7e-m+fp/hard/crtbegin.o
 .text.register_tm_clones
                0x080001c8       0x24 /Applications/ArmGNUToolchain/13.2.Rel1/arm-none-eabi/bin/../lib/gcc/arm-none-eabi/13.2.1/thumb/v7e-m+fp/hard/crtbegin.o
 .text.__do_global_dtors_aux
                0x080001ec       0x28 /Applications/ArmGNUToolchain/13.2.Rel1/arm-none-eabi/bin/../lib/gcc/arm-none-eabi/13.2.1/thumb/v7e-m+fp/hard/crtbegin.o
 .text.frame_dummy
                0x08000214       0x24 /Applications/ArmGNUToolchain/13.2.Rel1/arm-none-eabi/bin/../lib/gcc/arm-none-eabi/13.2.1/thumb/v7e-m+fp/hard/crtbegin.o
 .text          0x08000238       0x7c /Applications/ArmGNUToolchain/13.2.Rel1/arm-none-eabi/bin/../lib/gcc/arm-none-eabi/13.2.1/../../../../arm-none-eabi/lib/thumb/v7e-m+fp/hard/crt0.o
                0x08000238                _stack_init
                0x08000240                _mainCRTStartup
                0x08000240                _start
 .text.GetR     0x080002b4       0x24 obj/Lab5D-Main-c.o
 .text.GetA     0x080002d8       0x24 obj/Lab5D-Main-c.o
 .text.GetW     0x080002fc       0x24 obj/Lab5D-Main-c.o
 .text.DisplayAdjusts
                0x08000320       0xec obj/Lab5D-Main-c.o
 .text.startup.main
                0x0800040c      0x4a0 obj/Lab5D-Main-c.o
                0x0800040c                main
 .text          0x080008ac       0x40 obj/Lab5D-TireSize-s.o
                0x080008ac                TireDiam
                0x080008c0                TireCirc
 .text.TextRows
                0x080008ec       0x12 library.a(initialize.o)
 .text._close   0x080008fe        0x2 library.a(initialize.o)
                0x080008fe                _close
 .text._fstat   0x08000900        0x2 library.a(initialize.o)
                0x08000900                _fstat
 .text._getpid  0x08000902        0x2 library.a(initialize.o)
                0x08000902                _getpid
 .text._isatty  0x08000904        0x2 library.a(initialize.o)
                0x08000904                _isatty
 .text._kill    0x08000906        0x2 library.a(initialize.o)
                0x08000906                _kill
 .text._lseek   0x08000908        0x2 library.a(initialize.o)
                0x08000908                _lseek
 .text._read    0x0800090a        0x2 library.a(initialize.o)
                0x0800090a                _read
 .text.ClearDisplay
                0x0800090c       0x34 library.a(initialize.o)
                0x0800090c                ClearDisplay
 .text.DisplayHeader
                0x08000940       0x7c library.a(initialize.o)
                0x08000940                DisplayHeader
 .text.DisplayFooter
                0x080009bc       0x58 library.a(initialize.o)
                0x080009bc                DisplayFooter
 .text._write   0x08000a14      0x104 library.a(initialize.o)
                0x08000a14                _write
 .text.InitializeHardware
                0x08000b18      0x124 library.a(initialize.o)
                0x08000b18                InitializeHardware
 .text.WaitForPushButton
                0x08000c3c       0x18 library.a(initialize.o)
                0x08000c3c                WaitForPushButton
 .text.GetClockCycleCount
                0x08000c54        0xc library.a(initialize.o)
                0x08000c54                GetClockCycleCount
 .text.SPIx_Init
                0x08000c60       0x98 library.a(stm32f429i_discovery.o)
 .text.SPIx_Write
                0x08000cf8       0x30 library.a(stm32f429i_discovery.o)
 .text.I2Cx_Init
                0x08000d28       0xe8 library.a(stm32f429i_discovery.o)
 .text.I2Cx_Error
                0x08000e10       0x14 library.a(stm32f429i_discovery.o)
 .text.SPIx_WriteRead
                0x08000e24       0x40 library.a(stm32f429i_discovery.o)
 .text.BSP_PB_Init
                0x08000e64       0x70 library.a(stm32f429i_discovery.o)
                0x08000e64                BSP_PB_Init
 .text.BSP_PB_GetState
                0x08000ed4       0x14 library.a(stm32f429i_discovery.o)
                0x08000ed4                BSP_PB_GetState
 .text.LCD_IO_Init
                0x08000ee8       0xb0 library.a(stm32f429i_discovery.o)
                0x08000ee8                LCD_IO_Init
 .text.LCD_IO_WriteData
                0x08000f98       0x38 library.a(stm32f429i_discovery.o)
                0x08000f98                LCD_IO_WriteData
 .text.LCD_IO_WriteReg
                0x08000fd0       0x38 library.a(stm32f429i_discovery.o)
                0x08000fd0                LCD_IO_WriteReg
 .text.LCD_IO_ReadData
                0x08001008       0x6c library.a(stm32f429i_discovery.o)
                0x08001008                LCD_IO_ReadData
 .text.LCD_Delay
                0x08001074        0x4 library.a(stm32f429i_discovery.o)
                0x08001074                LCD_Delay
 .text.IOE_Init
                0x08001078        0x4 library.a(stm32f429i_discovery.o)
                0x08001078                IOE_Init
 .text.IOE_ITConfig
                0x0800107c       0x54 library.a(stm32f429i_discovery.o)
                0x0800107c                IOE_ITConfig
 .text.IOE_Write
                0x080010d0       0x34 library.a(stm32f429i_discovery.o)
                0x080010d0                IOE_Write
 .text.IOE_Read
                0x08001104       0x3c library.a(stm32f429i_discovery.o)
                0x08001104                IOE_Read
 .text.IOE_ReadMultiple
                0x08001140       0x30 library.a(stm32f429i_discovery.o)
                0x08001140                IOE_ReadMultiple
 .text.IOE_Delay
                0x08001170        0x4 library.a(stm32f429i_discovery.o)
                0x08001170                IOE_Delay
 .text.GYRO_IO_Init
                0x08001174       0x6c library.a(stm32f429i_discovery.o)
                0x08001174                GYRO_IO_Init
 .text.GYRO_IO_Read
                0x080011e0       0x48 library.a(stm32f429i_discovery.o)
                0x080011e0                GYRO_IO_Read
 .text.FillBuffer
                0x08001228       0x64 library.a(stm32f429i_discovery_lcd.o)
 .text.BSP_LCD_GetXSize
                0x0800128c       0x10 library.a(stm32f429i_discovery_lcd.o)
                0x0800128c                BSP_LCD_GetXSize
 .text.BSP_LCD_GetYSize
                0x0800129c       0x10 library.a(stm32f429i_discovery_lcd.o)
                0x0800129c                BSP_LCD_GetYSize
 .text.BSP_LCD_LayerDefaultInit
                0x080012ac       0x7c library.a(stm32f429i_discovery_lcd.o)
                0x080012ac                BSP_LCD_LayerDefaultInit
 .text.BSP_LCD_SelectLayer
                0x08001328        0xc library.a(stm32f429i_discovery_lcd.o)
                0x08001328                BSP_LCD_SelectLayer
 .text.BSP_LCD_GetTextColor
                0x08001334       0x18 library.a(stm32f429i_discovery_lcd.o)
                0x08001334                BSP_LCD_GetTextColor
 .text.BSP_LCD_GetBackColor
                0x0800134c       0x18 library.a(stm32f429i_discovery_lcd.o)
                0x0800134c                BSP_LCD_GetBackColor
 .text.BSP_LCD_SetTextColor
                0x08001364       0x18 library.a(stm32f429i_discovery_lcd.o)
                0x08001364                BSP_LCD_SetTextColor
 .text.BSP_LCD_SetBackColor
                0x0800137c       0x18 library.a(stm32f429i_discovery_lcd.o)
                0x0800137c                BSP_LCD_SetBackColor
 .text.BSP_LCD_SetFont
                0x08001394       0x18 library.a(stm32f429i_discovery_lcd.o)
                0x08001394                BSP_LCD_SetFont
 .text.BSP_LCD_Init
                0x080013ac      0x1bc library.a(stm32f429i_discovery_lcd.o)
                0x080013ac                BSP_LCD_Init
 .text.BSP_LCD_GetFont
                0x08001568       0x18 library.a(stm32f429i_discovery_lcd.o)
                0x08001568                BSP_LCD_GetFont
 .text.BSP_LCD_Clear
                0x08001580       0x40 library.a(stm32f429i_discovery_lcd.o)
                0x08001580                BSP_LCD_Clear
 .text.BSP_LCD_DrawHLine
                0x080015c0       0x50 library.a(stm32f429i_discovery_lcd.o)
                0x080015c0                BSP_LCD_DrawHLine
 .text.BSP_LCD_DrawVLine
                0x08001610       0x5c library.a(stm32f429i_discovery_lcd.o)
                0x08001610                BSP_LCD_DrawVLine
 .text.BSP_LCD_DrawRect
                0x0800166c       0x34 library.a(stm32f429i_discovery_lcd.o)
                0x0800166c                BSP_LCD_DrawRect
 .text.BSP_LCD_FillRect
                0x080016a0       0x78 library.a(stm32f429i_discovery_lcd.o)
                0x080016a0                BSP_LCD_FillRect
 .text.BSP_LCD_DisplayOn
                0x08001718       0x10 library.a(stm32f429i_discovery_lcd.o)
                0x08001718                BSP_LCD_DisplayOn
 .text.BSP_LCD_DrawPixel
                0x08001728       0x2c library.a(stm32f429i_discovery_lcd.o)
                0x08001728                BSP_LCD_DrawPixel
 .text.BSP_LCD_DisplayChar
                0x08001754       0xd4 library.a(stm32f429i_discovery_lcd.o)
                0x08001754                BSP_LCD_DisplayChar
 .text.BSP_LCD_DisplayStringAt
                0x08001828       0x9c library.a(stm32f429i_discovery_lcd.o)
                0x08001828                BSP_LCD_DisplayStringAt
 .text.BSP_SDRAM_Initialization_sequence
                0x080018c4       0x94 library.a(stm32f429i_discovery_sdram.o)
                0x080018c4                BSP_SDRAM_Initialization_sequence
 .text.BSP_SDRAM_Init
                0x08001958      0x1c8 library.a(stm32f429i_discovery_sdram.o)
                0x08001958                BSP_SDRAM_Init
 .text.HAL_MspInit
                0x08001b20        0x2 library.a(stm32f4xx_hal.o)
                0x08001b20                HAL_MspInit
 .text.HAL_InitTick
                0x08001b22       0x28 library.a(stm32f4xx_hal.o)
                0x08001b22                HAL_InitTick
 *fill*         0x08001b4a        0x2 
 .text.HAL_Init
                0x08001b4c       0x34 library.a(stm32f4xx_hal.o)
                0x08001b4c                HAL_Init
 .text.HAL_IncTick
                0x08001b80       0x10 library.a(stm32f4xx_hal.o)
                0x08001b80                HAL_IncTick
 .text.HAL_GetTick
                0x08001b90        0xc library.a(stm32f4xx_hal.o)
                0x08001b90                HAL_GetTick
 .text.HAL_Delay
                0x08001b9c       0x1a library.a(stm32f4xx_hal.o)
                0x08001b9c                HAL_Delay
 *fill*         0x08001bb6        0x2 
 .text.HAL_NVIC_SetPriorityGrouping
                0x08001bb8       0x24 library.a(stm32f4xx_hal_cortex.o)
                0x08001bb8                HAL_NVIC_SetPriorityGrouping
 .text.HAL_NVIC_SetPriority
                0x08001bdc       0x64 library.a(stm32f4xx_hal_cortex.o)
                0x08001bdc                HAL_NVIC_SetPriority
 .text.HAL_NVIC_EnableIRQ
                0x08001c40       0x18 library.a(stm32f4xx_hal_cortex.o)
                0x08001c40                HAL_NVIC_EnableIRQ
 .text.HAL_SYSTICK_Config
                0x08001c58       0x28 library.a(stm32f4xx_hal_cortex.o)
                0x08001c58                HAL_SYSTICK_Config
 .text.HAL_DMA_Init
                0x08001c80       0x78 library.a(stm32f4xx_hal_dma.o)
                0x08001c80                HAL_DMA_Init
 .text.HAL_DMA_DeInit
                0x08001cf8      0xacc library.a(stm32f4xx_hal_dma.o)
                0x08001cf8                HAL_DMA_DeInit
 .text.DMA2D_SetConfig
                0x080027c4       0x80 library.a(stm32f4xx_hal_dma2d.o)
 .text.HAL_DMA2D_MspInit
                0x08002844        0x2 library.a(stm32f4xx_hal_dma2d.o)
                0x08002844                HAL_DMA2D_MspInit
 .text.HAL_DMA2D_Init
                0x08002846       0x5c library.a(stm32f4xx_hal_dma2d.o)
                0x08002846                HAL_DMA2D_Init
 .text.HAL_DMA2D_Start
                0x080028a2       0x40 library.a(stm32f4xx_hal_dma2d.o)
                0x080028a2                HAL_DMA2D_Start
 .text.HAL_DMA2D_PollForTransfer
                0x080028e2       0xc4 library.a(stm32f4xx_hal_dma2d.o)
                0x080028e2                HAL_DMA2D_PollForTransfer
 *fill*         0x080029a6        0x2 
 .text.HAL_DMA2D_ConfigLayer
                0x080029a8       0xdc library.a(stm32f4xx_hal_dma2d.o)
                0x080029a8                HAL_DMA2D_ConfigLayer
 .text.HAL_GPIO_Init
                0x08002a84      0x1d0 library.a(stm32f4xx_hal_gpio.o)
                0x08002a84                HAL_GPIO_Init
 .text.HAL_GPIO_ReadPin
                0x08002c54        0xc library.a(stm32f4xx_hal_gpio.o)
                0x08002c54                HAL_GPIO_ReadPin
 .text.HAL_GPIO_WritePin
                0x08002c60        0xa library.a(stm32f4xx_hal_gpio.o)
                0x08002c60                HAL_GPIO_WritePin
 .text.I2C_WaitOnMasterAddressFlagUntilTimeout
                0x08002c6a       0x66 library.a(stm32f4xx_hal_i2c.o)
 .text.I2C_WaitOnFlagUntilTimeout
                0x08002cd0       0x90 library.a(stm32f4xx_hal_i2c.o)
 .text.I2C_RequestMemoryWrite
                0x08002d60       0x98 library.a(stm32f4xx_hal_i2c.o)
 .text.I2C_RequestMemoryRead
                0x08002df8       0xe8 library.a(stm32f4xx_hal_i2c.o)
 .text.HAL_I2C_MspInit
                0x08002ee0        0x2 library.a(stm32f4xx_hal_i2c.o)
                0x08002ee0                HAL_I2C_MspInit
 *fill*         0x08002ee2        0x2 
 .text.HAL_I2C_Init
                0x08002ee4       0xe0 library.a(stm32f4xx_hal_i2c.o)
                0x08002ee4                HAL_I2C_Init
 .text.HAL_I2C_MspDeInit
                0x08002fc4        0x2 library.a(stm32f4xx_hal_i2c.o)
                0x08002fc4                HAL_I2C_MspDeInit
 .text.HAL_I2C_DeInit
                0x08002fc6       0x2c library.a(stm32f4xx_hal_i2c.o)
                0x08002fc6                HAL_I2C_DeInit
 *fill*         0x08002ff2        0x2 
 .text.HAL_I2C_Mem_Write
                0x08002ff4       0xe8 library.a(stm32f4xx_hal_i2c.o)
                0x08002ff4                HAL_I2C_Mem_Write
 .text.HAL_I2C_Mem_Read
                0x080030dc      0x1bc library.a(stm32f4xx_hal_i2c.o)
                0x080030dc                HAL_I2C_Mem_Read
 .text.HAL_I2C_GetState
                0x08003298        0x6 library.a(stm32f4xx_hal_i2c.o)
                0x08003298                HAL_I2C_GetState
 *fill*         0x0800329e        0x2 
 .text.LTDC_SetConfig
                0x080032a0      0x144 library.a(stm32f4xx_hal_ltdc.o)
 .text.HAL_LTDC_MspInit
                0x080033e4        0x2 library.a(stm32f4xx_hal_ltdc.o)
                0x080033e4                HAL_LTDC_MspInit
 *fill*         0x080033e6        0x2 
 .text.HAL_LTDC_Init
                0x080033e8       0xfc library.a(stm32f4xx_hal_ltdc.o)
                0x080033e8                HAL_LTDC_Init
 .text.HAL_LTDC_ConfigLayer
                0x080034e4       0x5c library.a(stm32f4xx_hal_ltdc.o)
                0x080034e4                HAL_LTDC_ConfigLayer
 .text.HAL_LTDC_EnableDither
                0x08003540       0x34 library.a(stm32f4xx_hal_ltdc.o)
                0x08003540                HAL_LTDC_EnableDither
 .text.HAL_RCC_OscConfig
                0x08003574      0x330 library.a(stm32f4xx_hal_rcc.o)
                0x08003574                HAL_RCC_OscConfig
 .text.HAL_RCC_ClockConfig
                0x080038a4      0x1f8 library.a(stm32f4xx_hal_rcc.o)
                0x080038a4                HAL_RCC_ClockConfig
 .text.HAL_RCC_GetSysClockFreq
                0x08003a9c       0x78 library.a(stm32f4xx_hal_rcc.o)
                0x08003a9c                HAL_RCC_GetSysClockFreq
 .text.HAL_RCC_GetHCLKFreq
                0x08003b14       0x38 library.a(stm32f4xx_hal_rcc.o)
                0x08003b14                HAL_RCC_GetHCLKFreq
 .text.HAL_RCC_GetPCLK1Freq
                0x08003b4c       0x30 library.a(stm32f4xx_hal_rcc.o)
                0x08003b4c                HAL_RCC_GetPCLK1Freq
 .text.HAL_RCCEx_PeriphCLKConfig
                0x08003b7c      0x2d8 library.a(stm32f4xx_hal_rcc_ex.o)
                0x08003b7c                HAL_RCCEx_PeriphCLKConfig
 .text.HAL_SDRAM_MspInit
                0x08003e54        0x2 library.a(stm32f4xx_hal_sdram.o)
                0x08003e54                HAL_SDRAM_MspInit
 .text.HAL_SDRAM_Init
                0x08003e56       0x40 library.a(stm32f4xx_hal_sdram.o)
                0x08003e56                HAL_SDRAM_Init
 .text.HAL_SDRAM_SendCommand
                0x08003e96       0x2e library.a(stm32f4xx_hal_sdram.o)
                0x08003e96                HAL_SDRAM_SendCommand
 .text.HAL_SDRAM_ProgramRefreshRate
                0x08003ec4       0x24 library.a(stm32f4xx_hal_sdram.o)
                0x08003ec4                HAL_SDRAM_ProgramRefreshRate
 .text.SPI_WaitOnFlagUntilTimeout
                0x08003ee8       0x94 library.a(stm32f4xx_hal_spi.o)
 .text.HAL_SPI_MspInit
                0x08003f7c        0x2 library.a(stm32f4xx_hal_spi.o)
                0x08003f7c                HAL_SPI_MspInit
 .text.HAL_SPI_Init
                0x08003f7e       0x82 library.a(stm32f4xx_hal_spi.o)
                0x08003f7e                HAL_SPI_Init
 .text.HAL_SPI_MspDeInit
                0x08004000        0x2 library.a(stm32f4xx_hal_spi.o)
                0x08004000                HAL_SPI_MspDeInit
 .text.HAL_SPI_DeInit
                0x08004002       0x26 library.a(stm32f4xx_hal_spi.o)
                0x08004002                HAL_SPI_DeInit
 .text.HAL_SPI_Transmit
                0x08004028      0x164 library.a(stm32f4xx_hal_spi.o)
                0x08004028                HAL_SPI_Transmit
 .text.HAL_SPI_TransmitReceive
                0x0800418c      0x2c2 library.a(stm32f4xx_hal_spi.o)
                0x0800418c                HAL_SPI_TransmitReceive
 .text.HAL_SPI_Receive
                0x0800444e      0x1d2 library.a(stm32f4xx_hal_spi.o)
                0x0800444e                HAL_SPI_Receive
 .text.HAL_SPI_GetState
                0x08004620        0x6 library.a(stm32f4xx_hal_spi.o)
                0x08004620                HAL_SPI_GetState
 .text.NMI_Handler
                0x08004626        0x2 library.a(stm32f4xx_it.o)
                0x08004626                NMI_Handler
 .text.SVC_Handler
                0x08004628       0x20 library.a(stm32f4xx_it.o)
                0x08004628                SVC_Handler
 .text.DebugMon_Handler
                0x08004648        0x2 library.a(stm32f4xx_it.o)
                0x08004648                DebugMon_Handler
 .text.PendSV_Handler
                0x0800464a        0x2 library.a(stm32f4xx_it.o)
                0x0800464a                PendSV_Handler
 .text.SysTick_Handler
                0x0800464c        0x4 library.a(stm32f4xx_it.o)
                0x0800464c                SysTick_Handler
 .text.FMC_SDRAM_Init
                0x08004650       0x68 library.a(stm32f4xx_ll_fmc.o)
                0x08004650                FMC_SDRAM_Init
 .text.FMC_SDRAM_Timing_Init
                0x080046b8       0x72 library.a(stm32f4xx_ll_fmc.o)
                0x080046b8                FMC_SDRAM_Timing_Init
 .text.FMC_SDRAM_SendCommand
                0x0800472a       0x50 library.a(stm32f4xx_ll_fmc.o)
                0x0800472a                FMC_SDRAM_SendCommand
 .text.FMC_SDRAM_ProgramRefreshRate
                0x0800477a        0xc library.a(stm32f4xx_ll_fmc.o)
                0x0800477a                FMC_SDRAM_ProgramRefreshRate
 *fill*         0x08004786        0x2 
 .text.SVC_Label
                0x08004788       0x58 library.a(svcHandler.o)
 .text.Preserve
                0x080047e0       0xa8 library.a(svcHandler.o)
 .text.HardStopHandler
                0x08004888       0x94 library.a(svcHandler.o)
 .text.F32      0x0800491c       0xc0 library.a(svcHandler.o)
 .text.Restore  0x080049dc       0x5c library.a(svcHandler.o)
 .text.FlPtRegs
                0x08004a38       0x9c library.a(svcHandler.o)
 .text._MemManageHandler
                0x08004ad4       0x10 library.a(svcHandler.o)
                0x08004ad4                _MemManageHandler
 .text.MemManage_Handler
                0x08004ae4        0xc library.a(svcHandler.o)
                0x08004ae4                MemManage_Handler
 .text._BusFault_Handler
                0x08004af0       0x10 library.a(svcHandler.o)
                0x08004af0                _BusFault_Handler
 .text.BusFault_Handler
                0x08004b00        0xc library.a(svcHandler.o)
                0x08004b00                BusFault_Handler
 .text._HardFault_Handler
                0x08004b0c       0x10 library.a(svcHandler.o)
                0x08004b0c                _HardFault_Handler
 .text.HardFault_Handler
                0x08004b1c        0xc library.a(svcHandler.o)
                0x08004b1c                HardFault_Handler
 .text._UsageFault_Handler
                0x08004b28       0x5c library.a(svcHandler.o)
                0x08004b28                _UsageFault_Handler
 .text.UsageFault_Handler
                0x08004b84        0xc library.a(svcHandler.o)
                0x08004b84                UsageFault_Handler
 .text.SVC_Exception
                0x08004b90       0xd8 library.a(svcHandler.o)
                0x08004b90                SVC_Exception
 .text.SystemInit
                0x08004c68       0x4c library.a(system_stm32f4xx.o)
                0x08004c68                SystemInit
 .text.TS_Init  0x08004cb4       0x2c library.a(touch.o)
                0x08004cb4                TS_Init
 .text.TS_Touched
                0x08004ce0       0x30 library.a(touch.o)
                0x08004ce0                TS_Touched
 .text.TS_GetX  0x08004d10        0xc library.a(touch.o)
                0x08004d10                TS_GetX
 .text.TS_GetY  0x08004d1c        0xc library.a(touch.o)
                0x08004d1c                TS_GetY
 .text          0x08004d28      0x118 library.a(startup_stm32f429xx.o)
                0x08004d28                Reset_Handler
                0x08004d80                Default_Handler
                0x08004d82                WWDG_IRQHandler
                0x08004d84                PVD_IRQHandler
                0x08004d86                TAMP_STAMP_IRQHandler
                0x08004d88                RTC_WKUP_IRQHandler
                0x08004d8a                FLASH_IRQHandler
                0x08004d8c                RCC_IRQHandler
                0x08004d8e                EXTI0_IRQHandler
                0x08004d90                EXTI1_IRQHandler
                0x08004d92                EXTI2_IRQHandler
                0x08004d94                EXTI3_IRQHandler
                0x08004d96                EXTI4_IRQHandler
                0x08004d98                DMA1_Stream0_IRQHandler
                0x08004d9a                DMA1_Stream1_IRQHandler
                0x08004d9c                DMA1_Stream2_IRQHandler
                0x08004d9e                DMA1_Stream3_IRQHandler
                0x08004da0                DMA1_Stream4_IRQHandler
                0x08004da2                DMA1_Stream5_IRQHandler
                0x08004da4                DMA1_Stream6_IRQHandler
                0x08004da6                ADC_IRQHandler
                0x08004da8                CAN1_TX_IRQHandler
                0x08004daa                CAN1_RX0_IRQHandler
                0x08004dac                CAN1_RX1_IRQHandler
                0x08004dae                CAN1_SCE_IRQHandler
                0x08004db0                EXTI9_5_IRQHandler
                0x08004db2                TIM1_BRK_TIM9_IRQHandler
                0x08004db4                TIM1_UP_TIM10_IRQHandler
                0x08004db6                TIM1_TRG_COM_TIM11_IRQHandler
                0x08004db8                TIM1_CC_IRQHandler
                0x08004dba                TIM2_IRQHandler
                0x08004dbc                TIM3_IRQHandler
                0x08004dbe                TIM4_IRQHandler
                0x08004dc0                I2C1_EV_IRQHandler
                0x08004dc2                I2C1_ER_IRQHandler
                0x08004dc4                I2C2_EV_IRQHandler
                0x08004dc6                I2C2_ER_IRQHandler
                0x08004dc8                SPI1_IRQHandler
                0x08004dca                SPI2_IRQHandler
                0x08004dcc                USART1_IRQHandler
                0x08004dce                USART2_IRQHandler
                0x08004dd0                USART3_IRQHandler
                0x08004dd2                EXTI15_10_IRQHandler
                0x08004dd4                RTC_Alarm_IRQHandler
                0x08004dd6                OTG_FS_WKUP_IRQHandler
                0x08004dd8                TIM8_BRK_TIM12_IRQHandler
                0x08004dda                TIM8_UP_TIM13_IRQHandler
                0x08004ddc                TIM8_TRG_COM_TIM14_IRQHandler
                0x08004dde                TIM8_CC_IRQHandler
                0x08004de0                DMA1_Stream7_IRQHandler
                0x08004de2                FSMC_IRQHandler
                0x08004de4                SDIO_IRQHandler
                0x08004de6                TIM5_IRQHandler
                0x08004de8                SPI3_IRQHandler
                0x08004dea                UART4_IRQHandler
                0x08004dec                UART5_IRQHandler
                0x08004dee                TIM6_DAC_IRQHandler
                0x08004df0                TIM7_IRQHandler
                0x08004df2                DMA2_Stream0_IRQHandler
                0x08004df4                DMA2_Stream1_IRQHandler
                0x08004df6                DMA2_Stream2_IRQHandler
                0x08004df8                DMA2_Stream3_IRQHandler
                0x08004dfa                DMA2_Stream4_IRQHandler
                0x08004dfc                ETH_IRQHandler
                0x08004dfe                ETH_WKUP_IRQHandler
                0x08004e00                CAN2_TX_IRQHandler
                0x08004e02                CAN2_RX0_IRQHandler
                0x08004e04                CAN2_RX1_IRQHandler
                0x08004e06                CAN2_SCE_IRQHandler
                0x08004e08                OTG_FS_IRQHandler
                0x08004e0a                DMA2_Stream5_IRQHandler
                0x08004e0c                DMA2_Stream6_IRQHandler
                0x08004e0e                DMA2_Stream7_IRQHandler
                0x08004e10                USART6_IRQHandler
                0x08004e12                I2C3_EV_IRQHandler
                0x08004e14                I2C3_ER_IRQHandler
                0x08004e16                OTG_HS_EP1_OUT_IRQHandler
                0x08004e18                OTG_HS_EP1_IN_IRQHandler
                0x08004e1a                OTG_HS_WKUP_IRQHandler
                0x08004e1c                OTG_HS_IRQHandler
                0x08004e1e                DCMI_IRQHandler
                0x08004e20                CRYP_IRQHandler
                0x08004e22                HASH_RNG_IRQHandler
                0x08004e24                FPU_IRQHandler
                0x08004e26                UART7_IRQHandler
                0x08004e28                UART8_IRQHandler
                0x08004e2a                SPI4_IRQHandler
                0x08004e2c                SPI5_IRQHandler
                0x08004e2e                SPI6_IRQHandler
                0x08004e30                SAI1_IRQHandler
                0x08004e32                LTDC_IRQHandler
                0x08004e34                LTDC_ER_IRQHandler
                0x08004e36                DMA2D_IRQHandler
 .text.ili9341_GetLcdPixelWidth
                0x08004e40        0x4 library.a(ili9341.o)
                0x08004e40                ili9341_GetLcdPixelWidth
 .text.ili9341_GetLcdPixelHeight
                0x08004e44        0x6 library.a(ili9341.o)
                0x08004e44                ili9341_GetLcdPixelHeight
 .text.ili9341_DisplayOn
                0x08004e4a        0x6 library.a(ili9341.o)
                0x08004e4a                ili9341_DisplayOn
 .text.ili9341_DisplayOff
                0x08004e50        0x6 library.a(ili9341.o)
                0x08004e50                ili9341_DisplayOff
 .text.ili9341_Init
                0x08004e56      0x292 library.a(ili9341.o)
                0x08004e56                ili9341_Init
 .text.ili9341_ReadID
                0x080050e8       0x12 library.a(ili9341.o)
                0x080050e8                ili9341_ReadID
 *fill*         0x080050fa        0x2 
 .text.BSP_TS_Init
                0x080050fc       0x44 library.a(stm32f429i_discovery_ts.o)
                0x080050fc                BSP_TS_Init
 .text.BSP_TS_GetState
                0x08005140      0x138 library.a(stm32f429i_discovery_ts.o)
                0x08005140                BSP_TS_GetState
 .text.stmpe811_Reset
                0x08005278       0x28 library.a(stmpe811.o)
                0x08005278                stmpe811_Reset
 .text.stmpe811_ReadID
                0x080052a0       0x24 library.a(stmpe811.o)
                0x080052a0                stmpe811_ReadID
 .text.stmpe811_TS_DetectTouch
                0x080052c4       0x38 library.a(stmpe811.o)
                0x080052c4                stmpe811_TS_DetectTouch
 .text.stmpe811_TS_GetXY
                0x080052fc       0x3c library.a(stmpe811.o)
                0x080052fc                stmpe811_TS_GetXY
 .text.stmpe811_Init
                0x08005338       0x30 library.a(stmpe811.o)
                0x08005338                stmpe811_Init
 .text.stmpe811_EnableGlobalIT
                0x08005368       0x1e library.a(stmpe811.o)
                0x08005368                stmpe811_EnableGlobalIT
 .text.stmpe811_DisableGlobalIT
                0x08005386       0x1c library.a(stmpe811.o)
                0x08005386                stmpe811_DisableGlobalIT
 .text.stmpe811_EnableITSource
                0x080053a2       0x20 library.a(stmpe811.o)
                0x080053a2                stmpe811_EnableITSource
 .text.stmpe811_TS_EnableIT
                0x080053c2       0x1c library.a(stmpe811.o)
                0x080053c2                stmpe811_TS_EnableIT
 .text.stmpe811_DisableITSource
                0x080053de       0x20 library.a(stmpe811.o)
                0x080053de                stmpe811_DisableITSource
 .text.stmpe811_TS_DisableIT
                0x080053fe       0x14 library.a(stmpe811.o)
                0x080053fe                stmpe811_TS_DisableIT
 .text.stmpe811_ReadGITStatus
                0x08005412       0x10 library.a(stmpe811.o)
                0x08005412                stmpe811_ReadGITStatus
 .text.stmpe811_TS_ITStatus
                0x08005422        0x6 library.a(stmpe811.o)
                0x08005422                stmpe811_TS_ITStatus
 .text.stmpe811_ClearGlobalIT
                0x08005428        0xa library.a(stmpe811.o)
                0x08005428                stmpe811_ClearGlobalIT
 .text.stmpe811_TS_ClearIT
                0x08005432        0x6 library.a(stmpe811.o)
                0x08005432                stmpe811_TS_ClearIT
 .text.stmpe811_IO_EnableAF
                0x08005438       0x20 library.a(stmpe811.o)
                0x08005438                stmpe811_IO_EnableAF
 .text.stmpe811_TS_Start
                0x08005458       0xa4 library.a(stmpe811.o)
                0x08005458                stmpe811_TS_Start
 .text.exit     0x080054fc       0x1c /Applications/ArmGNUToolchain/13.2.Rel1/arm-none-eabi/bin/../lib/gcc/arm-none-eabi/13.2.1/../../../../arm-none-eabi/lib/thumb/v7e-m+fp/hard/libc.a(libc_a-exit.o)
                0x080054fc                exit
 .text.__sprint_r.part.0
                0x08005518       0x78 /Applications/ArmGNUToolchain/13.2.Rel1/arm-none-eabi/bin/../lib/gcc/arm-none-eabi/13.2.1/../../../../arm-none-eabi/lib/thumb/v7e-m+fp/hard/libc.a(libc_a-vfiprintf.o)
 .text._vfiprintf_r
                0x08005590     0x1008 /Applications/ArmGNUToolchain/13.2.Rel1/arm-none-eabi/bin/../lib/gcc/arm-none-eabi/13.2.1/../../../../arm-none-eabi/lib/thumb/v7e-m+fp/hard/libc.a(libc_a-vfiprintf.o)
                0x08005590                _vfiprintf_r
 .text.__sbprintf
                0x08006598       0x80 /Applications/ArmGNUToolchain/13.2.Rel1/arm-none-eabi/bin/../lib/gcc/arm-none-eabi/13.2.1/../../../../arm-none-eabi/lib/thumb/v7e-m+fp/hard/libc.a(libc_a-vfiprintf.o)
 .text.__sflush_r
                0x08006618      0x138 /Applications/ArmGNUToolchain/13.2.Rel1/arm-none-eabi/bin/../lib/gcc/arm-none-eabi/13.2.1/../../../../arm-none-eabi/lib/thumb/v7e-m+fp/hard/libc.a(libc_a-fflush.o)
                0x08006618                __sflush_r
 .text._fflush_r
                0x08006750       0x54 /Applications/ArmGNUToolchain/13.2.Rel1/arm-none-eabi/bin/../lib/gcc/arm-none-eabi/13.2.1/../../../../arm-none-eabi/lib/thumb/v7e-m+fp/hard/libc.a(libc_a-fflush.o)
                0x08006750                _fflush_r
 .text.sprintf  0x080067a4       0x40 /Applications/ArmGNUToolchain/13.2.Rel1/arm-none-eabi/bin/../lib/gcc/arm-none-eabi/13.2.1/../../../../arm-none-eabi/lib/thumb/v7e-m+fp/hard/libc.a(libc_a-sprintf.o)
                0x080067a4                sprintf
 .text.stdio_exit_handler
                0x080067e4       0x18 /Applications/ArmGNUToolchain/13.2.Rel1/arm-none-eabi/bin/../lib/gcc/arm-none-eabi/13.2.1/../../../../arm-none-eabi/lib/thumb/v7e-m+fp/hard/libc.a(libc_a-findfp.o)
 .text.cleanup_stdio
                0x080067fc       0x40 /Applications/ArmGNUToolchain/13.2.Rel1/arm-none-eabi/bin/../lib/gcc/arm-none-eabi/13.2.1/../../../../arm-none-eabi/lib/thumb/v7e-m+fp/hard/libc.a(libc_a-findfp.o)
 .text.global_stdio_init.part.0
                0x0800683c       0xf0 /Applications/ArmGNUToolchain/13.2.Rel1/arm-none-eabi/bin/../lib/gcc/arm-none-eabi/13.2.1/../../../../arm-none-eabi/lib/thumb/v7e-m+fp/hard/libc.a(libc_a-findfp.o)
 .text.__sinit  0x0800692c       0x3c /Applications/ArmGNUToolchain/13.2.Rel1/arm-none-eabi/bin/../lib/gcc/arm-none-eabi/13.2.1/../../../../arm-none-eabi/lib/thumb/v7e-m+fp/hard/libc.a(libc_a-findfp.o)
                0x0800692c                __sinit
 .text.__sfp_lock_acquire
                0x08006968        0xc /Applications/ArmGNUToolchain/13.2.Rel1/arm-none-eabi/bin/../lib/gcc/arm-none-eabi/13.2.1/../../../../arm-none-eabi/lib/thumb/v7e-m+fp/hard/libc.a(libc_a-findfp.o)
                0x08006968                __sfp_lock_acquire
 .text.__sfp_lock_release
                0x08006974        0xc /Applications/ArmGNUToolchain/13.2.Rel1/arm-none-eabi/bin/../lib/gcc/arm-none-eabi/13.2.1/../../../../arm-none-eabi/lib/thumb/v7e-m+fp/hard/libc.a(libc_a-findfp.o)
                0x08006974                __sfp_lock_release
 .text.__sfvwrite_r
                0x08006980      0x300 /Applications/ArmGNUToolchain/13.2.Rel1/arm-none-eabi/bin/../lib/gcc/arm-none-eabi/13.2.1/../../../../arm-none-eabi/lib/thumb/v7e-m+fp/hard/libc.a(libc_a-fvwrite.o)
                0x08006980                __sfvwrite_r
 .text._fwalk_sglue
                0x08006c80       0x44 /Applications/ArmGNUToolchain/13.2.Rel1/arm-none-eabi/bin/../lib/gcc/arm-none-eabi/13.2.1/../../../../arm-none-eabi/lib/thumb/v7e-m+fp/hard/libc.a(libc_a-fwalk.o)
                0x08006c80                _fwalk_sglue
 .text.__swsetup_r
                0x08006cc4       0xc4 /Applications/ArmGNUToolchain/13.2.Rel1/arm-none-eabi/bin/../lib/gcc/arm-none-eabi/13.2.1/../../../../arm-none-eabi/lib/thumb/v7e-m+fp/hard/libc.a(libc_a-wsetup.o)
                0x08006cc4                __swsetup_r
 .text.__fputwc
                0x08006d88       0x7c /Applications/ArmGNUToolchain/13.2.Rel1/arm-none-eabi/bin/../lib/gcc/arm-none-eabi/13.2.1/../../../../arm-none-eabi/lib/thumb/v7e-m+fp/hard/libc.a(libc_a-fputwc.o)
                0x08006d88                __fputwc
 .text._fputwc_r
                0x08006e04       0x60 /Applications/ArmGNUToolchain/13.2.Rel1/arm-none-eabi/bin/../lib/gcc/arm-none-eabi/13.2.1/../../../../arm-none-eabi/lib/thumb/v7e-m+fp/hard/libc.a(libc_a-fputwc.o)
                0x08006e04                _fputwc_r
 .text.memmove  0x08006e64      0x100 /Applications/ArmGNUToolchain/13.2.Rel1/arm-none-eabi/bin/../lib/gcc/arm-none-eabi/13.2.1/../../../../arm-none-eabi/lib/thumb/v7e-m+fp/hard/libc.a(libc_a-memmove.o)
                0x08006e64                memmove
 .text.memset   0x08006f64       0xa4 /Applications/ArmGNUToolchain/13.2.Rel1/arm-none-eabi/bin/../lib/gcc/arm-none-eabi/13.2.1/../../../../arm-none-eabi/lib/thumb/v7e-m+fp/hard/libc.a(libc_a-memset.o)
                0x08006f64                memset
 .text.strncpy  0x08007008       0x68 /Applications/ArmGNUToolchain/13.2.Rel1/arm-none-eabi/bin/../lib/gcc/arm-none-eabi/13.2.1/../../../../arm-none-eabi/lib/thumb/v7e-m+fp/hard/libc.a(libc_a-strncpy.o)
                0x08007008                strncpy
 .text.__locale_mb_cur_max
                0x08007070        0xc /Applications/ArmGNUToolchain/13.2.Rel1/arm-none-eabi/bin/../lib/gcc/arm-none-eabi/13.2.1/../../../../arm-none-eabi/lib/thumb/v7e-m+fp/hard/libc.a(libc_a-locale.o)
                0x08007070                __locale_mb_cur_max
 .text._localeconv_r
                0x0800707c        0x8 /Applications/ArmGNUToolchain/13.2.Rel1/arm-none-eabi/bin/../lib/gcc/arm-none-eabi/13.2.1/../../../../arm-none-eabi/lib/thumb/v7e-m+fp/hard/libc.a(libc_a-localeconv.o)
                0x0800707c                _localeconv_r
 .text.strcpy   0x08007084       0xbc /Applications/ArmGNUToolchain/13.2.Rel1/arm-none-eabi/bin/../lib/gcc/arm-none-eabi/13.2.1/../../../../arm-none-eabi/lib/thumb/v7e-m+fp/hard/libc.a(libc_a-strcpy.o)
                0x08007084                strcpy
 .text.__libc_init_array
                0x08007140       0x50 /Applications/ArmGNUToolchain/13.2.Rel1/arm-none-eabi/bin/../lib/gcc/arm-none-eabi/13.2.1/../../../../arm-none-eabi/lib/thumb/v7e-m+fp/hard/libc.a(libc_a-init.o)
                0x08007140                __libc_init_array
 .text.__retarget_lock_init_recursive
                0x08007190        0x4 /Applications/ArmGNUToolchain/13.2.Rel1/arm-none-eabi/bin/../lib/gcc/arm-none-eabi/13.2.1/../../../../arm-none-eabi/lib/thumb/v7e-m+fp/hard/libc.a(libc_a-lock.o)
                0x08007190                __retarget_lock_init_recursive
 .text.__retarget_lock_close_recursive
                0x08007194        0x4 /Applications/ArmGNUToolchain/13.2.Rel1/arm-none-eabi/bin/../lib/gcc/arm-none-eabi/13.2.1/../../../../arm-none-eabi/lib/thumb/v7e-m+fp/hard/libc.a(libc_a-lock.o)
                0x08007194                __retarget_lock_close_recursive
 .text.__retarget_lock_acquire_recursive
                0x08007198        0x4 /Applications/ArmGNUToolchain/13.2.Rel1/arm-none-eabi/bin/../lib/gcc/arm-none-eabi/13.2.1/../../../../arm-none-eabi/lib/thumb/v7e-m+fp/hard/libc.a(libc_a-lock.o)
                0x08007198                __retarget_lock_acquire_recursive
 .text.__retarget_lock_release_recursive
                0x0800719c        0x4 /Applications/ArmGNUToolchain/13.2.Rel1/arm-none-eabi/bin/../lib/gcc/arm-none-eabi/13.2.1/../../../../arm-none-eabi/lib/thumb/v7e-m+fp/hard/libc.a(libc_a-lock.o)
                0x0800719c                __retarget_lock_release_recursive
 .text          0x080071a0       0xa0 /Applications/ArmGNUToolchain/13.2.Rel1/arm-none-eabi/bin/../lib/gcc/arm-none-eabi/13.2.1/../../../../arm-none-eabi/lib/thumb/v7e-m+fp/hard/libc.a(libc_a-memchr.o)
                0x080071a0                memchr
 .text          0x08007240      0x134 /Applications/ArmGNUToolchain/13.2.Rel1/arm-none-eabi/bin/../lib/gcc/arm-none-eabi/13.2.1/../../../../arm-none-eabi/lib/thumb/v7e-m+fp/hard/libc.a(libc_a-memcpy.o)
                0x08007240                memcpy
 *fill*         0x08007374        0xc 
 .text          0x08007380       0xd8 /Applications/ArmGNUToolchain/13.2.Rel1/arm-none-eabi/bin/../lib/gcc/arm-none-eabi/13.2.1/../../../../arm-none-eabi/lib/thumb/v7e-m+fp/hard/libc.a(libc_a-strlen.o)
                0x08007380                strlen
 .text._wcrtomb_r
                0x08007458       0x4c /Applications/ArmGNUToolchain/13.2.Rel1/arm-none-eabi/bin/../lib/gcc/arm-none-eabi/13.2.1/../../../../arm-none-eabi/lib/thumb/v7e-m+fp/hard/libc.a(libc_a-wcrtomb.o)
                0x08007458                _wcrtomb_r
 .text._wcsrtombs_r
                0x080074a4       0x18 /Applications/ArmGNUToolchain/13.2.Rel1/arm-none-eabi/bin/../lib/gcc/arm-none-eabi/13.2.1/../../../../arm-none-eabi/lib/thumb/v7e-m+fp/hard/libc.a(libc_a-wcsrtombs.o)
                0x080074a4                _wcsrtombs_r
 .text.frexp    0x080074bc       0x64 /Applications/ArmGNUToolchain/13.2.Rel1/arm-none-eabi/bin/../lib/gcc/arm-none-eabi/13.2.1/../../../../arm-none-eabi/lib/thumb/v7e-m+fp/hard/libc.a(libm_a-s_frexp.o)
                0x080074bc                frexp
 .text.startup.register_fini
                0x08007520       0x14 /Applications/ArmGNUToolchain/13.2.Rel1/arm-none-eabi/bin/../lib/gcc/arm-none-eabi/13.2.1/../../../../arm-none-eabi/lib/thumb/v7e-m+fp/hard/libc.a(libc_a-__call_atexit.o)
 .text.__call_exitprocs
                0x08007534       0xc0 /Applications/ArmGNUToolchain/13.2.Rel1/arm-none-eabi/bin/../lib/gcc/arm-none-eabi/13.2.1/../../../../arm-none-eabi/lib/thumb/v7e-m+fp/hard/libc.a(libc_a-__call_atexit.o)
                0x08007534                __call_exitprocs
 .text.atexit   0x080075f4        0xc /Applications/ArmGNUToolchain/13.2.Rel1/arm-none-eabi/bin/../lib/gcc/arm-none-eabi/13.2.1/../../../../arm-none-eabi/lib/thumb/v7e-m+fp/hard/libc.a(libc_a-atexit.o)
                0x080075f4                atexit
 .text.quorem   0x08007600      0x12c /Applications/ArmGNUToolchain/13.2.Rel1/arm-none-eabi/bin/../lib/gcc/arm-none-eabi/13.2.1/../../../../arm-none-eabi/lib/thumb/v7e-m+fp/hard/libc.a(libc_a-dtoa.o)
 *fill*         0x0800772c        0x4 
 .text._dtoa_r  0x08007730      0xe80 /Applications/ArmGNUToolchain/13.2.Rel1/arm-none-eabi/bin/../lib/gcc/arm-none-eabi/13.2.1/../../../../arm-none-eabi/lib/thumb/v7e-m+fp/hard/libc.a(libc_a-dtoa.o)
                0x08007730                _dtoa_r
 .text._malloc_trim_r
                0x080085b0       0xb8 /Applications/ArmGNUToolchain/13.2.Rel1/arm-none-eabi/bin/../lib/gcc/arm-none-eabi/13.2.1/../../../../arm-none-eabi/lib/thumb/v7e-m+fp/hard/libc.a(libc_a-freer.o)
                0x080085b0                _malloc_trim_r
 .text._free_r  0x08008668      0x1f8 /Applications/ArmGNUToolchain/13.2.Rel1/arm-none-eabi/bin/../lib/gcc/arm-none-eabi/13.2.1/../../../../arm-none-eabi/lib/thumb/v7e-m+fp/hard/libc.a(libc_a-freer.o)
                0x08008668                _free_r
 .text._malloc_r
                0x08008860      0x564 /Applications/ArmGNUToolchain/13.2.Rel1/arm-none-eabi/bin/../lib/gcc/arm-none-eabi/13.2.1/../../../../arm-none-eabi/lib/thumb/v7e-m+fp/hard/libc.a(libc_a-mallocr.o)
                0x08008860                _malloc_r
 .text.__ascii_mbtowc
                0x08008dc4       0x2c /Applications/ArmGNUToolchain/13.2.Rel1/arm-none-eabi/bin/../lib/gcc/arm-none-eabi/13.2.1/../../../../arm-none-eabi/lib/thumb/v7e-m+fp/hard/libc.a(libc_a-mbtowc_r.o)
                0x08008dc4                __ascii_mbtowc
 .text._svfprintf_r
                0x08008df0     0x1b3c /Applications/ArmGNUToolchain/13.2.Rel1/arm-none-eabi/bin/../lib/gcc/arm-none-eabi/13.2.1/../../../../arm-none-eabi/lib/thumb/v7e-m+fp/hard/libc.a(libc_a-svfprintf.o)
                0x08008df0                _svfprintf_r
 .text.__smakebuf_r
                0x0800a92c       0xdc /Applications/ArmGNUToolchain/13.2.Rel1/arm-none-eabi/bin/../lib/gcc/arm-none-eabi/13.2.1/../../../../arm-none-eabi/lib/thumb/v7e-m+fp/hard/libc.a(libc_a-makebuf.o)
                0x0800a92c                __smakebuf_r
 .text.__malloc_lock
                0x0800aa08        0xc /Applications/ArmGNUToolchain/13.2.Rel1/arm-none-eabi/bin/../lib/gcc/arm-none-eabi/13.2.1/../../../../arm-none-eabi/lib/thumb/v7e-m+fp/hard/libc.a(libc_a-mlock.o)
                0x0800aa08                __malloc_lock
 .text.__malloc_unlock
                0x0800aa14        0xc /Applications/ArmGNUToolchain/13.2.Rel1/arm-none-eabi/bin/../lib/gcc/arm-none-eabi/13.2.1/../../../../arm-none-eabi/lib/thumb/v7e-m+fp/hard/libc.a(libc_a-mlock.o)
                0x0800aa14                __malloc_unlock
 .text._Balloc  0x0800aa20       0x4c /Applications/ArmGNUToolchain/13.2.Rel1/arm-none-eabi/bin/../lib/gcc/arm-none-eabi/13.2.1/../../../../arm-none-eabi/lib/thumb/v7e-m+fp/hard/libc.a(libc_a-mprec.o)
                0x0800aa20                _Balloc
 .text._Bfree   0x0800aa6c       0x14 /Applications/ArmGNUToolchain/13.2.Rel1/arm-none-eabi/bin/../lib/gcc/arm-none-eabi/13.2.1/../../../../arm-none-eabi/lib/thumb/v7e-m+fp/hard/libc.a(libc_a-mprec.o)
                0x0800aa6c                _Bfree
 .text.__multadd
                0x0800aa80       0xa0 /Applications/ArmGNUToolchain/13.2.Rel1/arm-none-eabi/bin/../lib/gcc/arm-none-eabi/13.2.1/../../../../arm-none-eabi/lib/thumb/v7e-m+fp/hard/libc.a(libc_a-mprec.o)
                0x0800aa80                __multadd
 .text.__hi0bits
                0x0800ab20       0x44 /Applications/ArmGNUToolchain/13.2.Rel1/arm-none-eabi/bin/../lib/gcc/arm-none-eabi/13.2.1/../../../../arm-none-eabi/lib/thumb/v7e-m+fp/hard/libc.a(libc_a-mprec.o)
                0x0800ab20                __hi0bits
 .text.__lo0bits
                0x0800ab64       0x60 /Applications/ArmGNUToolchain/13.2.Rel1/arm-none-eabi/bin/../lib/gcc/arm-none-eabi/13.2.1/../../../../arm-none-eabi/lib/thumb/v7e-m+fp/hard/libc.a(libc_a-mprec.o)
                0x0800ab64                __lo0bits
 .text.__i2b    0x0800abc4       0x5c /Applications/ArmGNUToolchain/13.2.Rel1/arm-none-eabi/bin/../lib/gcc/arm-none-eabi/13.2.1/../../../../arm-none-eabi/lib/thumb/v7e-m+fp/hard/libc.a(libc_a-mprec.o)
                0x0800abc4                __i2b
 .text.__multiply
                0x0800ac20      0x16c /Applications/ArmGNUToolchain/13.2.Rel1/arm-none-eabi/bin/../lib/gcc/arm-none-eabi/13.2.1/../../../../arm-none-eabi/lib/thumb/v7e-m+fp/hard/libc.a(libc_a-mprec.o)
                0x0800ac20                __multiply
 .text.__pow5mult
                0x0800ad8c       0xb4 /Applications/ArmGNUToolchain/13.2.Rel1/arm-none-eabi/bin/../lib/gcc/arm-none-eabi/13.2.1/../../../../arm-none-eabi/lib/thumb/v7e-m+fp/hard/libc.a(libc_a-mprec.o)
                0x0800ad8c                __pow5mult
 .text.__lshift
                0x0800ae40       0xf0 /Applications/ArmGNUToolchain/13.2.Rel1/arm-none-eabi/bin/../lib/gcc/arm-none-eabi/13.2.1/../../../../arm-none-eabi/lib/thumb/v7e-m+fp/hard/libc.a(libc_a-mprec.o)
                0x0800ae40                __lshift
 .text.__mcmp   0x0800af30       0x44 /Applications/ArmGNUToolchain/13.2.Rel1/arm-none-eabi/bin/../lib/gcc/arm-none-eabi/13.2.1/../../../../arm-none-eabi/lib/thumb/v7e-m+fp/hard/libc.a(libc_a-mprec.o)
                0x0800af30                __mcmp
 .text.__mdiff  0x0800af74      0x178 /Applications/ArmGNUToolchain/13.2.Rel1/arm-none-eabi/bin/../lib/gcc/arm-none-eabi/13.2.1/../../../../arm-none-eabi/lib/thumb/v7e-m+fp/hard/libc.a(libc_a-mprec.o)
                0x0800af74                __mdiff
 .text.__d2b    0x0800b0ec       0xc0 /Applications/ArmGNUToolchain/13.2.Rel1/arm-none-eabi/bin/../lib/gcc/arm-none-eabi/13.2.1/../../../../arm-none-eabi/lib/thumb/v7e-m+fp/hard/libc.a(libc_a-mprec.o)
                0x0800b0ec                __d2b
 .text._fclose_r
                0x0800b1ac       0xc0 /Applications/ArmGNUToolchain/13.2.Rel1/arm-none-eabi/bin/../lib/gcc/arm-none-eabi/13.2.1/../../../../arm-none-eabi/lib/thumb/v7e-m+fp/hard/libc.a(libc_a-fclose.o)
                0x0800b1ac                _fclose_r
 .text._realloc_r
                0x0800b26c      0x344 /Applications/ArmGNUToolchain/13.2.Rel1/arm-none-eabi/bin/../lib/gcc/arm-none-eabi/13.2.1/../../../../arm-none-eabi/lib/thumb/v7e-m+fp/hard/libc.a(libc_a-reallocr.o)
                0x0800b26c                _realloc_r
 .text.__sread  0x0800b5b0       0x24 /Applications/ArmGNUToolchain/13.2.Rel1/arm-none-eabi/bin/../lib/gcc/arm-none-eabi/13.2.1/../../../../arm-none-eabi/lib/thumb/v7e-m+fp/hard/libc.a(libc_a-stdio.o)
                0x0800b5b0                __sread
 .text.__swrite
                0x0800b5d4       0x40 /Applications/ArmGNUToolchain/13.2.Rel1/arm-none-eabi/bin/../lib/gcc/arm-none-eabi/13.2.1/../../../../arm-none-eabi/lib/thumb/v7e-m+fp/hard/libc.a(libc_a-stdio.o)
                0x0800b5d4                __swrite
 .text.__sseek  0x0800b614       0x24 /Applications/ArmGNUToolchain/13.2.Rel1/arm-none-eabi/bin/../lib/gcc/arm-none-eabi/13.2.1/../../../../arm-none-eabi/lib/thumb/v7e-m+fp/hard/libc.a(libc_a-stdio.o)
                0x0800b614                __sseek
 .text.__sclose
                0x0800b638        0x8 /Applications/ArmGNUToolchain/13.2.Rel1/arm-none-eabi/bin/../lib/gcc/arm-none-eabi/13.2.1/../../../../arm-none-eabi/lib/thumb/v7e-m+fp/hard/libc.a(libc_a-stdio.o)
                0x0800b638                __sclose
 .text.__ascii_wctomb
                0x0800b640       0x1c /Applications/ArmGNUToolchain/13.2.Rel1/arm-none-eabi/bin/../lib/gcc/arm-none-eabi/13.2.1/../../../../arm-none-eabi/lib/thumb/v7e-m+fp/hard/libc.a(libc_a-wctomb_r.o)
                0x0800b640                __ascii_wctomb
 .text.__swbuf_r
                0x0800b65c       0xac /Applications/ArmGNUToolchain/13.2.Rel1/arm-none-eabi/bin/../lib/gcc/arm-none-eabi/13.2.1/../../../../arm-none-eabi/lib/thumb/v7e-m+fp/hard/libc.a(libc_a-wbuf.o)
                0x0800b65c                __swbuf_r
 .text._close_r
                0x0800b708       0x24 /Applications/ArmGNUToolchain/13.2.Rel1/arm-none-eabi/bin/../lib/gcc/arm-none-eabi/13.2.1/../../../../arm-none-eabi/lib/thumb/v7e-m+fp/hard/libc.a(libc_a-closer.o)
                0x0800b708                _close_r
 .text._fstat_r
                0x0800b72c       0x2c /Applications/ArmGNUToolchain/13.2.Rel1/arm-none-eabi/bin/../lib/gcc/arm-none-eabi/13.2.1/../../../../arm-none-eabi/lib/thumb/v7e-m+fp/hard/libc.a(libc_a-fstatr.o)
                0x0800b72c                _fstat_r
 .text._isatty_r
                0x0800b758       0x24 /Applications/ArmGNUToolchain/13.2.Rel1/arm-none-eabi/bin/../lib/gcc/arm-none-eabi/13.2.1/../../../../arm-none-eabi/lib/thumb/v7e-m+fp/hard/libc.a(libc_a-isattyr.o)
                0x0800b758                _isatty_r
 .text._lseek_r
                0x0800b77c       0x2c /Applications/ArmGNUToolchain/13.2.Rel1/arm-none-eabi/bin/../lib/gcc/arm-none-eabi/13.2.1/../../../../arm-none-eabi/lib/thumb/v7e-m+fp/hard/libc.a(libc_a-lseekr.o)
                0x0800b77c                _lseek_r
 .text._read_r  0x0800b7a8       0x2c /Applications/ArmGNUToolchain/13.2.Rel1/arm-none-eabi/bin/../lib/gcc/arm-none-eabi/13.2.1/../../../../arm-none-eabi/lib/thumb/v7e-m+fp/hard/libc.a(libc_a-readr.o)
                0x0800b7a8                _read_r
 .text._sbrk_r  0x0800b7d4       0x24 /Applications/ArmGNUToolchain/13.2.Rel1/arm-none-eabi/bin/../lib/gcc/arm-none-eabi/13.2.1/../../../../arm-none-eabi/lib/thumb/v7e-m+fp/hard/libc.a(libc_a-sbrkr.o)
                0x0800b7d4                _sbrk_r
 .text._write_r
                0x0800b7f8       0x2c /Applications/ArmGNUToolchain/13.2.Rel1/arm-none-eabi/bin/../lib/gcc/arm-none-eabi/13.2.1/../../../../arm-none-eabi/lib/thumb/v7e-m+fp/hard/libc.a(libc_a-writer.o)
                0x0800b7f8                _write_r
 .text.__errno  0x0800b824        0xc /Applications/ArmGNUToolchain/13.2.Rel1/arm-none-eabi/bin/../lib/gcc/arm-none-eabi/13.2.1/../../../../arm-none-eabi/lib/thumb/v7e-m+fp/hard/libc.a(libc_a-errno.o)
                0x0800b824                __errno
 .text.sysconf  0x0800b830       0x1c /Applications/ArmGNUToolchain/13.2.Rel1/arm-none-eabi/bin/../lib/gcc/arm-none-eabi/13.2.1/../../../../arm-none-eabi/lib/thumb/v7e-m+fp/hard/libc.a(libc_a-sysconf.o)
                0x0800b830                sysconf
 .text.__libc_fini_array
                0x0800b84c       0x28 /Applications/ArmGNUToolchain/13.2.Rel1/arm-none-eabi/bin/../lib/gcc/arm-none-eabi/13.2.1/../../../../arm-none-eabi/lib/thumb/v7e-m+fp/hard/libc.a(libc_a-fini.o)
                0x0800b84c                __libc_fini_array
 .text._wcsnrtombs_l
                0x0800b874       0xfc /Applications/ArmGNUToolchain/13.2.Rel1/arm-none-eabi/bin/../lib/gcc/arm-none-eabi/13.2.1/../../../../arm-none-eabi/lib/thumb/v7e-m+fp/hard/libc.a(libc_a-wcsnrtombs.o)
                0x0800b874                _wcsnrtombs_l
 .text._wcsnrtombs_r
                0x0800b970       0x24 /Applications/ArmGNUToolchain/13.2.Rel1/arm-none-eabi/bin/../lib/gcc/arm-none-eabi/13.2.1/../../../../arm-none-eabi/lib/thumb/v7e-m+fp/hard/libc.a(libc_a-wcsnrtombs.o)
                0x0800b970                _wcsnrtombs_r
 .text.__register_exitproc
                0x0800b994       0x80 /Applications/ArmGNUToolchain/13.2.Rel1/arm-none-eabi/bin/../lib/gcc/arm-none-eabi/13.2.1/../../../../arm-none-eabi/lib/thumb/v7e-m+fp/hard/libc.a(libc_a-__atexit.o)
                0x0800b994                __register_exitproc
 .text.__assert_func
                0x0800ba14       0x40 /Applications/ArmGNUToolchain/13.2.Rel1/arm-none-eabi/bin/../lib/gcc/arm-none-eabi/13.2.1/../../../../arm-none-eabi/lib/thumb/v7e-m+fp/hard/libc.a(libc_a-assert.o)
                0x0800ba14                __assert_func
 .text._calloc_r
                0x0800ba54       0x6c /Applications/ArmGNUToolchain/13.2.Rel1/arm-none-eabi/bin/../lib/gcc/arm-none-eabi/13.2.1/../../../../arm-none-eabi/lib/thumb/v7e-m+fp/hard/libc.a(libc_a-callocr.o)
                0x0800ba54                _calloc_r
 .text.fiprintf
                0x0800bac0       0x28 /Applications/ArmGNUToolchain/13.2.Rel1/arm-none-eabi/bin/../lib/gcc/arm-none-eabi/13.2.1/../../../../arm-none-eabi/lib/thumb/v7e-m+fp/hard/libc.a(libc_a-fiprintf.o)
                0x0800bac0                fiprintf
 .text.__ssprint_r
                0x0800bae8      0x108 /Applications/ArmGNUToolchain/13.2.Rel1/arm-none-eabi/bin/../lib/gcc/arm-none-eabi/13.2.1/../../../../arm-none-eabi/lib/thumb/v7e-m+fp/hard/libc.a(libc_a-svfiprintf.o)
                0x0800bae8                __ssprint_r
 .text.abort    0x0800bbf0       0x10 /Applications/ArmGNUToolchain/13.2.Rel1/arm-none-eabi/bin/../lib/gcc/arm-none-eabi/13.2.1/../../../../arm-none-eabi/lib/thumb/v7e-m+fp/hard/libc.a(libc_a-abort.o)
                0x0800bbf0                abort
 .text.raise    0x0800bc00       0x58 /Applications/ArmGNUToolchain/13.2.Rel1/arm-none-eabi/bin/../lib/gcc/arm-none-eabi/13.2.1/../../../../arm-none-eabi/lib/thumb/v7e-m+fp/hard/libc.a(libc_a-signal.o)
                0x0800bc00                raise
 .text._kill_r  0x0800bc58       0x2c /Applications/ArmGNUToolchain/13.2.Rel1/arm-none-eabi/bin/../lib/gcc/arm-none-eabi/13.2.1/../../../../arm-none-eabi/lib/thumb/v7e-m+fp/hard/libc.a(libc_a-signalr.o)
                0x0800bc58                _kill_r
 .text._getpid_r
                0x0800bc84        0x4 /Applications/ArmGNUToolchain/13.2.Rel1/arm-none-eabi/bin/../lib/gcc/arm-none-eabi/13.2.1/../../../../arm-none-eabi/lib/thumb/v7e-m+fp/hard/libc.a(libc_a-signalr.o)
                0x0800bc84                _getpid_r
 .text._sbrk    0x0800bc88       0x1c /Applications/ArmGNUToolchain/13.2.Rel1/arm-none-eabi/bin/../lib/gcc/arm-none-eabi/13.2.1/../../../../arm-none-eabi/lib/thumb/v7e-m+fp/hard/libnosys.a(sbrk.o)
                0x0800bc88                _sbrk
 .text._exit    0x0800bca4        0x4 /Applications/ArmGNUToolchain/13.2.Rel1/arm-none-eabi/bin/../lib/gcc/arm-none-eabi/13.2.1/../../../../arm-none-eabi/lib/thumb/v7e-m+fp/hard/libnosys.a(_exit.o)
                0x0800bca4                _exit
 .text          0x0800bca8      0x378 /Applications/ArmGNUToolchain/13.2.Rel1/arm-none-eabi/bin/../lib/gcc/arm-none-eabi/13.2.1/thumb/v7e-m+fp/hard/libgcc.a(_arm_addsubdf3.o)
                0x0800bca8                __aeabi_drsub
                0x0800bcb0                __subdf3
                0x0800bcb0                __aeabi_dsub
                0x0800bcb4                __aeabi_dadd
                0x0800bcb4                __adddf3
                0x0800bf2c                __aeabi_ui2d
                0x0800bf2c                __floatunsidf
                0x0800bf4c                __floatsidf
                0x0800bf4c                __aeabi_i2d
                0x0800bf70                __extendsfdf2
                0x0800bf70                __aeabi_f2d
                0x0800bfb4                __aeabi_ul2d
                0x0800bfb4                __floatundidf
                0x0800bfc4                __aeabi_l2d
                0x0800bfc4                __floatdidf
 .text          0x0800c020      0x424 /Applications/ArmGNUToolchain/13.2.Rel1/arm-none-eabi/bin/../lib/gcc/arm-none-eabi/13.2.1/thumb/v7e-m+fp/hard/libgcc.a(_arm_muldivdf3.o)
                0x0800c020                __aeabi_dmul
                0x0800c020                __muldf3
                0x0800c274                __aeabi_ddiv
                0x0800c274                __divdf3
 .text          0x0800c444      0x110 /Applications/ArmGNUToolchain/13.2.Rel1/arm-none-eabi/bin/../lib/gcc/arm-none-eabi/13.2.1/thumb/v7e-m+fp/hard/libgcc.a(_arm_cmpdf2.o)
                0x0800c444                __gedf2
                0x0800c444                __gtdf2
                0x0800c44c                __ledf2
                0x0800c44c                __ltdf2
                0x0800c454                __cmpdf2
                0x0800c454                __eqdf2
                0x0800c454                __nedf2
                0x0800c4d0                __aeabi_cdrcmple
                0x0800c4e0                __aeabi_cdcmple
                0x0800c4e0                __aeabi_cdcmpeq
                0x0800c4f0                __aeabi_dcmpeq
                0x0800c504                __aeabi_dcmplt
                0x0800c518                __aeabi_dcmple
                0x0800c52c                __aeabi_dcmpge
                0x0800c540                __aeabi_dcmpgt
 .text          0x0800c554       0x2c /Applications/ArmGNUToolchain/13.2.Rel1/arm-none-eabi/bin/../lib/gcc/arm-none-eabi/13.2.1/thumb/v7e-m+fp/hard/libgcc.a(_arm_unorddf2.o)
                0x0800c554                __aeabi_dcmpun
                0x0800c554                __unorddf2
 .text          0x0800c580       0x50 /Applications/ArmGNUToolchain/13.2.Rel1/arm-none-eabi/bin/../lib/gcc/arm-none-eabi/13.2.1/thumb/v7e-m+fp/hard/libgcc.a(_arm_fixdfsi.o)
                0x0800c580                __fixdfsi
                0x0800c580                __aeabi_d2iz
 *(.init)
 .init          0x0800c5d0        0x4 /Applications/ArmGNUToolchain/13.2.Rel1/arm-none-eabi/bin/../lib/gcc/arm-none-eabi/13.2.1/thumb/v7e-m+fp/hard/crti.o
                0x0800c5d0                _init
 .init          0x0800c5d4        0x8 /Applications/ArmGNUToolchain/13.2.Rel1/arm-none-eabi/bin/../lib/gcc/arm-none-eabi/13.2.1/thumb/v7e-m+fp/hard/crtn.o
 *(.fini)
 .fini          0x0800c5dc        0x4 /Applications/ArmGNUToolchain/13.2.Rel1/arm-none-eabi/bin/../lib/gcc/arm-none-eabi/13.2.1/thumb/v7e-m+fp/hard/crti.o
                0x0800c5dc                _fini
 .fini          0x0800c5e0        0x8 /Applications/ArmGNUToolchain/13.2.Rel1/arm-none-eabi/bin/../lib/gcc/arm-none-eabi/13.2.1/thumb/v7e-m+fp/hard/crtn.o
 *crtbegin.o(.ctors)
 *crtbegin?.o(.ctors)
 *(EXCLUDE_FILE(*crtend.o *crtend?.o) .ctors)
 *(SORT_BY_NAME(.ctors.*))
 *(.ctors)
 *crtbegin.o(.dtors)
 *crtbegin?.o(.dtors)
 *(EXCLUDE_FILE(*crtend.o *crtend?.o) .dtors)
 *(SORT_BY_NAME(.dtors.*))
 *(.dtors)
 *(.rodata*)
 .rodata.R      0x0800c5e8       0x18 obj/Lab5D-Main-c.o
 .rodata.A      0x0800c600       0x34 obj/Lab5D-Main-c.o
 .rodata.W      0x0800c634       0x48 obj/Lab5D-Main-c.o
 .rodata        0x0800c67c      0x16a obj/Lab5D-Main-c.o
 .rodata.DisplayHeader.str1.1
                0x0800c7e6      0x23f library.a(initialize.o)
                                 0x27 (size before relaxing)
 .rodata._write.str1.1
                0x0800ca25        0x1 library.a(initialize.o)
 .rodata.Font12_Table
                0x0800ca25      0x474 library.a(stm32f429i_discovery_lcd.o)
                0x0800ca25                Font12_Table
 .rodata.Font16_Table
                0x0800ce99      0xbe0 library.a(stm32f429i_discovery_lcd.o)
                0x0800ce99                Font16_Table
 .rodata.Font20_Table
                0x0800da79      0xed8 library.a(stm32f429i_discovery_lcd.o)
                0x0800da79                Font20_Table
 .rodata.Font24_Table
                0x0800e951     0x1ab8 library.a(stm32f429i_discovery_lcd.o)
                0x0800e951                Font24_Table
 .rodata.CSWTCH.4
                0x08010409        0x7 library.a(stm32f4xx_hal_ltdc.o)
 .rodata.APBAHBPrescTable
                0x08010410       0x10 library.a(stm32f4xx_hal_rcc.o)
                0x08010410                APBAHBPrescTable
 .rodata.SVC_Label.str1.1
                0x08010420        0xe library.a(svcHandler.o)
 .rodata.F32.str1.1
                0x08010420       0x20 library.a(svcHandler.o)
 .rodata.FlPtRegs.str1.1
                0x08010420       0x1a library.a(svcHandler.o)
 .rodata._MemManageHandler.str1.1
                0x08010420       0x10 library.a(svcHandler.o)
 .rodata._BusFault_Handler.str1.1
                0x08010420        0xb library.a(svcHandler.o)
 .rodata._HardFault_Handler.str1.1
                0x08010420        0xc library.a(svcHandler.o)
 .rodata._UsageFault_Handler.str1.1
                0x08010420       0x76 library.a(svcHandler.o)
 .rodata.SVC_Exception.str1.1
                0x08010420       0x15 library.a(svcHandler.o)
 .rodata.str1.1
                0x08010420      0x11e library.a(svcHandler.o)
 .rodata._vfiprintf_r.str1.4
                0x08010420      0x1b7 /Applications/ArmGNUToolchain/13.2.Rel1/arm-none-eabi/bin/../lib/gcc/arm-none-eabi/13.2.1/../../../../arm-none-eabi/lib/thumb/v7e-m+fp/hard/libc.a(libc_a-vfiprintf.o)
                                 0x2f (size before relaxing)
 *fill*         0x080105d7        0x1 
 .rodata.zeroes.0
                0x080105d8       0x10 /Applications/ArmGNUToolchain/13.2.Rel1/arm-none-eabi/bin/../lib/gcc/arm-none-eabi/13.2.1/../../../../arm-none-eabi/lib/thumb/v7e-m+fp/hard/libc.a(libc_a-vfiprintf.o)
 .rodata.blanks.1
                0x080105e8       0x10 /Applications/ArmGNUToolchain/13.2.Rel1/arm-none-eabi/bin/../lib/gcc/arm-none-eabi/13.2.1/../../../../arm-none-eabi/lib/thumb/v7e-m+fp/hard/libc.a(libc_a-vfiprintf.o)
 .rodata.str1.4
                0x080105f8       0x4c /Applications/ArmGNUToolchain/13.2.Rel1/arm-none-eabi/bin/../lib/gcc/arm-none-eabi/13.2.1/../../../../arm-none-eabi/lib/thumb/v7e-m+fp/hard/libc.a(libc_a-locale.o)
 .rodata._ctype_
                0x080105f8      0x101 /Applications/ArmGNUToolchain/13.2.Rel1/arm-none-eabi/bin/../lib/gcc/arm-none-eabi/13.2.1/../../../../arm-none-eabi/lib/thumb/v7e-m+fp/hard/libc.a(libc_a-ctype_.o)
                0x080105f8                _ctype_
 .rodata._dtoa_r.str1.4
                0x080106f9       0x89 /Applications/ArmGNUToolchain/13.2.Rel1/arm-none-eabi/bin/../lib/gcc/arm-none-eabi/13.2.1/../../../../arm-none-eabi/lib/thumb/v7e-m+fp/hard/libc.a(libc_a-dtoa.o)
 .rodata._svfprintf_r.str1.4
                0x080106f9       0x42 /Applications/ArmGNUToolchain/13.2.Rel1/arm-none-eabi/bin/../lib/gcc/arm-none-eabi/13.2.1/../../../../arm-none-eabi/lib/thumb/v7e-m+fp/hard/libc.a(libc_a-svfprintf.o)
 *fill*         0x080106f9        0x3 
 .rodata.zeroes.0
                0x080106fc       0x10 /Applications/ArmGNUToolchain/13.2.Rel1/arm-none-eabi/bin/../lib/gcc/arm-none-eabi/13.2.1/../../../../arm-none-eabi/lib/thumb/v7e-m+fp/hard/libc.a(libc_a-svfprintf.o)
 .rodata.blanks.1
                0x0801070c       0x10 /Applications/ArmGNUToolchain/13.2.Rel1/arm-none-eabi/bin/../lib/gcc/arm-none-eabi/13.2.1/../../../../arm-none-eabi/lib/thumb/v7e-m+fp/hard/libc.a(libc_a-svfprintf.o)
 .rodata.__multadd.str1.4
                0x0801071c       0x76 /Applications/ArmGNUToolchain/13.2.Rel1/arm-none-eabi/bin/../lib/gcc/arm-none-eabi/13.2.1/../../../../arm-none-eabi/lib/thumb/v7e-m+fp/hard/libc.a(libc_a-mprec.o)
 .rodata.p05.0  0x0801071c        0xc /Applications/ArmGNUToolchain/13.2.Rel1/arm-none-eabi/bin/../lib/gcc/arm-none-eabi/13.2.1/../../../../arm-none-eabi/lib/thumb/v7e-m+fp/hard/libc.a(libc_a-mprec.o)
 .rodata.__mprec_bigtens
                0x08010728       0x28 /Applications/ArmGNUToolchain/13.2.Rel1/arm-none-eabi/bin/../lib/gcc/arm-none-eabi/13.2.1/../../../../arm-none-eabi/lib/thumb/v7e-m+fp/hard/libc.a(libc_a-mprec.o)
                0x08010728                __mprec_bigtens
 .rodata.__mprec_tens
                0x08010750       0xc8 /Applications/ArmGNUToolchain/13.2.Rel1/arm-none-eabi/bin/../lib/gcc/arm-none-eabi/13.2.1/../../../../arm-none-eabi/lib/thumb/v7e-m+fp/hard/libc.a(libc_a-mprec.o)
                0x08010750                __mprec_tens
 .rodata.__assert_func.str1.4
                0x08010818       0x43 /Applications/ArmGNUToolchain/13.2.Rel1/arm-none-eabi/bin/../lib/gcc/arm-none-eabi/13.2.1/../../../../arm-none-eabi/lib/thumb/v7e-m+fp/hard/libc.a(libc_a-assert.o)
 *(.eh_frame*)
 .eh_frame      0x08010818        0x0 /Applications/ArmGNUToolchain/13.2.Rel1/arm-none-eabi/bin/../lib/gcc/arm-none-eabi/13.2.1/thumb/v7e-m+fp/hard/crtbegin.o
 .eh_frame      0x08010818       0x50 /Applications/ArmGNUToolchain/13.2.Rel1/arm-none-eabi/bin/../lib/gcc/arm-none-eabi/13.2.1/../../../../arm-none-eabi/lib/thumb/v7e-m+fp/hard/libc.a(libc_a-memchr.o)
 .eh_frame      0x08010868       0x2c /Applications/ArmGNUToolchain/13.2.Rel1/arm-none-eabi/bin/../lib/gcc/arm-none-eabi/13.2.1/../../../../arm-none-eabi/lib/thumb/v7e-m+fp/hard/libc.a(libc_a-memcpy.o)
 .eh_frame      0x08010894       0x34 /Applications/ArmGNUToolchain/13.2.Rel1/arm-none-eabi/bin/../lib/gcc/arm-none-eabi/13.2.1/../../../../arm-none-eabi/lib/thumb/v7e-m+fp/hard/libc.a(libc_a-strlen.o)
 .eh_frame      0x080108c8        0x4 /Applications/ArmGNUToolchain/13.2.Rel1/arm-none-eabi/bin/../lib/gcc/arm-none-eabi/13.2.1/thumb/v7e-m+fp/hard/crtend.o

.glue_7         0x080108cc        0x0
 .glue_7        0x080108cc        0x0 linker stubs

.glue_7t        0x080108cc        0x0
 .glue_7t       0x080108cc        0x0 linker stubs

.vfp11_veneer   0x080108cc        0x0
 .vfp11_veneer  0x080108cc        0x0 linker stubs

.v4_bx          0x080108cc        0x0
 .v4_bx         0x080108cc        0x0 linker stubs

.iplt           0x080108cc        0x0
 .iplt          0x080108cc        0x0 /Applications/ArmGNUToolchain/13.2.Rel1/arm-none-eabi/bin/../lib/gcc/arm-none-eabi/13.2.1/thumb/v7e-m+fp/hard/crtbegin.o

.ARM.extab
 *(.ARM.extab* .gnu.linkonce.armextab.*)
                0x080108cc                        __exidx_start = .

.ARM.exidx      0x080108cc        0x8
 *(.ARM.exidx* .gnu.linkonce.armexidx.*)
 .ARM.exidx     0x080108cc        0x8 /Applications/ArmGNUToolchain/13.2.Rel1/arm-none-eabi/bin/../lib/gcc/arm-none-eabi/13.2.1/../../../../arm-none-eabi/lib/thumb/v7e-m+fp/hard/crt0.o
                                 0x10 (size before relaxing)
 .ARM.exidx     0x080108d4        0x0 /Applications/ArmGNUToolchain/13.2.Rel1/arm-none-eabi/bin/../lib/gcc/arm-none-eabi/13.2.1/../../../../arm-none-eabi/lib/thumb/v7e-m+fp/hard/libc.a(libc_a-memchr.o)
                                  0x8 (size before relaxing)
 .ARM.exidx     0x080108d4        0x0 /Applications/ArmGNUToolchain/13.2.Rel1/arm-none-eabi/bin/../lib/gcc/arm-none-eabi/13.2.1/../../../../arm-none-eabi/lib/thumb/v7e-m+fp/hard/libc.a(libc_a-memcpy.o)
                                  0x8 (size before relaxing)
 .ARM.exidx     0x080108d4        0x0 /Applications/ArmGNUToolchain/13.2.Rel1/arm-none-eabi/bin/../lib/gcc/arm-none-eabi/13.2.1/../../../../arm-none-eabi/lib/thumb/v7e-m+fp/hard/libc.a(libc_a-strlen.o)
                                  0x8 (size before relaxing)
                0x080108d4                        __exidx_end = .
                0x080108d4                        __etext = .

.rel.dyn        0x080108d4        0x0
 .rel.iplt      0x080108d4        0x0 /Applications/ArmGNUToolchain/13.2.Rel1/arm-none-eabi/bin/../lib/gcc/arm-none-eabi/13.2.1/thumb/v7e-m+fp/hard/crtbegin.o

.data           0x20000000      0x8d8 load address 0x080108d4
                0x20000000                        __data_start__ = .
 *(vtable)
 *(.data*)
 .data.message.3
                0x20000000       0x2c obj/Lab5D-Main-c.o
 .data.adjusts  0x2000002c       0x54 obj/Lab5D-Main-c.o
 .data.Rindex   0x20000080        0x4 obj/Lab5D-Main-c.o
 .data.Aindex   0x20000084        0x4 obj/Lab5D-Main-c.o
 .data.BUTTON_PORT
                0x20000088        0x4 library.a(stm32f429i_discovery.o)
                0x20000088                BUTTON_PORT
 .data.I2cxTimeout
                0x2000008c        0x4 library.a(stm32f429i_discovery.o)
                0x2000008c                I2cxTimeout
 .data.SpixTimeout
                0x20000090        0x4 library.a(stm32f429i_discovery.o)
                0x20000090                SpixTimeout
 .data.Font12   0x20000094        0x8 library.a(stm32f429i_discovery_lcd.o)
                0x20000094                Font12
 .data.Font16   0x2000009c        0x8 library.a(stm32f429i_discovery_lcd.o)
                0x2000009c                Font16
 .data.Font20   0x200000a4        0x8 library.a(stm32f429i_discovery_lcd.o)
                0x200000a4                Font20
 .data.Font24   0x200000ac        0x8 library.a(stm32f429i_discovery_lcd.o)
                0x200000ac                Font24
 .data.context.0
                0x200000b4       0x20 library.a(svcHandler.o)
 .data.context.1
                0x200000d4       0x20 library.a(svcHandler.o)
 .data.context.3
                0x200000f4       0x20 library.a(svcHandler.o)
 .data.context.6
                0x20000114       0x20 library.a(svcHandler.o)
 .data.lines.2  0x20000134       0x30 library.a(svcHandler.o)
 .data.lines.5  0x20000164       0x40 library.a(svcHandler.o)
 .data.SystemCoreClock
                0x200001a4        0x4 library.a(system_stm32f4xx.o)
                0x200001a4                SystemCoreClock
 .data.x        0x200001a8        0x4 library.a(touch.o)
 .data.y        0x200001ac        0x4 library.a(touch.o)
 .data.ili9341_drv
                0x200001b0       0x38 library.a(ili9341.o)
                0x200001b0                ili9341_drv
 .data.stmpe811_ts_drv
                0x200001e8       0x28 library.a(stmpe811.o)
                0x200001e8                stmpe811_ts_drv
 .data.__sglue  0x20000210        0xc /Applications/ArmGNUToolchain/13.2.Rel1/arm-none-eabi/bin/../lib/gcc/arm-none-eabi/13.2.1/../../../../arm-none-eabi/lib/thumb/v7e-m+fp/hard/libc.a(libc_a-findfp.o)
                0x20000210                __sglue
 .data.__global_locale
                0x2000021c      0x16c /Applications/ArmGNUToolchain/13.2.Rel1/arm-none-eabi/bin/../lib/gcc/arm-none-eabi/13.2.1/../../../../arm-none-eabi/lib/thumb/v7e-m+fp/hard/libc.a(libc_a-locale.o)
                0x2000021c                __global_locale
 .data._impure_ptr
                0x20000388        0x4 /Applications/ArmGNUToolchain/13.2.Rel1/arm-none-eabi/bin/../lib/gcc/arm-none-eabi/13.2.1/../../../../arm-none-eabi/lib/thumb/v7e-m+fp/hard/libc.a(libc_a-impure.o)
                0x20000388                _impure_ptr
 *fill*         0x2000038c        0x4 
 .data._impure_data
                0x20000390      0x120 /Applications/ArmGNUToolchain/13.2.Rel1/arm-none-eabi/bin/../lib/gcc/arm-none-eabi/13.2.1/../../../../arm-none-eabi/lib/thumb/v7e-m+fp/hard/libc.a(libc_a-impure.o)
                0x20000390                _impure_data
 .data.__atexit_recursive_mutex
                0x200004b0        0x4 /Applications/ArmGNUToolchain/13.2.Rel1/arm-none-eabi/bin/../lib/gcc/arm-none-eabi/13.2.1/../../../../arm-none-eabi/lib/thumb/v7e-m+fp/hard/libc.a(libc_a-__call_atexit.o)
                0x200004b0                __atexit_recursive_mutex
 .data.__malloc_sbrk_base
                0x200004b4        0x4 /Applications/ArmGNUToolchain/13.2.Rel1/arm-none-eabi/bin/../lib/gcc/arm-none-eabi/13.2.1/../../../../arm-none-eabi/lib/thumb/v7e-m+fp/hard/libc.a(libc_a-mallocr.o)
                0x200004b4                __malloc_sbrk_base
 .data.__malloc_trim_threshold
                0x200004b8        0x4 /Applications/ArmGNUToolchain/13.2.Rel1/arm-none-eabi/bin/../lib/gcc/arm-none-eabi/13.2.1/../../../../arm-none-eabi/lib/thumb/v7e-m+fp/hard/libc.a(libc_a-mallocr.o)
                0x200004b8                __malloc_trim_threshold
 *fill*         0x200004bc        0x4 
 .data.__malloc_av_
                0x200004c0      0x408 /Applications/ArmGNUToolchain/13.2.Rel1/arm-none-eabi/bin/../lib/gcc/arm-none-eabi/13.2.1/../../../../arm-none-eabi/lib/thumb/v7e-m+fp/hard/libc.a(libc_a-mallocr.o)
                0x200004c0                __malloc_av_
                0x200008c8                        . = ALIGN (0x4)
                0x200008c8                        PROVIDE (__preinit_array_start = .)
 *(.preinit_array)
                0x200008c8                        PROVIDE (__preinit_array_end = .)
                0x200008c8                        . = ALIGN (0x4)
                0x200008c8                        PROVIDE (__init_array_start = .)
 *(SORT_BY_NAME(.init_array.*))
 .init_array.00000
                0x200008c8        0x4 /Applications/ArmGNUToolchain/13.2.Rel1/arm-none-eabi/bin/../lib/gcc/arm-none-eabi/13.2.1/../../../../arm-none-eabi/lib/thumb/v7e-m+fp/hard/libc.a(libc_a-__call_atexit.o)
 *(.init_array)
 .init_array    0x200008cc        0x4 /Applications/ArmGNUToolchain/13.2.Rel1/arm-none-eabi/bin/../lib/gcc/arm-none-eabi/13.2.1/thumb/v7e-m+fp/hard/crtbegin.o
                0x200008d0                        PROVIDE (__init_array_end = .)
                0x200008d0                        . = ALIGN (0x8)
                0x200008d0                        PROVIDE (__fini_array_start = .)
 *(SORT_BY_NAME(.fini_array.*))
 *(.fini_array)
 .fini_array    0x200008d0        0x4 /Applications/ArmGNUToolchain/13.2.Rel1/arm-none-eabi/bin/../lib/gcc/arm-none-eabi/13.2.1/thumb/v7e-m+fp/hard/crtbegin.o
                0x200008d4                        PROVIDE (__fini_array_end = .)
                0x200008d8                        . = ALIGN (0x8)
 *fill*         0x200008d4        0x4 
                0x200008d8                        __data_end__ = .

.tm_clone_table
                0x200008d8        0x0 load address 0x080111ac
 .tm_clone_table
                0x200008d8        0x0 /Applications/ArmGNUToolchain/13.2.Rel1/arm-none-eabi/bin/../lib/gcc/arm-none-eabi/13.2.1/thumb/v7e-m+fp/hard/crtbegin.o
 .tm_clone_table
                0x200008d8        0x0 /Applications/ArmGNUToolchain/13.2.Rel1/arm-none-eabi/bin/../lib/gcc/arm-none-eabi/13.2.1/thumb/v7e-m+fp/hard/crtend.o

.igot.plt       0x200008d8        0x0 load address 0x080111ac
 .igot.plt      0x200008d8        0x0 /Applications/ArmGNUToolchain/13.2.Rel1/arm-none-eabi/bin/../lib/gcc/arm-none-eabi/13.2.1/thumb/v7e-m+fp/hard/crtbegin.o

.bss            0x200008d8    0x1ce74 load address 0x080111ac
                0x200008d8                        __bss_start__ = .
 *(.bss*)
 .bss.completed.1
                0x200008d8        0x1 /Applications/ArmGNUToolchain/13.2.Rel1/arm-none-eabi/bin/../lib/gcc/arm-none-eabi/13.2.1/thumb/v7e-m+fp/hard/crtbegin.o
 *fill*         0x200008d9        0x3 
 .bss.object.0  0x200008dc       0x18 /Applications/ArmGNUToolchain/13.2.Rel1/arm-none-eabi/bin/../lib/gcc/arm-none-eabi/13.2.1/thumb/v7e-m+fp/hard/crtbegin.o
 .bss.text.0    0x200008f4        0x4 obj/Lab5D-Main-c.o
 .bss.text.1    0x200008f8        0x4 obj/Lab5D-Main-c.o
 .bss.text.2    0x200008fc        0x4 obj/Lab5D-Main-c.o
 .bss.Windex    0x20000900        0x4 obj/Lab5D-Main-c.o
 .bss.__fixts__
                0x20000904        0x4 obj/Lab5D-Main-c.o
                0x20000904                __fixts__
 .bss.buffer    0x20000908      0x620 library.a(initialize.o)
 .bss.txtCol    0x20000f28        0x4 library.a(initialize.o)
 .bss.txtRow    0x20000f2c        0x4 library.a(initialize.o)
 .bss.I2cHandle
                0x20000f30       0x3c library.a(stm32f429i_discovery.o)
                0x20000f30                I2cHandle
 .bss.Is_LCD_IO_Initialized
                0x20000f6c        0x1 library.a(stm32f429i_discovery.o)
 *fill*         0x20000f6d        0x3 
 .bss.SpiHandle
                0x20000f70       0x58 library.a(stm32f429i_discovery.o)
 .bss.ActiveLayer
                0x20000fc8        0x4 library.a(stm32f429i_discovery_lcd.o)
 .bss.Dma2dHandler
                0x20000fcc       0x40 library.a(stm32f429i_discovery_lcd.o)
 .bss.DrawProp  0x2000100c       0x18 library.a(stm32f429i_discovery_lcd.o)
 .bss.LcdDrv    0x20001024        0x4 library.a(stm32f429i_discovery_lcd.o)
                0x20001024                LcdDrv
 .bss.LtdcHandler
                0x20001028       0xa8 library.a(stm32f429i_discovery_lcd.o)
 .bss.PeriphClkInitStruct
                0x200010d0       0x30 library.a(stm32f429i_discovery_lcd.o)
 .bss.Command   0x20001100       0x10 library.a(stm32f429i_discovery_sdram.o)
 .bss.SdramHandle
                0x20001110       0x34 library.a(stm32f429i_discovery_sdram.o)
 .bss.Timing    0x20001144       0x1c library.a(stm32f429i_discovery_sdram.o)
 .bss.dmaHandle.0
                0x20001160       0x50 library.a(stm32f429i_discovery_sdram.o)
 .bss.uwTick    0x200011b0        0x4 library.a(stm32f4xx_hal.o)
 .bss.rgb       0x200011b4    0x1c200 library.a(svcHandler.o)
                0x200011b4                rgb
 .bss.text.4    0x2001d3b4       0x64 library.a(svcHandler.o)
 .bss.TsDrv     0x2001d418        0x4 library.a(stm32f429i_discovery_ts.o)
 .bss.TsXBoundary
                0x2001d41c        0x2 library.a(stm32f429i_discovery_ts.o)
 .bss.TsYBoundary
                0x2001d41e        0x2 library.a(stm32f429i_discovery_ts.o)
 .bss._x.1      0x2001d420        0x4 library.a(stm32f429i_discovery_ts.o)
 .bss._y.0      0x2001d424        0x4 library.a(stm32f429i_discovery_ts.o)
 .bss.checked.3
                0x2001d428        0x4 library.a(stm32f429i_discovery_ts.o)
 .bss.reversed.2
                0x2001d42c        0x4 library.a(stm32f429i_discovery_ts.o)
 .bss.stmpe811  0x2001d430        0x2 library.a(stmpe811.o)
                0x2001d430                stmpe811
 *fill*         0x2001d432        0x2 
 .bss.__sf      0x2001d434      0x138 /Applications/ArmGNUToolchain/13.2.Rel1/arm-none-eabi/bin/../lib/gcc/arm-none-eabi/13.2.1/../../../../arm-none-eabi/lib/thumb/v7e-m+fp/hard/libc.a(libc_a-findfp.o)
                0x2001d434                __sf
 .bss.__stdio_exit_handler
                0x2001d56c        0x4 /Applications/ArmGNUToolchain/13.2.Rel1/arm-none-eabi/bin/../lib/gcc/arm-none-eabi/13.2.1/../../../../arm-none-eabi/lib/thumb/v7e-m+fp/hard/libc.a(libc_a-findfp.o)
                0x2001d56c                __stdio_exit_handler
 .bss.__lock___malloc_recursive_mutex
                0x2001d570        0x1 /Applications/ArmGNUToolchain/13.2.Rel1/arm-none-eabi/bin/../lib/gcc/arm-none-eabi/13.2.1/../../../../arm-none-eabi/lib/thumb/v7e-m+fp/hard/libc.a(libc_a-lock.o)
                0x2001d570                __lock___malloc_recursive_mutex
 *fill*         0x2001d571        0x3 
 .bss.__lock___atexit_recursive_mutex
                0x2001d574        0x1 /Applications/ArmGNUToolchain/13.2.Rel1/arm-none-eabi/bin/../lib/gcc/arm-none-eabi/13.2.1/../../../../arm-none-eabi/lib/thumb/v7e-m+fp/hard/libc.a(libc_a-lock.o)
                0x2001d574                __lock___atexit_recursive_mutex
 *fill*         0x2001d575        0x3 
 .bss.__lock___sfp_recursive_mutex
                0x2001d578        0x1 /Applications/ArmGNUToolchain/13.2.Rel1/arm-none-eabi/bin/../lib/gcc/arm-none-eabi/13.2.1/../../../../arm-none-eabi/lib/thumb/v7e-m+fp/hard/libc.a(libc_a-lock.o)
                0x2001d578                __lock___sfp_recursive_mutex
 *fill*         0x2001d579        0x3 
 .bss.__atexit  0x2001d57c        0x4 /Applications/ArmGNUToolchain/13.2.Rel1/arm-none-eabi/bin/../lib/gcc/arm-none-eabi/13.2.1/../../../../arm-none-eabi/lib/thumb/v7e-m+fp/hard/libc.a(libc_a-__call_atexit.o)
                0x2001d57c                __atexit
 .bss.__malloc_current_mallinfo
                0x2001d580       0x28 /Applications/ArmGNUToolchain/13.2.Rel1/arm-none-eabi/bin/../lib/gcc/arm-none-eabi/13.2.1/../../../../arm-none-eabi/lib/thumb/v7e-m+fp/hard/libc.a(libc_a-mallocr.o)
                0x2001d580                __malloc_current_mallinfo
 .bss.__malloc_max_total_mem
                0x2001d5a8        0x4 /Applications/ArmGNUToolchain/13.2.Rel1/arm-none-eabi/bin/../lib/gcc/arm-none-eabi/13.2.1/../../../../arm-none-eabi/lib/thumb/v7e-m+fp/hard/libc.a(libc_a-mallocr.o)
                0x2001d5a8                __malloc_max_total_mem
 .bss.__malloc_max_sbrked_mem
                0x2001d5ac        0x4 /Applications/ArmGNUToolchain/13.2.Rel1/arm-none-eabi/bin/../lib/gcc/arm-none-eabi/13.2.1/../../../../arm-none-eabi/lib/thumb/v7e-m+fp/hard/libc.a(libc_a-mallocr.o)
                0x2001d5ac                __malloc_max_sbrked_mem
 .bss.__malloc_top_pad
                0x2001d5b0        0x4 /Applications/ArmGNUToolchain/13.2.Rel1/arm-none-eabi/bin/../lib/gcc/arm-none-eabi/13.2.1/../../../../arm-none-eabi/lib/thumb/v7e-m+fp/hard/libc.a(libc_a-mallocr.o)
                0x2001d5b0                __malloc_top_pad
 .bss.errno     0x2001d5b4        0x4 /Applications/ArmGNUToolchain/13.2.Rel1/arm-none-eabi/bin/../lib/gcc/arm-none-eabi/13.2.1/../../../../arm-none-eabi/lib/thumb/v7e-m+fp/hard/libc.a(libc_a-reent.o)
                0x2001d5b4                errno
 .bss.__atexit0
                0x2001d5b8      0x190 /Applications/ArmGNUToolchain/13.2.Rel1/arm-none-eabi/bin/../lib/gcc/arm-none-eabi/13.2.1/../../../../arm-none-eabi/lib/thumb/v7e-m+fp/hard/libc.a(libc_a-__atexit.o)
                0x2001d5b8                __atexit0
 .bss.heap_end.0
                0x2001d748        0x4 /Applications/ArmGNUToolchain/13.2.Rel1/arm-none-eabi/bin/../lib/gcc/arm-none-eabi/13.2.1/../../../../arm-none-eabi/lib/thumb/v7e-m+fp/hard/libnosys.a(sbrk.o)
 *(COMMON)
                0x2001d74c                        __bss_end__ = .

.ccm            0x10000000        0x0
                0x10000000                        . = ALIGN (0x4)
                0x10000000                        __ccm_start__ = .
 *(.ccm*)
                0x10000000                        . = ALIGN (0x4)
                0x10000000                        __ccm_end__ = .

.heap           0x10000000      0xc00
                0x10000000                        __end__ = .
                0x10000000                        end = __end__
 *(.heap*)
 .heap          0x10000000      0xc00 library.a(startup_stm32f429xx.o)
                0x10000000                __HeapBase
                0x10000c00                        __HeapLimit = .

.stack_dummy    0x10000000     0x1000
 *(.stack)
 .stack         0x10000000     0x1000 library.a(startup_stm32f429xx.o)
                0x10010000                        __StackTop = (ORIGIN (CCM) + LENGTH (CCM))
                0x1000f000                        __StackLimit = (__StackTop - SIZEOF (.stack_dummy))
                0x10010000                        PROVIDE (__stack = __StackTop)
                0x00000001                        ASSERT ((__StackLimit >= __HeapLimit), region CCM overflowed with stack)
OUTPUT(output.elf elf32-littlearm)
LOAD linker stubs

.ARM.attributes
                0x00000000       0x30
 .ARM.attributes
                0x00000000       0x22 /Applications/ArmGNUToolchain/13.2.Rel1/arm-none-eabi/bin/../lib/gcc/arm-none-eabi/13.2.1/thumb/v7e-m+fp/hard/crti.o
 .ARM.attributes
                0x00000022       0x34 /Applications/ArmGNUToolchain/13.2.Rel1/arm-none-eabi/bin/../lib/gcc/arm-none-eabi/13.2.1/thumb/v7e-m+fp/hard/crtbegin.o
 .ARM.attributes
                0x00000056       0x20 /Applications/ArmGNUToolchain/13.2.Rel1/arm-none-eabi/bin/../lib/gcc/arm-none-eabi/13.2.1/../../../../arm-none-eabi/lib/thumb/v7e-m+fp/hard/crt0.o
 .ARM.attributes
                0x00000076       0x34 obj/Lab5D-Main-c.o
 .ARM.attributes
                0x000000aa       0x25 obj/Lab5D-TireSize-s.o
 .ARM.attributes
                0x000000cf       0x34 library.a(initialize.o)
 .ARM.attributes
                0x00000103       0x34 library.a(stm32f429i_discovery.o)
 .ARM.attributes
                0x00000137       0x34 library.a(stm32f429i_discovery_lcd.o)
 .ARM.attributes
                0x0000016b       0x34 library.a(stm32f429i_discovery_sdram.o)
 .ARM.attributes
                0x0000019f       0x34 library.a(stm32f4xx_hal.o)
 .ARM.attributes
                0x000001d3       0x34 library.a(stm32f4xx_hal_cortex.o)
 .ARM.attributes
                0x00000207       0x34 library.a(stm32f4xx_hal_dma.o)
 .ARM.attributes
                0x0000023b       0x34 library.a(stm32f4xx_hal_dma2d.o)
 .ARM.attributes
                0x0000026f       0x34 library.a(stm32f4xx_hal_gpio.o)
 .ARM.attributes
                0x000002a3       0x34 library.a(stm32f4xx_hal_i2c.o)
 .ARM.attributes
                0x000002d7       0x34 library.a(stm32f4xx_hal_ltdc.o)
 .ARM.attributes
                0x0000030b       0x34 library.a(stm32f4xx_hal_rcc.o)
 .ARM.attributes
                0x0000033f       0x34 library.a(stm32f4xx_hal_rcc_ex.o)
 .ARM.attributes
                0x00000373       0x34 library.a(stm32f4xx_hal_sdram.o)
 .ARM.attributes
                0x000003a7       0x34 library.a(stm32f4xx_hal_spi.o)
 .ARM.attributes
                0x000003db       0x34 library.a(stm32f4xx_it.o)
 .ARM.attributes
                0x0000040f       0x34 library.a(stm32f4xx_ll_fmc.o)
 .ARM.attributes
                0x00000443       0x34 library.a(svcHandler.o)
 .ARM.attributes
                0x00000477       0x34 library.a(system_stm32f4xx.o)
 .ARM.attributes
                0x000004ab       0x34 library.a(touch.o)
 .ARM.attributes
                0x000004df       0x1f library.a(startup_stm32f429xx.o)
 .ARM.attributes
                0x000004fe       0x34 library.a(ili9341.o)
 .ARM.attributes
                0x00000532       0x34 library.a(stm32f429i_discovery_ts.o)
 .ARM.attributes
                0x00000566       0x34 library.a(stmpe811.o)
 .ARM.attributes
                0x0000059a       0x34 /Applications/ArmGNUToolchain/13.2.Rel1/arm-none-eabi/bin/../lib/gcc/arm-none-eabi/13.2.1/../../../../arm-none-eabi/lib/thumb/v7e-m+fp/hard/libc.a(libc_a-exit.o)
 .ARM.attributes
                0x000005ce       0x34 /Applications/ArmGNUToolchain/13.2.Rel1/arm-none-eabi/bin/../lib/gcc/arm-none-eabi/13.2.1/../../../../arm-none-eabi/lib/thumb/v7e-m+fp/hard/libc.a(libc_a-vfiprintf.o)
 .ARM.attributes
                0x00000602       0x34 /Applications/ArmGNUToolchain/13.2.Rel1/arm-none-eabi/bin/../lib/gcc/arm-none-eabi/13.2.1/../../../../arm-none-eabi/lib/thumb/v7e-m+fp/hard/libc.a(libc_a-fflush.o)
 .ARM.attributes
                0x00000636       0x34 /Applications/ArmGNUToolchain/13.2.Rel1/arm-none-eabi/bin/../lib/gcc/arm-none-eabi/13.2.1/../../../../arm-none-eabi/lib/thumb/v7e-m+fp/hard/libc.a(libc_a-sprintf.o)
 .ARM.attributes
                0x0000066a       0x34 /Applications/ArmGNUToolchain/13.2.Rel1/arm-none-eabi/bin/../lib/gcc/arm-none-eabi/13.2.1/../../../../arm-none-eabi/lib/thumb/v7e-m+fp/hard/libc.a(libc_a-findfp.o)
 .ARM.attributes
                0x0000069e       0x34 /Applications/ArmGNUToolchain/13.2.Rel1/arm-none-eabi/bin/../lib/gcc/arm-none-eabi/13.2.1/../../../../arm-none-eabi/lib/thumb/v7e-m+fp/hard/libc.a(libc_a-fvwrite.o)
 .ARM.attributes
                0x000006d2       0x34 /Applications/ArmGNUToolchain/13.2.Rel1/arm-none-eabi/bin/../lib/gcc/arm-none-eabi/13.2.1/../../../../arm-none-eabi/lib/thumb/v7e-m+fp/hard/libc.a(libc_a-fwalk.o)
 .ARM.attributes
                0x00000706       0x34 /Applications/ArmGNUToolchain/13.2.Rel1/arm-none-eabi/bin/../lib/gcc/arm-none-eabi/13.2.1/../../../../arm-none-eabi/lib/thumb/v7e-m+fp/hard/libc.a(libc_a-wsetup.o)
 .ARM.attributes
                0x0000073a       0x34 /Applications/ArmGNUToolchain/13.2.Rel1/arm-none-eabi/bin/../lib/gcc/arm-none-eabi/13.2.1/../../../../arm-none-eabi/lib/thumb/v7e-m+fp/hard/libc.a(libc_a-fputwc.o)
 .ARM.attributes
                0x0000076e       0x34 /Applications/ArmGNUToolchain/13.2.Rel1/arm-none-eabi/bin/../lib/gcc/arm-none-eabi/13.2.1/../../../../arm-none-eabi/lib/thumb/v7e-m+fp/hard/libc.a(libc_a-memmove.o)
 .ARM.attributes
                0x000007a2       0x34 /Applications/ArmGNUToolchain/13.2.Rel1/arm-none-eabi/bin/../lib/gcc/arm-none-eabi/13.2.1/../../../../arm-none-eabi/lib/thumb/v7e-m+fp/hard/libc.a(libc_a-memset.o)
 .ARM.attributes
                0x000007d6       0x34 /Applications/ArmGNUToolchain/13.2.Rel1/arm-none-eabi/bin/../lib/gcc/arm-none-eabi/13.2.1/../../../../arm-none-eabi/lib/thumb/v7e-m+fp/hard/libc.a(libc_a-strncpy.o)
 .ARM.attributes
                0x0000080a       0x34 /Applications/ArmGNUToolchain/13.2.Rel1/arm-none-eabi/bin/../lib/gcc/arm-none-eabi/13.2.1/../../../../arm-none-eabi/lib/thumb/v7e-m+fp/hard/libc.a(libc_a-locale.o)
 .ARM.attributes
                0x0000083e       0x34 /Applications/ArmGNUToolchain/13.2.Rel1/arm-none-eabi/bin/../lib/gcc/arm-none-eabi/13.2.1/../../../../arm-none-eabi/lib/thumb/v7e-m+fp/hard/libc.a(libc_a-localeconv.o)
 .ARM.attributes
                0x00000872       0x34 /Applications/ArmGNUToolchain/13.2.Rel1/arm-none-eabi/bin/../lib/gcc/arm-none-eabi/13.2.1/../../../../arm-none-eabi/lib/thumb/v7e-m+fp/hard/libc.a(libc_a-impure.o)
 .ARM.attributes
                0x000008a6       0x34 /Applications/ArmGNUToolchain/13.2.Rel1/arm-none-eabi/bin/../lib/gcc/arm-none-eabi/13.2.1/../../../../arm-none-eabi/lib/thumb/v7e-m+fp/hard/libc.a(libc_a-strcpy.o)
 .ARM.attributes
                0x000008da       0x34 /Applications/ArmGNUToolchain/13.2.Rel1/arm-none-eabi/bin/../lib/gcc/arm-none-eabi/13.2.1/../../../../arm-none-eabi/lib/thumb/v7e-m+fp/hard/libc.a(libc_a-init.o)
 .ARM.attributes
                0x0000090e       0x34 /Applications/ArmGNUToolchain/13.2.Rel1/arm-none-eabi/bin/../lib/gcc/arm-none-eabi/13.2.1/../../../../arm-none-eabi/lib/thumb/v7e-m+fp/hard/libc.a(libc_a-lock.o)
 .ARM.attributes
                0x00000942       0x1c /Applications/ArmGNUToolchain/13.2.Rel1/arm-none-eabi/bin/../lib/gcc/arm-none-eabi/13.2.1/../../../../arm-none-eabi/lib/thumb/v7e-m+fp/hard/libc.a(libc_a-memchr.o)
 .ARM.attributes
                0x0000095e       0x20 /Applications/ArmGNUToolchain/13.2.Rel1/arm-none-eabi/bin/../lib/gcc/arm-none-eabi/13.2.1/../../../../arm-none-eabi/lib/thumb/v7e-m+fp/hard/libc.a(libc_a-memcpy.o)
 .ARM.attributes
                0x0000097e       0x1c /Applications/ArmGNUToolchain/13.2.Rel1/arm-none-eabi/bin/../lib/gcc/arm-none-eabi/13.2.1/../../../../arm-none-eabi/lib/thumb/v7e-m+fp/hard/libc.a(libc_a-strlen.o)
 .ARM.attributes
                0x0000099a       0x34 /Applications/ArmGNUToolchain/13.2.Rel1/arm-none-eabi/bin/../lib/gcc/arm-none-eabi/13.2.1/../../../../arm-none-eabi/lib/thumb/v7e-m+fp/hard/libc.a(libc_a-wcrtomb.o)
 .ARM.attributes
                0x000009ce       0x34 /Applications/ArmGNUToolchain/13.2.Rel1/arm-none-eabi/bin/../lib/gcc/arm-none-eabi/13.2.1/../../../../arm-none-eabi/lib/thumb/v7e-m+fp/hard/libc.a(libc_a-wcsrtombs.o)
 .ARM.attributes
                0x00000a02       0x34 /Applications/ArmGNUToolchain/13.2.Rel1/arm-none-eabi/bin/../lib/gcc/arm-none-eabi/13.2.1/../../../../arm-none-eabi/lib/thumb/v7e-m+fp/hard/libc.a(libc_a-ctype_.o)
 .ARM.attributes
                0x00000a36       0x34 /Applications/ArmGNUToolchain/13.2.Rel1/arm-none-eabi/bin/../lib/gcc/arm-none-eabi/13.2.1/../../../../arm-none-eabi/lib/thumb/v7e-m+fp/hard/libc.a(libm_a-s_frexp.o)
 .ARM.attributes
                0x00000a6a       0x34 /Applications/ArmGNUToolchain/13.2.Rel1/arm-none-eabi/bin/../lib/gcc/arm-none-eabi/13.2.1/../../../../arm-none-eabi/lib/thumb/v7e-m+fp/hard/libc.a(libc_a-__call_atexit.o)
 .ARM.attributes
                0x00000a9e       0x34 /Applications/ArmGNUToolchain/13.2.Rel1/arm-none-eabi/bin/../lib/gcc/arm-none-eabi/13.2.1/../../../../arm-none-eabi/lib/thumb/v7e-m+fp/hard/libc.a(libc_a-atexit.o)
 .ARM.attributes
                0x00000ad2       0x34 /Applications/ArmGNUToolchain/13.2.Rel1/arm-none-eabi/bin/../lib/gcc/arm-none-eabi/13.2.1/../../../../arm-none-eabi/lib/thumb/v7e-m+fp/hard/libc.a(libc_a-dtoa.o)
 .ARM.attributes