Archive member included to satisfy reference by file (symbol)

library.a(initialize.o)       obj/Lab4A-Main-c.o (InitializeHardware)
library.a(stm32f429i_discovery.o)
                              library.a(initialize.o) (BSP_PB_Init)
library.a(stm32f429i_discovery_lcd.o)
                              library.a(initialize.o) (BSP_LCD_LayerDefaultInit)
library.a(stm32f429i_discovery_sdram.o)
                              library.a(stm32f429i_discovery_lcd.o) (BSP_SDRAM_Init)
library.a(stm32f4xx_hal.o)    library.a(initialize.o) (HAL_Init)
library.a(stm32f4xx_hal_cortex.o)
                              library.a(stm32f4xx_hal.o) (HAL_NVIC_SetPriorityGrouping)
library.a(stm32f4xx_hal_dma.o)
                              library.a(stm32f429i_discovery_sdram.o) (HAL_DMA_Init)
library.a(stm32f4xx_hal_dma2d.o)
                              library.a(stm32f429i_discovery_lcd.o) (HAL_DMA2D_Init)
library.a(stm32f4xx_hal_gpio.o)
                              library.a(stm32f429i_discovery.o) (HAL_GPIO_Init)
library.a(stm32f4xx_hal_i2c.o)
                              library.a(stm32f429i_discovery.o) (HAL_I2C_Init)
library.a(stm32f4xx_hal_ltdc.o)
                              library.a(stm32f429i_discovery_lcd.o) (HAL_LTDC_Init)
library.a(stm32f4xx_hal_rcc.o)
                              library.a(initialize.o) (HAL_RCC_OscConfig)
library.a(stm32f4xx_hal_rcc_ex.o)
                              library.a(stm32f429i_discovery_lcd.o) (HAL_RCCEx_PeriphCLKConfig)
library.a(stm32f4xx_hal_sdram.o)
                              library.a(stm32f429i_discovery_sdram.o) (HAL_SDRAM_Init)
library.a(stm32f4xx_hal_spi.o)
                              library.a(stm32f429i_discovery.o) (HAL_SPI_Init)
library.a(stm32f4xx_it.o)     library.a(initialize.o) (IncludeThis)
library.a(stm32f4xx_ll_fmc.o)
                              library.a(stm32f4xx_hal_sdram.o) (FMC_SDRAM_Init)
library.a(svcHandler.o)       library.a(stm32f4xx_it.o) (SVC_Exception)
library.a(system_stm32f4xx.o)
                              library.a(stm32f4xx_hal_rcc.o) (SystemCoreClock)
library.a(startup_stm32f429xx.o)
                              library.a(initialize.o) (Reset_Handler)
library.a(ili9341.o)          library.a(stm32f429i_discovery_lcd.o) (ili9341_drv)
/Applications/ArmGNUToolchain/13.2.Rel1/arm-none-eabi/bin/../lib/gcc/arm-none-eabi/13.2.1/../../../../arm-none-eabi/lib/thumb/v7e-m+fp/hard/libc.a(libc_a-exit.o)
                              /Applications/ArmGNUToolchain/13.2.Rel1/arm-none-eabi/bin/../lib/gcc/arm-none-eabi/13.2.1/../../../../arm-none-eabi/lib/thumb/v7e-m+fp/hard/crt0.o (exit)
/Applications/ArmGNUToolchain/13.2.Rel1/arm-none-eabi/bin/../lib/gcc/arm-none-eabi/13.2.1/../../../../arm-none-eabi/lib/thumb/v7e-m+fp/hard/libc.a(libc_a-printf.o)
                              library.a(initialize.o) (printf)
/Applications/ArmGNUToolchain/13.2.Rel1/arm-none-eabi/bin/../lib/gcc/arm-none-eabi/13.2.1/../../../../arm-none-eabi/lib/thumb/v7e-m+fp/hard/libc.a(libc_a-vfprintf.o)
                              /Applications/ArmGNUToolchain/13.2.Rel1/arm-none-eabi/bin/../lib/gcc/arm-none-eabi/13.2.1/../../../../arm-none-eabi/lib/thumb/v7e-m+fp/hard/libc.a(libc_a-printf.o) (_vfprintf_r)
/Applications/ArmGNUToolchain/13.2.Rel1/arm-none-eabi/bin/../lib/gcc/arm-none-eabi/13.2.1/../../../../arm-none-eabi/lib/thumb/v7e-m+fp/hard/libc.a(libc_a-vfiprintf.o)
                              /Applications/ArmGNUToolchain/13.2.Rel1/arm-none-eabi/bin/../lib/gcc/arm-none-eabi/13.2.1/../../../../arm-none-eabi/lib/thumb/v7e-m+fp/hard/libc.a(libc_a-vfprintf.o) (__sprint_r)
/Applications/ArmGNUToolchain/13.2.Rel1/arm-none-eabi/bin/../lib/gcc/arm-none-eabi/13.2.1/../../../../arm-none-eabi/lib/thumb/v7e-m+fp/hard/libc.a(libc_a-fflush.o)
                              /Applications/ArmGNUToolchain/13.2.Rel1/arm-none-eabi/bin/../lib/gcc/arm-none-eabi/13.2.1/../../../../arm-none-eabi/lib/thumb/v7e-m+fp/hard/libc.a(libc_a-vfprintf.o) (_fflush_r)
/Applications/ArmGNUToolchain/13.2.Rel1/arm-none-eabi/bin/../lib/gcc/arm-none-eabi/13.2.1/../../../../arm-none-eabi/lib/thumb/v7e-m+fp/hard/libc.a(libc_a-sprintf.o)
                              obj/Lab4A-Main-c.o (sprintf)
/Applications/ArmGNUToolchain/13.2.Rel1/arm-none-eabi/bin/../lib/gcc/arm-none-eabi/13.2.1/../../../../arm-none-eabi/lib/thumb/v7e-m+fp/hard/libc.a(libc_a-findfp.o)
                              /Applications/ArmGNUToolchain/13.2.Rel1/arm-none-eabi/bin/../lib/gcc/arm-none-eabi/13.2.1/../../../../arm-none-eabi/lib/thumb/v7e-m+fp/hard/libc.a(libc_a-fflush.o) (__sglue)
/Applications/ArmGNUToolchain/13.2.Rel1/arm-none-eabi/bin/../lib/gcc/arm-none-eabi/13.2.1/../../../../arm-none-eabi/lib/thumb/v7e-m+fp/hard/libc.a(libc_a-fvwrite.o)
                              /Applications/ArmGNUToolchain/13.2.Rel1/arm-none-eabi/bin/../lib/gcc/arm-none-eabi/13.2.1/../../../../arm-none-eabi/lib/thumb/v7e-m+fp/hard/libc.a(libc_a-vfiprintf.o) (__sfvwrite_r)
[...]
Memory Configuration

Name             Origin             Length             Attributes
ROM              0x08000000         0x00200000         xr
RAM              0x20000000         0x00030000         xrw
CCM              0x10000000         0x00010000         xrw
*default*        0x00000000         0xffffffff

Linker script and memory map

LOAD /Applications/ArmGNUToolchain/13.2.Rel1/arm-none-eabi/bin/../lib/gcc/arm-none-eabi/13.2.1/thumb/v7e-m+fp/hard/crti.o
LOAD /Applications/ArmGNUToolchain/13.2.Rel1/arm-none-eabi/bin/../lib/gcc/arm-none-eabi/13.2.1/thumb/v7e-m+fp/hard/crtbegin.o
LOAD /Applications/ArmGNUToolchain/13.2.Rel1/arm-none-eabi/bin/../lib/gcc/arm-none-eabi/13.2.1/../../../../arm-none-eabi/lib/thumb/v7e-m+fp/hard/crt0.o
LOAD obj/Lab4A-Main-c.o
LOAD obj/Lab4A-Implementation-s.o
LOAD library.a
LOAD library.a
LOAD /Applications/ArmGNUToolchain/13.2.Rel1/arm-none-eabi/bin/../lib/gcc/arm-none-eabi/13.2.1/../../../../arm-none-eabi/lib/thumb/v7e-m+fp/hard/libm.a
LOAD /Applications/ArmGNUToolchain/13.2.Rel1/arm-none-eabi/bin/../lib/gcc/arm-none-eabi/13.2.1/../../../../arm-none-eabi/lib/thumb/v7e-m+fp/hard/libc.a
LOAD /Applications/ArmGNUToolchain/13.2.Rel1/arm-none-eabi/bin/../lib/gcc/arm-none-eabi/13.2.1/../../../../arm-none-eabi/lib/thumb/v7e-m+fp/hard/libnosys.a
LOAD /Applications/ArmGNUToolchain/13.2.Rel1/arm-none-eabi/bin/../lib/gcc/arm-none-eabi/13.2.1/../../../../arm-none-eabi/lib/thumb/v7e-m+fp/hard/libc.a
START GROUP
LOAD /Applications/ArmGNUToolchain/13.2.Rel1/arm-none-eabi/bin/../lib/gcc/arm-none-eabi/13.2.1/thumb/v7e-m+fp/hard/libgcc.a
LOAD /Applications/ArmGNUToolchain/13.2.Rel1/arm-none-eabi/bin/../lib/gcc/arm-none-eabi/13.2.1/../../../../arm-none-eabi/lib/thumb/v7e-m+fp/hard/libc.a
END GROUP
LOAD /Applications/ArmGNUToolchain/13.2.Rel1/arm-none-eabi/bin/../lib/gcc/arm-none-eabi/13.2.1/thumb/v7e-m+fp/hard/crtend.o
LOAD /Applications/ArmGNUToolchain/13.2.Rel1/arm-none-eabi/bin/../lib/gcc/arm-none-eabi/13.2.1/thumb/v7e-m+fp/hard/crtn.o

.text           0x08000000     0xf83c
 *(.isr_vector)
 .isr_vector    0x08000000      0x1ac library.a(startup_stm32f429xx.o)
                0x08000000                __isr_vector
 *(.text*)
 .text.deregister_tm_clones
                0x080001ac       0x1c /Applications/ArmGNUToolchain/13.2.Rel1/arm-none-eabi/bin/../lib/gcc/arm-none-eabi/13.2.1/thumb/v7e-m+fp/hard/crtbegin.o
 .text.register_tm_clones
                0x080001c8       0x24 /Applications/ArmGNUToolchain/13.2.Rel1/arm-none-eabi/bin/../lib/gcc/arm-none-eabi/13.2.1/thumb/v7e-m+fp/hard/crtbegin.o
 .text.__do_global_dtors_aux
                0x080001ec       0x28 /Applications/ArmGNUToolchain/13.2.Rel1/arm-none-eabi/bin/../lib/gcc/arm-none-eabi/13.2.1/thumb/v7e-m+fp/hard/crtbegin.o
 .text.frame_dummy
                0x08000214       0x24 /Applications/ArmGNUToolchain/13.2.Rel1/arm-none-eabi/bin/../lib/gcc/arm-none-eabi/13.2.1/thumb/v7e-m+fp/hard/crtbegin.o
 .text          0x08000238       0x7c /Applications/ArmGNUToolchain/13.2.Rel1/arm-none-eabi/bin/../lib/gcc/arm-none-eabi/13.2.1/../../../../arm-none-eabi/lib/thumb/v7e-m+fp/hard/crt0.o
                0x08000238                _stack_init
                0x08000240                _mainCRTStartup
                0x08000240                _start
 .text.Display.constprop.0
                0x080002b4       0x5c obj/Lab4A-Main-c.o
 .text.startup.main
                0x08000310      0x2b0 obj/Lab4A-Main-c.o
                0x08000310                main
 .text          0x080005c0      0xf8c obj/Lab4A-Implementation-s.o
                0x080005c0                HalfWordAccess
                0x080007c4                FullWordAccess
                0x08000bc8                NoAddressDependency
                0x08000d5c                AddressDependency
                0x08000ef0                NoDataDependency
                0x08001218                DataDependency
                0x08001540                VDIVOverlap
 .text.TextRows
                0x0800154c       0x12 library.a(initialize.o)
 .text._close   0x0800155e        0x2 library.a(initialize.o)
                0x0800155e                _close
 .text._fstat   0x08001560        0x2 library.a(initialize.o)
                0x08001560                _fstat
 .text._getpid  0x08001562        0x2 library.a(initialize.o)
                0x08001562                _getpid
 .text._isatty  0x08001564        0x2 library.a(initialize.o)
                0x08001564                _isatty
 .text._kill    0x08001566        0x2 library.a(initialize.o)
                0x08001566                _kill
 .text._lseek   0x08001568        0x2 library.a(initialize.o)
                0x08001568                _lseek
 .text._read    0x0800156a        0x2 library.a(initialize.o)
                0x0800156a                _read
 .text.ClearDisplay
                0x0800156c       0x34 library.a(initialize.o)
                0x0800156c                ClearDisplay
 .text.DisplayHeader
                0x080015a0       0x7c library.a(initialize.o)
                0x080015a0                DisplayHeader
 .text.DisplayFooter
                0x0800161c       0x58 library.a(initialize.o)
                0x0800161c                DisplayFooter
 .text._write   0x08001674      0x104 library.a(initialize.o)
                0x08001674                _write
 .text.InitializeHardware
                0x08001778      0x124 library.a(initialize.o)
                0x08001778                InitializeHardware
 .text.WaitForPushButton
                0x0800189c       0x18 library.a(initialize.o)
                0x0800189c                WaitForPushButton
 .text.CountCycles
                0x080018b4       0x38 library.a(initialize.o)
                0x080018b4                CountCycles
 .text.CallReturnOverhead
                0x080018ec        0x2 library.a(initialize.o)
                0x080018ec                CallReturnOverhead
 *fill*         0x080018ee        0x2 
 .text.SPIx_Init
                0x080018f0       0x98 library.a(stm32f429i_discovery.o)
 .text.SPIx_Write
                0x08001988       0x30 library.a(stm32f429i_discovery.o)
 .text.BSP_PB_Init
                0x080019b8       0x70 library.a(stm32f429i_discovery.o)
                0x080019b8                BSP_PB_Init
 .text.BSP_PB_GetState
                0x08001a28       0x14 library.a(stm32f429i_discovery.o)
                0x08001a28                BSP_PB_GetState
 .text.LCD_IO_Init
                0x08001a3c       0xb0 library.a(stm32f429i_discovery.o)
                0x08001a3c                LCD_IO_Init
 .text.LCD_IO_WriteData
                0x08001aec       0x38 library.a(stm32f429i_discovery.o)
                0x08001aec                LCD_IO_WriteData
 .text.LCD_IO_WriteReg
                0x08001b24       0x38 library.a(stm32f429i_discovery.o)
                0x08001b24                LCD_IO_WriteReg
 .text.LCD_IO_ReadData
                0x08001b5c       0x6c library.a(stm32f429i_discovery.o)
                0x08001b5c                LCD_IO_ReadData
 .text.LCD_Delay
                0x08001bc8        0x4 library.a(stm32f429i_discovery.o)
                0x08001bc8                LCD_Delay
 .text.FillBuffer
                0x08001bcc       0x64 library.a(stm32f429i_discovery_lcd.o)
 .text.BSP_LCD_GetXSize
                0x08001c30       0x10 library.a(stm32f429i_discovery_lcd.o)
                0x08001c30                BSP_LCD_GetXSize
 .text.BSP_LCD_GetYSize
                0x08001c40       0x10 library.a(stm32f429i_discovery_lcd.o)
                0x08001c40                BSP_LCD_GetYSize
 .text.BSP_LCD_LayerDefaultInit
                0x08001c50       0x7c library.a(stm32f429i_discovery_lcd.o)
                0x08001c50                BSP_LCD_LayerDefaultInit
 .text.BSP_LCD_SelectLayer
                0x08001ccc        0xc library.a(stm32f429i_discovery_lcd.o)
                0x08001ccc                BSP_LCD_SelectLayer
 .text.BSP_LCD_GetTextColor
                0x08001cd8       0x18 library.a(stm32f429i_discovery_lcd.o)
                0x08001cd8                BSP_LCD_GetTextColor
 .text.BSP_LCD_GetBackColor
                0x08001cf0       0x18 library.a(stm32f429i_discovery_lcd.o)
                0x08001cf0                BSP_LCD_GetBackColor
 .text.BSP_LCD_SetTextColor
                0x08001d08       0x18 library.a(stm32f429i_discovery_lcd.o)
                0x08001d08                BSP_LCD_SetTextColor
 .text.BSP_LCD_SetBackColor
                0x08001d20       0x18 library.a(stm32f429i_discovery_lcd.o)
                0x08001d20                BSP_LCD_SetBackColor
 .text.BSP_LCD_SetFont
                0x08001d38       0x18 library.a(stm32f429i_discovery_lcd.o)
                0x08001d38                BSP_LCD_SetFont
 .text.BSP_LCD_Init
                0x08001d50      0x1bc library.a(stm32f429i_discovery_lcd.o)
                0x08001d50                BSP_LCD_Init
 .text.BSP_LCD_GetFont
                0x08001f0c       0x18 library.a(stm32f429i_discovery_lcd.o)
                0x08001f0c                BSP_LCD_GetFont
 .text.BSP_LCD_Clear
                0x08001f24       0x40 library.a(stm32f429i_discovery_lcd.o)
                0x08001f24                BSP_LCD_Clear
 .text.BSP_LCD_DrawHLine
                0x08001f64       0x50 library.a(stm32f429i_discovery_lcd.o)
                0x08001f64                BSP_LCD_DrawHLine
 .text.BSP_LCD_DrawVLine
                0x08001fb4       0x5c library.a(stm32f429i_discovery_lcd.o)
                0x08001fb4                BSP_LCD_DrawVLine
 .text.BSP_LCD_DrawRect
                0x08002010       0x34 library.a(stm32f429i_discovery_lcd.o)
                0x08002010                BSP_LCD_DrawRect
 .text.BSP_LCD_FillRect
                0x08002044       0x78 library.a(stm32f429i_discovery_lcd.o)
                0x08002044                BSP_LCD_FillRect
 .text.BSP_LCD_DisplayOn
                0x080020bc       0x10 library.a(stm32f429i_discovery_lcd.o)
                0x080020bc                BSP_LCD_DisplayOn
 .text.BSP_LCD_DrawPixel
                0x080020cc       0x2c library.a(stm32f429i_discovery_lcd.o)
                0x080020cc                BSP_LCD_DrawPixel
 .text.BSP_LCD_DisplayChar
                0x080020f8       0xd4 library.a(stm32f429i_discovery_lcd.o)
                0x080020f8                BSP_LCD_DisplayChar
 .text.BSP_LCD_DisplayStringAt
                0x080021cc       0x9c library.a(stm32f429i_discovery_lcd.o)
                0x080021cc                BSP_LCD_DisplayStringAt
 .text.BSP_SDRAM_Initialization_sequence
                0x08002268       0x94 library.a(stm32f429i_discovery_sdram.o)
                0x08002268                BSP_SDRAM_Initialization_sequence
 .text.BSP_SDRAM_Init
                0x080022fc      0x1c8 library.a(stm32f429i_discovery_sdram.o)
                0x080022fc                BSP_SDRAM_Init
 .text.HAL_MspInit
                0x080024c4        0x2 library.a(stm32f4xx_hal.o)
                0x080024c4                HAL_MspInit
 .text.HAL_InitTick
                0x080024c6       0x28 library.a(stm32f4xx_hal.o)
                0x080024c6                HAL_InitTick
 *fill*         0x080024ee        0x2 
 .text.HAL_Init
                0x080024f0       0x34 library.a(stm32f4xx_hal.o)
                0x080024f0                HAL_Init
 .text.HAL_IncTick
                0x08002524       0x10 library.a(stm32f4xx_hal.o)
                0x08002524                HAL_IncTick
 .text.HAL_GetTick
                0x08002534        0xc library.a(stm32f4xx_hal.o)
                0x08002534                HAL_GetTick
 .text.HAL_Delay
                0x08002540       0x1a library.a(stm32f4xx_hal.o)
                0x08002540                HAL_Delay
 *fill*         0x0800255a        0x2 
 .text.HAL_NVIC_SetPriorityGrouping
                0x0800255c       0x24 library.a(stm32f4xx_hal_cortex.o)
                0x0800255c                HAL_NVIC_SetPriorityGrouping
 .text.HAL_NVIC_SetPriority
                0x08002580       0x64 library.a(stm32f4xx_hal_cortex.o)
                0x08002580                HAL_NVIC_SetPriority
 .text.HAL_NVIC_EnableIRQ
                0x080025e4       0x18 library.a(stm32f4xx_hal_cortex.o)
                0x080025e4                HAL_NVIC_EnableIRQ
 .text.HAL_SYSTICK_Config
                0x080025fc       0x28 library.a(stm32f4xx_hal_cortex.o)
                0x080025fc                HAL_SYSTICK_Config
 .text.HAL_DMA_Init
                0x08002624       0x78 library.a(stm32f4xx_hal_dma.o)
                0x08002624                HAL_DMA_Init
 .text.HAL_DMA_DeInit
                0x0800269c      0xacc library.a(stm32f4xx_hal_dma.o)
                0x0800269c                HAL_DMA_DeInit
 .text.DMA2D_SetConfig
                0x08003168       0x80 library.a(stm32f4xx_hal_dma2d.o)
 .text.HAL_DMA2D_MspInit
                0x080031e8        0x2 library.a(stm32f4xx_hal_dma2d.o)
                0x080031e8                HAL_DMA2D_MspInit
 .text.HAL_DMA2D_Init
                0x080031ea       0x5c library.a(stm32f4xx_hal_dma2d.o)
                0x080031ea                HAL_DMA2D_Init
 .text.HAL_DMA2D_Start
                0x08003246       0x40 library.a(stm32f4xx_hal_dma2d.o)
                0x08003246                HAL_DMA2D_Start
 .text.HAL_DMA2D_PollForTransfer
                0x08003286       0xc4 library.a(stm32f4xx_hal_dma2d.o)
                0x08003286                HAL_DMA2D_PollForTransfer
 *fill*         0x0800334a        0x2 
 .text.HAL_DMA2D_ConfigLayer
                0x0800334c       0xdc library.a(stm32f4xx_hal_dma2d.o)
                0x0800334c                HAL_DMA2D_ConfigLayer
 .text.HAL_GPIO_Init
                0x08003428      0x1d0 library.a(stm32f4xx_hal_gpio.o)
                0x08003428                HAL_GPIO_Init
 .text.HAL_GPIO_ReadPin
                0x080035f8        0xc library.a(stm32f4xx_hal_gpio.o)
                0x080035f8                HAL_GPIO_ReadPin
 .text.HAL_GPIO_WritePin
                0x08003604        0xa library.a(stm32f4xx_hal_gpio.o)
                0x08003604                HAL_GPIO_WritePin
 *fill*         0x0800360e        0x2 
 .text.LTDC_SetConfig
                0x08003610      0x144 library.a(stm32f4xx_hal_ltdc.o)
 .text.HAL_LTDC_MspInit
                0x08003754        0x2 library.a(stm32f4xx_hal_ltdc.o)
                0x08003754                HAL_LTDC_MspInit
 *fill*         0x08003756        0x2 
 .text.HAL_LTDC_Init
                0x08003758       0xfc library.a(stm32f4xx_hal_ltdc.o)
                0x08003758                HAL_LTDC_Init
 .text.HAL_LTDC_ConfigLayer
                0x08003854       0x5c library.a(stm32f4xx_hal_ltdc.o)
                0x08003854                HAL_LTDC_ConfigLayer
 .text.HAL_LTDC_EnableDither
                0x080038b0       0x34 library.a(stm32f4xx_hal_ltdc.o)
                0x080038b0                HAL_LTDC_EnableDither
 .text.HAL_RCC_OscConfig
                0x080038e4      0x330 library.a(stm32f4xx_hal_rcc.o)
                0x080038e4                HAL_RCC_OscConfig
 .text.HAL_RCC_ClockConfig
                0x08003c14      0x1f8 library.a(stm32f4xx_hal_rcc.o)
                0x08003c14                HAL_RCC_ClockConfig
 .text.HAL_RCC_GetSysClockFreq
                0x08003e0c       0x78 library.a(stm32f4xx_hal_rcc.o)
                0x08003e0c                HAL_RCC_GetSysClockFreq
 .text.HAL_RCC_GetHCLKFreq
                0x08003e84       0x38 library.a(stm32f4xx_hal_rcc.o)
                0x08003e84                HAL_RCC_GetHCLKFreq
 .text.HAL_RCCEx_PeriphCLKConfig
                0x08003ebc      0x2d8 library.a(stm32f4xx_hal_rcc_ex.o)
                0x08003ebc                HAL_RCCEx_PeriphCLKConfig
 .text.HAL_SDRAM_MspInit
                0x08004194        0x2 library.a(stm32f4xx_hal_sdram.o)
                0x08004194                HAL_SDRAM_MspInit
 .text.HAL_SDRAM_Init
                0x08004196       0x40 library.a(stm32f4xx_hal_sdram.o)
                0x08004196                HAL_SDRAM_Init
 .text.HAL_SDRAM_SendCommand
                0x080041d6       0x2e library.a(stm32f4xx_hal_sdram.o)
                0x080041d6                HAL_SDRAM_SendCommand
 .text.HAL_SDRAM_ProgramRefreshRate
                0x08004204       0x24 library.a(stm32f4xx_hal_sdram.o)
                0x08004204                HAL_SDRAM_ProgramRefreshRate
 .text.SPI_WaitOnFlagUntilTimeout
                0x08004228       0x94 library.a(stm32f4xx_hal_spi.o)
 .text.HAL_SPI_MspInit
                0x080042bc        0x2 library.a(stm32f4xx_hal_spi.o)
                0x080042bc                HAL_SPI_MspInit
 .text.HAL_SPI_Init
                0x080042be       0x82 library.a(stm32f4xx_hal_spi.o)
                0x080042be                HAL_SPI_Init
 .text.HAL_SPI_MspDeInit
                0x08004340        0x2 library.a(stm32f4xx_hal_spi.o)
                0x08004340                HAL_SPI_MspDeInit
 .text.HAL_SPI_DeInit
                0x08004342       0x26 library.a(stm32f4xx_hal_spi.o)
                0x08004342                HAL_SPI_DeInit
 .text.HAL_SPI_Transmit
                0x08004368      0x164 library.a(stm32f4xx_hal_spi.o)
                0x08004368                HAL_SPI_Transmit
 .text.HAL_SPI_TransmitReceive
                0x080044cc      0x2c2 library.a(stm32f4xx_hal_spi.o)
                0x080044cc                HAL_SPI_TransmitReceive
 .text.HAL_SPI_Receive
                0x0800478e      0x1d2 library.a(stm32f4xx_hal_spi.o)
                0x0800478e                HAL_SPI_Receive
 .text.HAL_SPI_GetState
                0x08004960        0x6 library.a(stm32f4xx_hal_spi.o)
                0x08004960                HAL_SPI_GetState
 .text.NMI_Handler
                0x08004966        0x2 library.a(stm32f4xx_it.o)
                0x08004966                NMI_Handler
 .text.SVC_Handler
                0x08004968       0x20 library.a(stm32f4xx_it.o)
                0x08004968                SVC_Handler
 .text.DebugMon_Handler
                0x08004988        0x2 library.a(stm32f4xx_it.o)
                0x08004988                DebugMon_Handler
 .text.PendSV_Handler
                0x0800498a        0x2 library.a(stm32f4xx_it.o)
                0x0800498a                PendSV_Handler
 .text.SysTick_Handler
                0x0800498c        0x4 library.a(stm32f4xx_it.o)
                0x0800498c                SysTick_Handler
 .text.FMC_SDRAM_Init
                0x08004990       0x68 library.a(stm32f4xx_ll_fmc.o)
                0x08004990                FMC_SDRAM_Init
 .text.FMC_SDRAM_Timing_Init
                0x080049f8       0x72 library.a(stm32f4xx_ll_fmc.o)
                0x080049f8                FMC_SDRAM_Timing_Init
 .text.FMC_SDRAM_SendCommand
                0x08004a6a       0x50 library.a(stm32f4xx_ll_fmc.o)
                0x08004a6a                FMC_SDRAM_SendCommand
 .text.FMC_SDRAM_ProgramRefreshRate
                0x08004aba        0xc library.a(stm32f4xx_ll_fmc.o)
                0x08004aba                FMC_SDRAM_ProgramRefreshRate
 *fill*         0x08004ac6        0x2 
 .text.SVC_Label
                0x08004ac8       0x58 library.a(svcHandler.o)
 .text.Preserve
                0x08004b20       0xa8 library.a(svcHandler.o)
 .text.HardStopHandler
                0x08004bc8       0x94 library.a(svcHandler.o)
 .text.F32      0x08004c5c       0xc0 library.a(svcHandler.o)
 .text.Restore  0x08004d1c       0x5c library.a(svcHandler.o)
 .text.FlPtRegs
                0x08004d78       0x9c library.a(svcHandler.o)
 .text._MemManageHandler
                0x08004e14       0x10 library.a(svcHandler.o)
                0x08004e14                _MemManageHandler
 .text.MemManage_Handler
                0x08004e24        0xc library.a(svcHandler.o)
                0x08004e24                MemManage_Handler
 .text._BusFault_Handler
                0x08004e30       0x10 library.a(svcHandler.o)
                0x08004e30                _BusFault_Handler
 .text.BusFault_Handler
                0x08004e40        0xc library.a(svcHandler.o)
                0x08004e40                BusFault_Handler
 .text._HardFault_Handler
                0x08004e4c       0x10 library.a(svcHandler.o)
                0x08004e4c                _HardFault_Handler
 .text.HardFault_Handler
                0x08004e5c        0xc library.a(svcHandler.o)
                0x08004e5c                HardFault_Handler
 .text._UsageFault_Handler
                0x08004e68       0x5c library.a(svcHandler.o)
                0x08004e68                _UsageFault_Handler
 .text.UsageFault_Handler
                0x08004ec4        0xc library.a(svcHandler.o)
                0x08004ec4                UsageFault_Handler
 .text.SVC_Exception
                0x08004ed0       0xd8 library.a(svcHandler.o)
                0x08004ed0                SVC_Exception
 .text.SystemInit
                0x08004fa8       0x4c library.a(system_stm32f4xx.o)
                0x08004fa8                SystemInit
 .text          0x08004ff4      0x118 library.a(startup_stm32f429xx.o)
                0x08004ff4                Reset_Handler
                0x0800504c                Default_Handler
                0x0800504e                WWDG_IRQHandler
                0x08005050                PVD_IRQHandler
                0x08005052                TAMP_STAMP_IRQHandler
                0x08005054                RTC_WKUP_IRQHandler
                0x08005056                FLASH_IRQHandler
                0x08005058                RCC_IRQHandler
                0x0800505a                EXTI0_IRQHandler
                0x0800505c                EXTI1_IRQHandler
                0x0800505e                EXTI2_IRQHandler
                0x08005060                EXTI3_IRQHandler
                0x08005062                EXTI4_IRQHandler
                0x08005064                DMA1_Stream0_IRQHandler
                0x08005066                DMA1_Stream1_IRQHandler
                0x08005068                DMA1_Stream2_IRQHandler
                0x0800506a                DMA1_Stream3_IRQHandler
                0x0800506c                DMA1_Stream4_IRQHandler
                0x0800506e                DMA1_Stream5_IRQHandler
                0x08005070                DMA1_Stream6_IRQHandler
                0x08005072                ADC_IRQHandler
                0x08005074                CAN1_TX_IRQHandler
                0x08005076                CAN1_RX0_IRQHandler
                0x08005078                CAN1_RX1_IRQHandler
                0x0800507a                CAN1_SCE_IRQHandler
                0x0800507c                EXTI9_5_IRQHandler
                0x0800507e                TIM1_BRK_TIM9_IRQHandler
                0x08005080                TIM1_UP_TIM10_IRQHandler
                0x08005082                TIM1_TRG_COM_TIM11_IRQHandler
                0x08005084                TIM1_CC_IRQHandler
                0x08005086                TIM2_IRQHandler
                0x08005088                TIM3_IRQHandler
                0x0800508a                TIM4_IRQHandler
                0x0800508c                I2C1_EV_IRQHandler
                0x0800508e                I2C1_ER_IRQHandler
                0x08005090                I2C2_EV_IRQHandler
                0x08005092                I2C2_ER_IRQHandler
                0x08005094                SPI1_IRQHandler
                0x08005096                SPI2_IRQHandler
                0x08005098                USART1_IRQHandler
                0x0800509a                USART2_IRQHandler
                0x0800509c                USART3_IRQHandler
                0x0800509e                EXTI15_10_IRQHandler
                0x080050a0                RTC_Alarm_IRQHandler
                0x080050a2                OTG_FS_WKUP_IRQHandler
                0x080050a4                TIM8_BRK_TIM12_IRQHandler
                0x080050a6                TIM8_UP_TIM13_IRQHandler
                0x080050a8                TIM8_TRG_COM_TIM14_IRQHandler
                0x080050aa                TIM8_CC_IRQHandler
                0x080050ac                DMA1_Stream7_IRQHandler
                0x080050ae                FSMC_IRQHandler
                0x080050b0                SDIO_IRQHandler
                0x080050b2                TIM5_IRQHandler
                0x080050b4                SPI3_IRQHandler
                0x080050b6                UART4_IRQHandler
                0x080050b8                UART5_IRQHandler
                0x080050ba                TIM6_DAC_IRQHandler
                0x080050bc                TIM7_IRQHandler
                0x080050be                DMA2_Stream0_IRQHandler
                0x080050c0                DMA2_Stream1_IRQHandler
                0x080050c2                DMA2_Stream2_IRQHandler
                0x080050c4                DMA2_Stream3_IRQHandler
                0x080050c6                DMA2_Stream4_IRQHandler
                0x080050c8                ETH_IRQHandler
                0x080050ca                ETH_WKUP_IRQHandler
                0x080050cc                CAN2_TX_IRQHandler
                0x080050ce                CAN2_RX0_IRQHandler
                0x080050d0                CAN2_RX1_IRQHandler
                0x080050d2                CAN2_SCE_IRQHandler
                0x080050d4                OTG_FS_IRQHandler
                0x080050d6                DMA2_Stream5_IRQHandler
                0x080050d8                DMA2_Stream6_IRQHandler
                0x080050da                DMA2_Stream7_IRQHandler
                0x080050dc                USART6_IRQHandler
                0x080050de                I2C3_EV_IRQHandler
                0x080050e0                I2C3_ER_IRQHandler
                0x080050e2                OTG_HS_EP1_OUT_IRQHandler
                0x080050e4                OTG_HS_EP1_IN_IRQHandler
                0x080050e6                OTG_HS_WKUP_IRQHandler
                0x080050e8                OTG_HS_IRQHandler
                0x080050ea                DCMI_IRQHandler
                0x080050ec                CRYP_IRQHandler
                0x080050ee                HASH_RNG_IRQHandler
                0x080050f0                FPU_IRQHandler
                0x080050f2                UART7_IRQHandler
                0x080050f4                UART8_IRQHandler
                0x080050f6                SPI4_IRQHandler
                0x080050f8                SPI5_IRQHandler
                0x080050fa                SPI6_IRQHandler
                0x080050fc                SAI1_IRQHandler
                0x080050fe                LTDC_IRQHandler
                0x08005100                LTDC_ER_IRQHandler
                0x08005102                DMA2D_IRQHandler
 .text.ili9341_GetLcdPixelWidth
                0x0800510c        0x4 library.a(ili9341.o)
                0x0800510c                ili9341_GetLcdPixelWidth
 .text.ili9341_GetLcdPixelHeight
                0x08005110        0x6 library.a(ili9341.o)
                0x08005110                ili9341_GetLcdPixelHeight
 .text.ili9341_DisplayOn
                0x08005116        0x6 library.a(ili9341.o)
                0x08005116                ili9341_DisplayOn
 .text.ili9341_DisplayOff
                0x0800511c        0x6 library.a(ili9341.o)
                0x0800511c                ili9341_DisplayOff
 .text.ili9341_Init
                0x08005122      0x292 library.a(ili9341.o)
                0x08005122                ili9341_Init
 .text.ili9341_ReadID
                0x080053b4       0x12 library.a(ili9341.o)
                0x080053b4                ili9341_ReadID
 *fill*         0x080053c6        0x2 
 .text.exit     0x080053c8       0x1c /Applications/ArmGNUToolchain/13.2.Rel1/arm-none-eabi/bin/../lib/gcc/arm-none-eabi/13.2.1/../../../../arm-none-eabi/lib/thumb/v7e-m+fp/hard/libc.a(libc_a-exit.o)
                0x080053c8                exit
 .text.__sprint_r.part.0
                0x080053e4       0x78 /Applications/ArmGNUToolchain/13.2.Rel1/arm-none-eabi/bin/../lib/gcc/arm-none-eabi/13.2.1/../../../../arm-none-eabi/lib/thumb/v7e-m+fp/hard/libc.a(libc_a-vfiprintf.o)
 .text._vfiprintf_r
                0x0800545c     0x1008 /Applications/ArmGNUToolchain/13.2.Rel1/arm-none-eabi/bin/../lib/gcc/arm-none-eabi/13.2.1/../../../../arm-none-eabi/lib/thumb/v7e-m+fp/hard/libc.a(libc_a-vfiprintf.o)
                0x0800545c                _vfiprintf_r
 .text.__sbprintf
                0x08006464       0x80 /Applications/ArmGNUToolchain/13.2.Rel1/arm-none-eabi/bin/../lib/gcc/arm-none-eabi/13.2.1/../../../../arm-none-eabi/lib/thumb/v7e-m+fp/hard/libc.a(libc_a-vfiprintf.o)
 .text.__sflush_r
                0x080064e4      0x138 /Applications/ArmGNUToolchain/13.2.Rel1/arm-none-eabi/bin/../lib/gcc/arm-none-eabi/13.2.1/../../../../arm-none-eabi/lib/thumb/v7e-m+fp/hard/libc.a(libc_a-fflush.o)
                0x080064e4                __sflush_r
 .text._fflush_r
                0x0800661c       0x54 /Applications/ArmGNUToolchain/13.2.Rel1/arm-none-eabi/bin/../lib/gcc/arm-none-eabi/13.2.1/../../../../arm-none-eabi/lib/thumb/v7e-m+fp/hard/libc.a(libc_a-fflush.o)
                0x0800661c                _fflush_r
 .text.sprintf  0x08006670       0x40 /Applications/ArmGNUToolchain/13.2.Rel1/arm-none-eabi/bin/../lib/gcc/arm-none-eabi/13.2.1/../../../../arm-none-eabi/lib/thumb/v7e-m+fp/hard/libc.a(libc_a-sprintf.o)
                0x08006670                sprintf
 .text.stdio_exit_handler
                0x080066b0       0x18 /Applications/ArmGNUToolchain/13.2.Rel1/arm-none-eabi/bin/../lib/gcc/arm-none-eabi/13.2.1/../../../../arm-none-eabi/lib/thumb/v7e-m+fp/hard/libc.a(libc_a-findfp.o)
 .text.cleanup_stdio
                0x080066c8       0x40 /Applications/ArmGNUToolchain/13.2.Rel1/arm-none-eabi/bin/../lib/gcc/arm-none-eabi/13.2.1/../../../../arm-none-eabi/lib/thumb/v7e-m+fp/hard/libc.a(libc_a-findfp.o)
 .text.global_stdio_init.part.0
                0x08006708       0xf0 /Applications/ArmGNUToolchain/13.2.Rel1/arm-none-eabi/bin/../lib/gcc/arm-none-eabi/13.2.1/../../../../arm-none-eabi/lib/thumb/v7e-m+fp/hard/libc.a(libc_a-findfp.o)
 .text.__sinit  0x080067f8       0x3c /Applications/ArmGNUToolchain/13.2.Rel1/arm-none-eabi/bin/../lib/gcc/arm-none-eabi/13.2.1/../../../../arm-none-eabi/lib/thumb/v7e-m+fp/hard/libc.a(libc_a-findfp.o)
                0x080067f8                __sinit
 .text.__sfp_lock_acquire
                0x08006834        0xc /Applications/ArmGNUToolchain/13.2.Rel1/arm-none-eabi/bin/../lib/gcc/arm-none-eabi/13.2.1/../../../../arm-none-eabi/lib/thumb/v7e-m+fp/hard/libc.a(libc_a-findfp.o)
                0x08006834                __sfp_lock_acquire
 .text.__sfp_lock_release
                0x08006840        0xc /Applications/ArmGNUToolchain/13.2.Rel1/arm-none-eabi/bin/../lib/gcc/arm-none-eabi/13.2.1/../../../../arm-none-eabi/lib/thumb/v7e-m+fp/hard/libc.a(libc_a-findfp.o)
                0x08006840                __sfp_lock_release
 .text.__sfvwrite_r
                0x0800684c      0x300 /Applications/ArmGNUToolchain/13.2.Rel1/arm-none-eabi/bin/../lib/gcc/arm-none-eabi/13.2.1/../../../../arm-none-eabi/lib/thumb/v7e-m+fp/hard/libc.a(libc_a-fvwrite.o)
                0x0800684c                __sfvwrite_r
 .text._fwalk_sglue
                0x08006b4c       0x44 /Applications/ArmGNUToolchain/13.2.Rel1/arm-none-eabi/bin/../lib/gcc/arm-none-eabi/13.2.1/../../../../arm-none-eabi/lib/thumb/v7e-m+fp/hard/libc.a(libc_a-fwalk.o)
                0x08006b4c                _fwalk_sglue
 .text.__swsetup_r
                0x08006b90       0xc4 /Applications/ArmGNUToolchain/13.2.Rel1/arm-none-eabi/bin/../lib/gcc/arm-none-eabi/13.2.1/../../../../arm-none-eabi/lib/thumb/v7e-m+fp/hard/libc.a(libc_a-wsetup.o)
                0x08006b90                __swsetup_r
 .text.__fputwc
                0x08006c54       0x7c /Applications/ArmGNUToolchain/13.2.Rel1/arm-none-eabi/bin/../lib/gcc/arm-none-eabi/13.2.1/../../../../arm-none-eabi/lib/thumb/v7e-m+fp/hard/libc.a(libc_a-fputwc.o)
                0x08006c54                __fputwc
 .text._fputwc_r
                0x08006cd0       0x60 /Applications/ArmGNUToolchain/13.2.Rel1/arm-none-eabi/bin/../lib/gcc/arm-none-eabi/13.2.1/../../../../arm-none-eabi/lib/thumb/v7e-m+fp/hard/libc.a(libc_a-fputwc.o)
                0x08006cd0                _fputwc_r
 .text.memmove  0x08006d30      0x100 /Applications/ArmGNUToolchain/13.2.Rel1/arm-none-eabi/bin/../lib/gcc/arm-none-eabi/13.2.1/../../../../arm-none-eabi/lib/thumb/v7e-m+fp/hard/libc.a(libc_a-memmove.o)
                0x08006d30                memmove
 .text.memset   0x08006e30       0xa4 /Applications/ArmGNUToolchain/13.2.Rel1/arm-none-eabi/bin/../lib/gcc/arm-none-eabi/13.2.1/../../../../arm-none-eabi/lib/thumb/v7e-m+fp/hard/libc.a(libc_a-memset.o)
                0x08006e30                memset
 .text.strncpy  0x08006ed4       0x68 /Applications/ArmGNUToolchain/13.2.Rel1/arm-none-eabi/bin/../lib/gcc/arm-none-eabi/13.2.1/../../../../arm-none-eabi/lib/thumb/v7e-m+fp/hard/libc.a(libc_a-strncpy.o)
                0x08006ed4                strncpy
 .text.__locale_mb_cur_max
                0x08006f3c        0xc /Applications/ArmGNUToolchain/13.2.Rel1/arm-none-eabi/bin/../lib/gcc/arm-none-eabi/13.2.1/../../../../arm-none-eabi/lib/thumb/v7e-m+fp/hard/libc.a(libc_a-locale.o)
                0x08006f3c                __locale_mb_cur_max
 .text._localeconv_r
                0x08006f48        0x8 /Applications/ArmGNUToolchain/13.2.Rel1/arm-none-eabi/bin/../lib/gcc/arm-none-eabi/13.2.1/../../../../arm-none-eabi/lib/thumb/v7e-m+fp/hard/libc.a(libc_a-localeconv.o)
                0x08006f48                _localeconv_r
 .text.strcpy   0x08006f50       0xbc /Applications/ArmGNUToolchain/13.2.Rel1/arm-none-eabi/bin/../lib/gcc/arm-none-eabi/13.2.1/../../../../arm-none-eabi/lib/thumb/v7e-m+fp/hard/libc.a(libc_a-strcpy.o)
                0x08006f50                strcpy
 .text.__libc_init_array
                0x0800700c       0x50 /Applications/ArmGNUToolchain/13.2.Rel1/arm-none-eabi/bin/../lib/gcc/arm-none-eabi/13.2.1/../../../../arm-none-eabi/lib/thumb/v7e-m+fp/hard/libc.a(libc_a-init.o)
                0x0800700c                __libc_init_array
 .text.__retarget_lock_init_recursive
                0x0800705c        0x4 /Applications/ArmGNUToolchain/13.2.Rel1/arm-none-eabi/bin/../lib/gcc/arm-none-eabi/13.2.1/../../../../arm-none-eabi/lib/thumb/v7e-m+fp/hard/libc.a(libc_a-lock.o)
                0x0800705c                __retarget_lock_init_recursive
 .text.__retarget_lock_close_recursive
                0x08007060        0x4 /Applications/ArmGNUToolchain/13.2.Rel1/arm-none-eabi/bin/../lib/gcc/arm-none-eabi/13.2.1/../../../../arm-none-eabi/lib/thumb/v7e-m+fp/hard/libc.a(libc_a-lock.o)
                0x08007060                __retarget_lock_close_recursive
 .text.__retarget_lock_acquire_recursive
                0x08007064        0x4 /Applications/ArmGNUToolchain/13.2.Rel1/arm-none-eabi/bin/../lib/gcc/arm-none-eabi/13.2.1/../../../../arm-none-eabi/lib/thumb/v7e-m+fp/hard/libc.a(libc_a-lock.o)
                0x08007064                __retarget_lock_acquire_recursive
 .text.__retarget_lock_release_recursive
                0x08007068        0x4 /Applications/ArmGNUToolchain/13.2.Rel1/arm-none-eabi/bin/../lib/gcc/arm-none-eabi/13.2.1/../../../../arm-none-eabi/lib/thumb/v7e-m+fp/hard/libc.a(libc_a-lock.o)
                0x08007068                __retarget_lock_release_recursive
 *fill*         0x0800706c        0x4 
 .text          0x08007070       0xa0 /Applications/ArmGNUToolchain/13.2.Rel1/arm-none-eabi/bin/../lib/gcc/arm-none-eabi/13.2.1/../../../../arm-none-eabi/lib/thumb/v7e-m+fp/hard/libc.a(libc_a-memchr.o)
                0x08007070                memchr
 .text          0x08007110      0x134 /Applications/ArmGNUToolchain/13.2.Rel1/arm-none-eabi/bin/../lib/gcc/arm-none-eabi/13.2.1/../../../../arm-none-eabi/lib/thumb/v7e-m+fp/hard/libc.a(libc_a-memcpy.o)
                0x08007110                memcpy
 *fill*         0x08007244       0x3c 
 .text          0x08007280       0xd8 /Applications/ArmGNUToolchain/13.2.Rel1/arm-none-eabi/bin/../lib/gcc/arm-none-eabi/13.2.1/../../../../arm-none-eabi/lib/thumb/v7e-m+fp/hard/libc.a(libc_a-strlen.o)
                0x08007280                strlen
 .text._wcrtomb_r
                0x08007358       0x4c /Applications/ArmGNUToolchain/13.2.Rel1/arm-none-eabi/bin/../lib/gcc/arm-none-eabi/13.2.1/../../../../arm-none-eabi/lib/thumb/v7e-m+fp/hard/libc.a(libc_a-wcrtomb.o)
                0x08007358                _wcrtomb_r
 .text._wcsrtombs_r
                0x080073a4       0x18 /Applications/ArmGNUToolchain/13.2.Rel1/arm-none-eabi/bin/../lib/gcc/arm-none-eabi/13.2.1/../../../../arm-none-eabi/lib/thumb/v7e-m+fp/hard/libc.a(libc_a-wcsrtombs.o)
                0x080073a4                _wcsrtombs_r
 .text.frexp    0x080073bc       0x64 /Applications/ArmGNUToolchain/13.2.Rel1/arm-none-eabi/bin/../lib/gcc/arm-none-eabi/13.2.1/../../../../arm-none-eabi/lib/thumb/v7e-m+fp/hard/libc.a(libm_a-s_frexp.o)
                0x080073bc                frexp
 .text.startup.register_fini
                0x08007420       0x14 /Applications/ArmGNUToolchain/13.2.Rel1/arm-none-eabi/bin/../lib/gcc/arm-none-eabi/13.2.1/../../../../arm-none-eabi/lib/thumb/v7e-m+fp/hard/libc.a(libc_a-__call_atexit.o)
 .text.__call_exitprocs
                0x08007434       0xc0 /Applications/ArmGNUToolchain/13.2.Rel1/arm-none-eabi/bin/../lib/gcc/arm-none-eabi/13.2.1/../../../../arm-none-eabi/lib/thumb/v7e-m+fp/hard/libc.a(libc_a-__call_atexit.o)
                0x08007434                __call_exitprocs
 .text.atexit   0x080074f4        0xc /Applications/ArmGNUToolchain/13.2.Rel1/arm-none-eabi/bin/../lib/gcc/arm-none-eabi/13.2.1/../../../../arm-none-eabi/lib/thumb/v7e-m+fp/hard/libc.a(libc_a-atexit.o)
                0x080074f4                atexit
 .text.quorem   0x08007500      0x12c /Applications/ArmGNUToolchain/13.2.Rel1/arm-none-eabi/bin/../lib/gcc/arm-none-eabi/13.2.1/../../../../arm-none-eabi/lib/thumb/v7e-m+fp/hard/libc.a(libc_a-dtoa.o)
 *fill*         0x0800762c        0x4 
 .text._dtoa_r  0x08007630      0xe80 /Applications/ArmGNUToolchain/13.2.Rel1/arm-none-eabi/bin/../lib/gcc/arm-none-eabi/13.2.1/../../../../arm-none-eabi/lib/thumb/v7e-m+fp/hard/libc.a(libc_a-dtoa.o)
                0x08007630                _dtoa_r
 .text._malloc_trim_r
                0x080084b0       0xb8 /Applications/ArmGNUToolchain/13.2.Rel1/arm-none-eabi/bin/../lib/gcc/arm-none-eabi/13.2.1/../../../../arm-none-eabi/lib/thumb/v7e-m+fp/hard/libc.a(libc_a-freer.o)
                0x080084b0                _malloc_trim_r
 .text._free_r  0x08008568      0x1f8 /Applications/ArmGNUToolchain/13.2.Rel1/arm-none-eabi/bin/../lib/gcc/arm-none-eabi/13.2.1/../../../../arm-none-eabi/lib/thumb/v7e-m+fp/hard/libc.a(libc_a-freer.o)
                0x08008568                _free_r
 .text._malloc_r
                0x08008760      0x564 /Applications/ArmGNUToolchain/13.2.Rel1/arm-none-eabi/bin/../lib/gcc/arm-none-eabi/13.2.1/../../../../arm-none-eabi/lib/thumb/v7e-m+fp/hard/libc.a(libc_a-mallocr.o)
                0x08008760                _malloc_r
 .text.__ascii_mbtowc
                0x08008cc4       0x2c /Applications/ArmGNUToolchain/13.2.Rel1/arm-none-eabi/bin/../lib/gcc/arm-none-eabi/13.2.1/../../../../arm-none-eabi/lib/thumb/v7e-m+fp/hard/libc.a(libc_a-mbtowc_r.o)
                0x08008cc4                __ascii_mbtowc
 .text._svfprintf_r
                0x08008cf0     0x1b3c /Applications/ArmGNUToolchain/13.2.Rel1/arm-none-eabi/bin/../lib/gcc/arm-none-eabi/13.2.1/../../../../arm-none-eabi/lib/thumb/v7e-m+fp/hard/libc.a(libc_a-svfprintf.o)
                0x08008cf0                _svfprintf_r
 .text.__smakebuf_r
                0x0800a82c       0xdc /Applications/ArmGNUToolchain/13.2.Rel1/arm-none-eabi/bin/../lib/gcc/arm-none-eabi/13.2.1/../../../../arm-none-eabi/lib/thumb/v7e-m+fp/hard/libc.a(libc_a-makebuf.o)
                0x0800a82c                __smakebuf_r
 .text.__malloc_lock
                0x0800a908        0xc /Applications/ArmGNUToolchain/13.2.Rel1/arm-none-eabi/bin/../lib/gcc/arm-none-eabi/13.2.1/../../../../arm-none-eabi/lib/thumb/v7e-m+fp/hard/libc.a(libc_a-mlock.o)
                0x0800a908                __malloc_lock
 .text.__malloc_unlock
                0x0800a914        0xc /Applications/ArmGNUToolchain/13.2.Rel1/arm-none-eabi/bin/../lib/gcc/arm-none-eabi/13.2.1/../../../../arm-none-eabi/lib/thumb/v7e-m+fp/hard/libc.a(libc_a-mlock.o)
                0x0800a914                __malloc_unlock
 .text._Balloc  0x0800a920       0x4c /Applications/ArmGNUToolchain/13.2.Rel1/arm-none-eabi/bin/../lib/gcc/arm-none-eabi/13.2.1/../../../../arm-none-eabi/lib/thumb/v7e-m+fp/hard/libc.a(libc_a-mprec.o)
                0x0800a920                _Balloc
 .text._Bfree   0x0800a96c       0x14 /Applications/ArmGNUToolchain/13.2.Rel1/arm-none-eabi/bin/../lib/gcc/arm-none-eabi/13.2.1/../../../../arm-none-eabi/lib/thumb/v7e-m+fp/hard/libc.a(libc_a-mprec.o)
                0x0800a96c                _Bfree
 .text.__multadd
                0x0800a980       0xa0 /Applications/ArmGNUToolchain/13.2.Rel1/arm-none-eabi/bin/../lib/gcc/arm-none-eabi/13.2.1/../../../../arm-none-eabi/lib/thumb/v7e-m+fp/hard/libc.a(libc_a-mprec.o)
                0x0800a980                __multadd
 .text.__hi0bits
                0x0800aa20       0x44 /Applications/ArmGNUToolchain/13.2.Rel1/arm-none-eabi/bin/../lib/gcc/arm-none-eabi/13.2.1/../../../../arm-none-eabi/lib/thumb/v7e-m+fp/hard/libc.a(libc_a-mprec.o)
                0x0800aa20                __hi0bits
 .text.__lo0bits
                0x0800aa64       0x60 /Applications/ArmGNUToolchain/13.2.Rel1/arm-none-eabi/bin/../lib/gcc/arm-none-eabi/13.2.1/../../../../arm-none-eabi/lib/thumb/v7e-m+fp/hard/libc.a(libc_a-mprec.o)
                0x0800aa64                __lo0bits
 .text.__i2b    0x0800aac4       0x5c /Applications/ArmGNUToolchain/13.2.Rel1/arm-none-eabi/bin/../lib/gcc/arm-none-eabi/13.2.1/../../../../arm-none-eabi/lib/thumb/v7e-m+fp/hard/libc.a(libc_a-mprec.o)
                0x0800aac4                __i2b
 .text.__multiply
                0x0800ab20      0x16c /Applications/ArmGNUToolchain/13.2.Rel1/arm-none-eabi/bin/../lib/gcc/arm-none-eabi/13.2.1/../../../../arm-none-eabi/lib/thumb/v7e-m+fp/hard/libc.a(libc_a-mprec.o)
                0x0800ab20                __multiply
 .text.__pow5mult
                0x0800ac8c       0xb4 /Applications/ArmGNUToolchain/13.2.Rel1/arm-none-eabi/bin/../lib/gcc/arm-none-eabi/13.2.1/../../../../arm-none-eabi/lib/thumb/v7e-m+fp/hard/libc.a(libc_a-mprec.o)
                0x0800ac8c                __pow5mult
 .text.__lshift
                0x0800ad40       0xf0 /Applications/ArmGNUToolchain/13.2.Rel1/arm-none-eabi/bin/../lib/gcc/arm-none-eabi/13.2.1/../../../../arm-none-eabi/lib/thumb/v7e-m+fp/hard/libc.a(libc_a-mprec.o)
                0x0800ad40                __lshift
 .text.__mcmp   0x0800ae30       0x44 /Applications/ArmGNUToolchain/13.2.Rel1/arm-none-eabi/bin/../lib/gcc/arm-none-eabi/13.2.1/../../../../arm-none-eabi/lib/thumb/v7e-m+fp/hard/libc.a(libc_a-mprec.o)
                0x0800ae30                __mcmp
 .text.__mdiff  0x0800ae74      0x178 /Applications/ArmGNUToolchain/13.2.Rel1/arm-none-eabi/bin/../lib/gcc/arm-none-eabi/13.2.1/../../../../arm-none-eabi/lib/thumb/v7e-m+fp/hard/libc.a(libc_a-mprec.o)
                0x0800ae74                __mdiff
 .text.__d2b    0x0800afec       0xc0 /Applications/ArmGNUToolchain/13.2.Rel1/arm-none-eabi/bin/../lib/gcc/arm-none-eabi/13.2.1/../../../../arm-none-eabi/lib/thumb/v7e-m+fp/hard/libc.a(libc_a-mprec.o)
                0x0800afec                __d2b
 .text._fclose_r
                0x0800b0ac       0xc0 /Applications/ArmGNUToolchain/13.2.Rel1/arm-none-eabi/bin/../lib/gcc/arm-none-eabi/13.2.1/../../../../arm-none-eabi/lib/thumb/v7e-m+fp/hard/libc.a(libc_a-fclose.o)
                0x0800b0ac                _fclose_r
 .text._realloc_r
                0x0800b16c      0x344 /Applications/ArmGNUToolchain/13.2.Rel1/arm-none-eabi/bin/../lib/gcc/arm-none-eabi/13.2.1/../../../../arm-none-eabi/lib/thumb/v7e-m+fp/hard/libc.a(libc_a-reallocr.o)
                0x0800b16c                _realloc_r
 .text.__sread  0x0800b4b0       0x24 /Applications/ArmGNUToolchain/13.2.Rel1/arm-none-eabi/bin/../lib/gcc/arm-none-eabi/13.2.1/../../../../arm-none-eabi/lib/thumb/v7e-m+fp/hard/libc.a(libc_a-stdio.o)
                0x0800b4b0                __sread
 .text.__swrite
                0x0800b4d4       0x40 /Applications/ArmGNUToolchain/13.2.Rel1/arm-none-eabi/bin/../lib/gcc/arm-none-eabi/13.2.1/../../../../arm-none-eabi/lib/thumb/v7e-m+fp/hard/libc.a(libc_a-stdio.o)
                0x0800b4d4                __swrite
 .text.__sseek  0x0800b514       0x24 /Applications/ArmGNUToolchain/13.2.Rel1/arm-none-eabi/bin/../lib/gcc/arm-none-eabi/13.2.1/../../../../arm-none-eabi/lib/thumb/v7e-m+fp/hard/libc.a(libc_a-stdio.o)
                0x0800b514                __sseek
 .text.__sclose
                0x0800b538        0x8 /Applications/ArmGNUToolchain/13.2.Rel1/arm-none-eabi/bin/../lib/gcc/arm-none-eabi/13.2.1/../../../../arm-none-eabi/lib/thumb/v7e-m+fp/hard/libc.a(libc_a-stdio.o)
                0x0800b538                __sclose
 .text.__ascii_wctomb
                0x0800b540       0x1c /Applications/ArmGNUToolchain/13.2.Rel1/arm-none-eabi/bin/../lib/gcc/arm-none-eabi/13.2.1/../../../../arm-none-eabi/lib/thumb/v7e-m+fp/hard/libc.a(libc_a-wctomb_r.o)
                0x0800b540                __ascii_wctomb
 .text.__swbuf_r
                0x0800b55c       0xac /Applications/ArmGNUToolchain/13.2.Rel1/arm-none-eabi/bin/../lib/gcc/arm-none-eabi/13.2.1/../../../../arm-none-eabi/lib/thumb/v7e-m+fp/hard/libc.a(libc_a-wbuf.o)
                0x0800b55c                __swbuf_r
 .text._close_r
                0x0800b608       0x24 /Applications/ArmGNUToolchain/13.2.Rel1/arm-none-eabi/bin/../lib/gcc/arm-none-eabi/13.2.1/../../../../arm-none-eabi/lib/thumb/v7e-m+fp/hard/libc.a(libc_a-closer.o)
                0x0800b608                _close_r
 .text._fstat_r
                0x0800b62c       0x2c /Applications/ArmGNUToolchain/13.2.Rel1/arm-none-eabi/bin/../lib/gcc/arm-none-eabi/13.2.1/../../../../arm-none-eabi/lib/thumb/v7e-m+fp/hard/libc.a(libc_a-fstatr.o)
                0x0800b62c                _fstat_r
 .text._isatty_r
                0x0800b658       0x24 /Applications/ArmGNUToolchain/13.2.Rel1/arm-none-eabi/bin/../lib/gcc/arm-none-eabi/13.2.1/../../../../arm-none-eabi/lib/thumb/v7e-m+fp/hard/libc.a(libc_a-isattyr.o)
                0x0800b658                _isatty_r
 .text._lseek_r
                0x0800b67c       0x2c /Applications/ArmGNUToolchain/13.2.Rel1/arm-none-eabi/bin/../lib/gcc/arm-none-eabi/13.2.1/../../../../arm-none-eabi/lib/thumb/v7e-m+fp/hard/libc.a(libc_a-lseekr.o)
                0x0800b67c                _lseek_r
 .text._read_r  0x0800b6a8       0x2c /Applications/ArmGNUToolchain/13.2.Rel1/arm-none-eabi/bin/../lib/gcc/arm-none-eabi/13.2.1/../../../../arm-none-eabi/lib/thumb/v7e-m+fp/hard/libc.a(libc_a-readr.o)
                0x0800b6a8                _read_r
 .text._sbrk_r  0x0800b6d4       0x24 /Applications/ArmGNUToolchain/13.2.Rel1/arm-none-eabi/bin/../lib/gcc/arm-none-eabi/13.2.1/../../../../arm-none-eabi/lib/thumb/v7e-m+fp/hard/libc.a(libc_a-sbrkr.o)
                0x0800b6d4                _sbrk_r
 .text._write_r
                0x0800b6f8       0x2c /Applications/ArmGNUToolchain/13.2.Rel1/arm-none-eabi/bin/../lib/gcc/arm-none-eabi/13.2.1/../../../../arm-none-eabi/lib/thumb/v7e-m+fp/hard/libc.a(libc_a-writer.o)
                0x0800b6f8                _write_r
 .text.__errno  0x0800b724        0xc /Applications/ArmGNUToolchain/13.2.Rel1/arm-none-eabi/bin/../lib/gcc/arm-none-eabi/13.2.1/../../../../arm-none-eabi/lib/thumb/v7e-m+fp/hard/libc.a(libc_a-errno.o)
                0x0800b724                __errno
 .text.sysconf  0x0800b730       0x1c /Applications/ArmGNUToolchain/13.2.Rel1/arm-none-eabi/bin/../lib/gcc/arm-none-eabi/13.2.1/../../../../arm-none-eabi/lib/thumb/v7e-m+fp/hard/libc.a(libc_a-sysconf.o)
                0x0800b730                sysconf
 .text.__libc_fini_array
                0x0800b74c       0x28 /Applications/ArmGNUToolchain/13.2.Rel1/arm-none-eabi/bin/../lib/gcc/arm-none-eabi/13.2.1/../../../../arm-none-eabi/lib/thumb/v7e-m+fp/hard/libc.a(libc_a-fini.o)
                0x0800b74c                __libc_fini_array
 .text._wcsnrtombs_l
                0x0800b774       0xfc /Applications/ArmGNUToolchain/13.2.Rel1/arm-none-eabi/bin/../lib/gcc/arm-none-eabi/13.2.1/../../../../arm-none-eabi/lib/thumb/v7e-m+fp/hard/libc.a(libc_a-wcsnrtombs.o)
                0x0800b774                _wcsnrtombs_l
 .text._wcsnrtombs_r
                0x0800b870       0x24 /Applications/ArmGNUToolchain/13.2.Rel1/arm-none-eabi/bin/../lib/gcc/arm-none-eabi/13.2.1/../../../../arm-none-eabi/lib/thumb/v7e-m+fp/hard/libc.a(libc_a-wcsnrtombs.o)
                0x0800b870                _wcsnrtombs_r
 .text.__register_exitproc
                0x0800b894       0x80 /Applications/ArmGNUToolchain/13.2.Rel1/arm-none-eabi/bin/../lib/gcc/arm-none-eabi/13.2.1/../../../../arm-none-eabi/lib/thumb/v7e-m+fp/hard/libc.a(libc_a-__atexit.o)
                0x0800b894                __register_exitproc
 .text.__assert_func
                0x0800b914       0x40 /Applications/ArmGNUToolchain/13.2.Rel1/arm-none-eabi/bin/../lib/gcc/arm-none-eabi/13.2.1/../../../../arm-none-eabi/lib/thumb/v7e-m+fp/hard/libc.a(libc_a-assert.o)
                0x0800b914                __assert_func
 .text._calloc_r
                0x0800b954       0x6c /Applications/ArmGNUToolchain/13.2.Rel1/arm-none-eabi/bin/../lib/gcc/arm-none-eabi/13.2.1/../../../../arm-none-eabi/lib/thumb/v7e-m+fp/hard/libc.a(libc_a-callocr.o)
                0x0800b954                _calloc_r
 .text.fiprintf
                0x0800b9c0       0x28 /Applications/ArmGNUToolchain/13.2.Rel1/arm-none-eabi/bin/../lib/gcc/arm-none-eabi/13.2.1/../../../../arm-none-eabi/lib/thumb/v7e-m+fp/hard/libc.a(libc_a-fiprintf.o)
                0x0800b9c0                fiprintf
 .text.__ssprint_r
                0x0800b9e8      0x108 /Applications/ArmGNUToolchain/13.2.Rel1/arm-none-eabi/bin/../lib/gcc/arm-none-eabi/13.2.1/../../../../arm-none-eabi/lib/thumb/v7e-m+fp/hard/libc.a(libc_a-svfiprintf.o)
                0x0800b9e8                __ssprint_r
 .text.abort    0x0800baf0       0x10 /Applications/ArmGNUToolchain/13.2.Rel1/arm-none-eabi/bin/../lib/gcc/arm-none-eabi/13.2.1/../../../../arm-none-eabi/lib/thumb/v7e-m+fp/hard/libc.a(libc_a-abort.o)
                0x0800baf0                abort
 .text.raise    0x0800bb00       0x58 /Applications/ArmGNUToolchain/13.2.Rel1/arm-none-eabi/bin/../lib/gcc/arm-none-eabi/13.2.1/../../../../arm-none-eabi/lib/thumb/v7e-m+fp/hard/libc.a(libc_a-signal.o)
                0x0800bb00                raise
 .text._kill_r  0x0800bb58       0x2c /Applications/ArmGNUToolchain/13.2.Rel1/arm-none-eabi/bin/../lib/gcc/arm-none-eabi/13.2.1/../../../../arm-none-eabi/lib/thumb/v7e-m+fp/hard/libc.a(libc_a-signalr.o)
                0x0800bb58                _kill_r
 .text._getpid_r
                0x0800bb84        0x4 /Applications/ArmGNUToolchain/13.2.Rel1/arm-none-eabi/bin/../lib/gcc/arm-none-eabi/13.2.1/../../../../arm-none-eabi/lib/thumb/v7e-m+fp/hard/libc.a(libc_a-signalr.o)
                0x0800bb84                _getpid_r
 .text._sbrk    0x0800bb88       0x1c /Applications/ArmGNUToolchain/13.2.Rel1/arm-none-eabi/bin/../lib/gcc/arm-none-eabi/13.2.1/../../../../arm-none-eabi/lib/thumb/v7e-m+fp/hard/libnosys.a(sbrk.o)
                0x0800bb88                _sbrk
 .text._exit    0x0800bba4        0x4 /Applications/ArmGNUToolchain/13.2.Rel1/arm-none-eabi/bin/../lib/gcc/arm-none-eabi/13.2.1/../../../../arm-none-eabi/lib/thumb/v7e-m+fp/hard/libnosys.a(_exit.o)
                0x0800bba4                _exit
 .text          0x0800bba8      0x378 /Applications/ArmGNUToolchain/13.2.Rel1/arm-none-eabi/bin/../lib/gcc/arm-none-eabi/13.2.1/thumb/v7e-m+fp/hard/libgcc.a(_arm_addsubdf3.o)
                0x0800bba8                __aeabi_drsub
                0x0800bbb0                __subdf3
                0x0800bbb0                __aeabi_dsub
                0x0800bbb4                __aeabi_dadd
                0x0800bbb4                __adddf3
                0x0800be2c                __aeabi_ui2d
                0x0800be2c                __floatunsidf
                0x0800be4c                __floatsidf
                0x0800be4c                __aeabi_i2d
                0x0800be70                __extendsfdf2
                0x0800be70                __aeabi_f2d
                0x0800beb4                __aeabi_ul2d
                0x0800beb4                __floatundidf
                0x0800bec4                __aeabi_l2d
                0x0800bec4                __floatdidf
 .text          0x0800bf20      0x424 /Applications/ArmGNUToolchain/13.2.Rel1/arm-none-eabi/bin/../lib/gcc/arm-none-eabi/13.2.1/thumb/v7e-m+fp/hard/libgcc.a(_arm_muldivdf3.o)
                0x0800bf20                __aeabi_dmul
                0x0800bf20                __muldf3
                0x0800c174                __aeabi_ddiv
                0x0800c174                __divdf3
 .text          0x0800c344      0x110 /Applications/ArmGNUToolchain/13.2.Rel1/arm-none-eabi/bin/../lib/gcc/arm-none-eabi/13.2.1/thumb/v7e-m+fp/hard/libgcc.a(_arm_cmpdf2.o)
                0x0800c344                __gedf2
                0x0800c344                __gtdf2
                0x0800c34c                __ledf2
                0x0800c34c                __ltdf2
                0x0800c354                __cmpdf2
                0x0800c354                __eqdf2
                0x0800c354                __nedf2
                0x0800c3d0                __aeabi_cdrcmple
                0x0800c3e0                __aeabi_cdcmple
                0x0800c3e0                __aeabi_cdcmpeq
                0x0800c3f0                __aeabi_dcmpeq
                0x0800c404                __aeabi_dcmplt
                0x0800c418                __aeabi_dcmple
                0x0800c42c                __aeabi_dcmpge
                0x0800c440                __aeabi_dcmpgt
 .text          0x0800c454       0x2c /Applications/ArmGNUToolchain/13.2.Rel1/arm-none-eabi/bin/../lib/gcc/arm-none-eabi/13.2.1/thumb/v7e-m+fp/hard/libgcc.a(_arm_unorddf2.o)
                0x0800c454                __aeabi_dcmpun
                0x0800c454                __unorddf2
 .text          0x0800c480       0x50 /Applications/ArmGNUToolchain/13.2.Rel1/arm-none-eabi/bin/../lib/gcc/arm-none-eabi/13.2.1/thumb/v7e-m+fp/hard/libgcc.a(_arm_fixdfsi.o)
                0x0800c480                __fixdfsi
                0x0800c480                __aeabi_d2iz
 *(.init)
 .init          0x0800c4d0        0x4 /Applications/ArmGNUToolchain/13.2.Rel1/arm-none-eabi/bin/../lib/gcc/arm-none-eabi/13.2.1/thumb/v7e-m+fp/hard/crti.o
                0x0800c4d0                _init
 .init          0x0800c4d4        0x8 /Applications/ArmGNUToolchain/13.2.Rel1/arm-none-eabi/bin/../lib/gcc/arm-none-eabi/13.2.1/thumb/v7e-m+fp/hard/crtn.o
 *(.fini)
 .fini          0x0800c4dc        0x4 /Applications/ArmGNUToolchain/13.2.Rel1/arm-none-eabi/bin/../lib/gcc/arm-none-eabi/13.2.1/thumb/v7e-m+fp/hard/crti.o
                0x0800c4dc                _fini
 .fini          0x0800c4e0        0x8 /Applications/ArmGNUToolchain/13.2.Rel1/arm-none-eabi/bin/../lib/gcc/arm-none-eabi/13.2.1/thumb/v7e-m+fp/hard/crtn.o
 *crtbegin.o(.ctors)
 *crtbegin?.o(.ctors)
 *(EXCLUDE_FILE(*crtend.o *crtend?.o) .ctors)
 *(SORT_BY_NAME(.ctors.*))
 *(.ctors)
 *crtbegin.o(.dtors)
 *crtbegin?.o(.dtors)
 *(EXCLUDE_FILE(*crtend.o *crtend?.o) .dtors)
 *(SORT_BY_NAME(.dtors.*))
 *(.dtors)
 *(.rodata*)
 .rodata        0x0800c4e8      0x146 obj/Lab4A-Main-c.o
 .rodata.DisplayHeader.str1.1
                0x0800c62e      0x23f library.a(initialize.o)
                                 0x27 (size before relaxing)
 .rodata._write.str1.1
                0x0800c86d        0x1 library.a(initialize.o)
 .rodata.Font12_Table
                0x0800c86d      0x474 library.a(stm32f429i_discovery_lcd.o)
                0x0800c86d                Font12_Table
 .rodata.Font16_Table
                0x0800cce1      0xbe0 library.a(stm32f429i_discovery_lcd.o)
                0x0800cce1                Font16_Table
 .rodata.Font24_Table
                0x0800d8c1     0x1ab8 library.a(stm32f429i_discovery_lcd.o)
                0x0800d8c1                Font24_Table
 .rodata.CSWTCH.4
                0x0800f379        0x7 library.a(stm32f4xx_hal_ltdc.o)
 .rodata.APBAHBPrescTable
                0x0800f380       0x10 library.a(stm32f4xx_hal_rcc.o)
                0x0800f380                APBAHBPrescTable
 .rodata.SVC_Label.str1.1
                0x0800f390        0xe library.a(svcHandler.o)
 .rodata.F32.str1.1
                0x0800f390       0x20 library.a(svcHandler.o)
 .rodata.FlPtRegs.str1.1
                0x0800f390       0x1a library.a(svcHandler.o)
 .rodata._MemManageHandler.str1.1
                0x0800f390       0x10 library.a(svcHandler.o)
 .rodata._BusFault_Handler.str1.1
                0x0800f390        0xb library.a(svcHandler.o)
 .rodata._HardFault_Handler.str1.1
                0x0800f390        0xc library.a(svcHandler.o)
 .rodata._UsageFault_Handler.str1.1
                0x0800f390       0x76 library.a(svcHandler.o)
 .rodata.SVC_Exception.str1.1
                0x0800f390       0x15 library.a(svcHandler.o)
 .rodata.str1.1
                0x0800f390      0x11e library.a(svcHandler.o)
 .rodata._vfiprintf_r.str1.4
                0x0800f390      0x1b7 /Applications/ArmGNUToolchain/13.2.Rel1/arm-none-eabi/bin/../lib/gcc/arm-none-eabi/13.2.1/../../../../arm-none-eabi/lib/thumb/v7e-m+fp/hard/libc.a(libc_a-vfiprintf.o)
                                 0x2f (size before relaxing)
 *fill*         0x0800f547        0x1 
 .rodata.zeroes.0
                0x0800f548       0x10 /Applications/ArmGNUToolchain/13.2.Rel1/arm-none-eabi/bin/../lib/gcc/arm-none-eabi/13.2.1/../../../../arm-none-eabi/lib/thumb/v7e-m+fp/hard/libc.a(libc_a-vfiprintf.o)
 .rodata.blanks.1
                0x0800f558       0x10 /Applications/ArmGNUToolchain/13.2.Rel1/arm-none-eabi/bin/../lib/gcc/arm-none-eabi/13.2.1/../../../../arm-none-eabi/lib/thumb/v7e-m+fp/hard/libc.a(libc_a-vfiprintf.o)
 .rodata.str1.4
                0x0800f568       0x4c /Applications/ArmGNUToolchain/13.2.Rel1/arm-none-eabi/bin/../lib/gcc/arm-none-eabi/13.2.1/../../../../arm-none-eabi/lib/thumb/v7e-m+fp/hard/libc.a(libc_a-locale.o)
 .rodata._ctype_
                0x0800f568      0x101 /Applications/ArmGNUToolchain/13.2.Rel1/arm-none-eabi/bin/../lib/gcc/arm-none-eabi/13.2.1/../../../../arm-none-eabi/lib/thumb/v7e-m+fp/hard/libc.a(libc_a-ctype_.o)
                0x0800f568                _ctype_
 .rodata._dtoa_r.str1.4
                0x0800f669       0x89 /Applications/ArmGNUToolchain/13.2.Rel1/arm-none-eabi/bin/../lib/gcc/arm-none-eabi/13.2.1/../../../../arm-none-eabi/lib/thumb/v7e-m+fp/hard/libc.a(libc_a-dtoa.o)
 .rodata._svfprintf_r.str1.4
                0x0800f669       0x42 /Applications/ArmGNUToolchain/13.2.Rel1/arm-none-eabi/bin/../lib/gcc/arm-none-eabi/13.2.1/../../../../arm-none-eabi/lib/thumb/v7e-m+fp/hard/libc.a(libc_a-svfprintf.o)
 *fill*         0x0800f669        0x3 
 .rodata.zeroes.0
                0x0800f66c       0x10 /Applications/ArmGNUToolchain/13.2.Rel1/arm-none-eabi/bin/../lib/gcc/arm-none-eabi/13.2.1/../../../../arm-none-eabi/lib/thumb/v7e-m+fp/hard/libc.a(libc_a-svfprintf.o)
 .rodata.blanks.1
                0x0800f67c       0x10 /Applications/ArmGNUToolchain/13.2.Rel1/arm-none-eabi/bin/../lib/gcc/arm-none-eabi/13.2.1/../../../../arm-none-eabi/lib/thumb/v7e-m+fp/hard/libc.a(libc_a-svfprintf.o)
 .rodata.__multadd.str1.4
                0x0800f68c       0x76 /Applications/ArmGNUToolchain/13.2.Rel1/arm-none-eabi/bin/../lib/gcc/arm-none-eabi/13.2.1/../../../../arm-none-eabi/lib/thumb/v7e-m+fp/hard/libc.a(libc_a-mprec.o)
 .rodata.p05.0  0x0800f68c        0xc /Applications/ArmGNUToolchain/13.2.Rel1/arm-none-eabi/bin/../lib/gcc/arm-none-eabi/13.2.1/../../../../arm-none-eabi/lib/thumb/v7e-m+fp/hard/libc.a(libc_a-mprec.o)
 .rodata.__mprec_bigtens
                0x0800f698       0x28 /Applications/ArmGNUToolchain/13.2.Rel1/arm-none-eabi/bin/../lib/gcc/arm-none-eabi/13.2.1/../../../../arm-none-eabi/lib/thumb/v7e-m+fp/hard/libc.a(libc_a-mprec.o)
                0x0800f698                __mprec_bigtens
 .rodata.__mprec_tens
                0x0800f6c0       0xc8 /Applications/ArmGNUToolchain/13.2.Rel1/arm-none-eabi/bin/../lib/gcc/arm-none-eabi/13.2.1/../../../../arm-none-eabi/lib/thumb/v7e-m+fp/hard/libc.a(libc_a-mprec.o)
                0x0800f6c0                __mprec_tens
 .rodata.__assert_func.str1.4
                0x0800f788       0x43 /Applications/ArmGNUToolchain/13.2.Rel1/arm-none-eabi/bin/../lib/gcc/arm-none-eabi/13.2.1/../../../../arm-none-eabi/lib/thumb/v7e-m+fp/hard/libc.a(libc_a-assert.o)
 *(.eh_frame*)
 .eh_frame      0x0800f788        0x0 /Applications/ArmGNUToolchain/13.2.Rel1/arm-none-eabi/bin/../lib/gcc/arm-none-eabi/13.2.1/thumb/v7e-m+fp/hard/crtbegin.o
 .eh_frame      0x0800f788       0x50 /Applications/ArmGNUToolchain/13.2.Rel1/arm-none-eabi/bin/../lib/gcc/arm-none-eabi/13.2.1/../../../../arm-none-eabi/lib/thumb/v7e-m+fp/hard/libc.a(libc_a-memchr.o)
 .eh_frame      0x0800f7d8       0x2c /Applications/ArmGNUToolchain/13.2.Rel1/arm-none-eabi/bin/../lib/gcc/arm-none-eabi/13.2.1/../../../../arm-none-eabi/lib/thumb/v7e-m+fp/hard/libc.a(libc_a-memcpy.o)
 .eh_frame      0x0800f804       0x34 /Applications/ArmGNUToolchain/13.2.Rel1/arm-none-eabi/bin/../lib/gcc/arm-none-eabi/13.2.1/../../../../arm-none-eabi/lib/thumb/v7e-m+fp/hard/libc.a(libc_a-strlen.o)
 .eh_frame      0x0800f838        0x4 /Applications/ArmGNUToolchain/13.2.Rel1/arm-none-eabi/bin/../lib/gcc/arm-none-eabi/13.2.1/thumb/v7e-m+fp/hard/crtend.o

.glue_7         0x0800f83c        0x0
 .glue_7        0x0800f83c        0x0 linker stubs

.glue_7t        0x0800f83c        0x0
 .glue_7t       0x0800f83c        0x0 linker stubs

.vfp11_veneer   0x0800f83c        0x0
 .vfp11_veneer  0x0800f83c        0x0 linker stubs

.v4_bx          0x0800f83c        0x0
 .v4_bx         0x0800f83c        0x0 linker stubs

.iplt           0x0800f83c        0x0
 .iplt          0x0800f83c        0x0 /Applications/ArmGNUToolchain/13.2.Rel1/arm-none-eabi/bin/../lib/gcc/arm-none-eabi/13.2.1/thumb/v7e-m+fp/hard/crtbegin.o

.ARM.extab
 *(.ARM.extab* .gnu.linkonce.armextab.*)
                0x0800f83c                        __exidx_start = .

.ARM.exidx      0x0800f83c        0x8
 *(.ARM.exidx* .gnu.linkonce.armexidx.*)
 .ARM.exidx     0x0800f83c        0x8 /Applications/ArmGNUToolchain/13.2.Rel1/arm-none-eabi/bin/../lib/gcc/arm-none-eabi/13.2.1/../../../../arm-none-eabi/lib/thumb/v7e-m+fp/hard/crt0.o
                                 0x10 (size before relaxing)
 .ARM.exidx     0x0800f844        0x0 /Applications/ArmGNUToolchain/13.2.Rel1/arm-none-eabi/bin/../lib/gcc/arm-none-eabi/13.2.1/../../../../arm-none-eabi/lib/thumb/v7e-m+fp/hard/libc.a(libc_a-memchr.o)
                                  0x8 (size before relaxing)
 .ARM.exidx     0x0800f844        0x0 /Applications/ArmGNUToolchain/13.2.Rel1/arm-none-eabi/bin/../lib/gcc/arm-none-eabi/13.2.1/../../../../arm-none-eabi/lib/thumb/v7e-m+fp/hard/libc.a(libc_a-memcpy.o)
                                  0x8 (size before relaxing)
 .ARM.exidx     0x0800f844        0x0 /Applications/ArmGNUToolchain/13.2.Rel1/arm-none-eabi/bin/../lib/gcc/arm-none-eabi/13.2.1/../../../../arm-none-eabi/lib/thumb/v7e-m+fp/hard/libc.a(libc_a-strlen.o)
                                  0x8 (size before relaxing)
                0x0800f844                        __exidx_end = .
                0x0800f844                        __etext = .

.rel.dyn        0x0800f844        0x0
 .rel.iplt      0x0800f844        0x0 /Applications/ArmGNUToolchain/13.2.Rel1/arm-none-eabi/bin/../lib/gcc/arm-none-eabi/13.2.1/thumb/v7e-m+fp/hard/crtbegin.o

.data           0x20000000      0x810 load address 0x0800f844
                0x20000000                        __data_start__ = .
 *(vtable)
 *(.data*)
 .data.BUTTON_PORT
                0x20000000        0x4 library.a(stm32f429i_discovery.o)
                0x20000000                BUTTON_PORT
 .data.SpixTimeout
                0x20000004        0x4 library.a(stm32f429i_discovery.o)
                0x20000004                SpixTimeout
 .data.Font12   0x20000008        0x8 library.a(stm32f429i_discovery_lcd.o)
                0x20000008                Font12
 .data.Font16   0x20000010        0x8 library.a(stm32f429i_discovery_lcd.o)
                0x20000010                Font16
 .data.Font24   0x20000018        0x8 library.a(stm32f429i_discovery_lcd.o)
                0x20000018                Font24
 .data.context.0
                0x20000020       0x20 library.a(svcHandler.o)
 .data.context.1
                0x20000040       0x20 library.a(svcHandler.o)
 .data.context.3
                0x20000060       0x20 library.a(svcHandler.o)
 .data.context.6
                0x20000080       0x20 library.a(svcHandler.o)
 .data.lines.2  0x200000a0       0x30 library.a(svcHandler.o)
 .data.lines.5  0x200000d0       0x40 library.a(svcHandler.o)
 .data.SystemCoreClock
                0x20000110        0x4 library.a(system_stm32f4xx.o)
                0x20000110                SystemCoreClock
 .data.ili9341_drv
                0x20000114       0x38 library.a(ili9341.o)
                0x20000114                ili9341_drv
 .data.__sglue  0x2000014c        0xc /Applications/ArmGNUToolchain/13.2.Rel1/arm-none-eabi/bin/../lib/gcc/arm-none-eabi/13.2.1/../../../../arm-none-eabi/lib/thumb/v7e-m+fp/hard/libc.a(libc_a-findfp.o)
                0x2000014c                __sglue
 .data.__global_locale
                0x20000158      0x16c /Applications/ArmGNUToolchain/13.2.Rel1/arm-none-eabi/bin/../lib/gcc/arm-none-eabi/13.2.1/../../../../arm-none-eabi/lib/thumb/v7e-m+fp/hard/libc.a(libc_a-locale.o)
                0x20000158                __global_locale
 .data._impure_ptr
                0x200002c4        0x4 /Applications/ArmGNUToolchain/13.2.Rel1/arm-none-eabi/bin/../lib/gcc/arm-none-eabi/13.2.1/../../../../arm-none-eabi/lib/thumb/v7e-m+fp/hard/libc.a(libc_a-impure.o)
                0x200002c4                _impure_ptr
 .data._impure_data
                0x200002c8      0x120 /Applications/ArmGNUToolchain/13.2.Rel1/arm-none-eabi/bin/../lib/gcc/arm-none-eabi/13.2.1/../../../../arm-none-eabi/lib/thumb/v7e-m+fp/hard/libc.a(libc_a-impure.o)
                0x200002c8                _impure_data
 .data.__atexit_recursive_mutex
                0x200003e8        0x4 /Applications/ArmGNUToolchain/13.2.Rel1/arm-none-eabi/bin/../lib/gcc/arm-none-eabi/13.2.1/../../../../arm-none-eabi/lib/thumb/v7e-m+fp/hard/libc.a(libc_a-__call_atexit.o)
                0x200003e8                __atexit_recursive_mutex
 .data.__malloc_sbrk_base
                0x200003ec        0x4 /Applications/ArmGNUToolchain/13.2.Rel1/arm-none-eabi/bin/../lib/gcc/arm-none-eabi/13.2.1/../../../../arm-none-eabi/lib/thumb/v7e-m+fp/hard/libc.a(libc_a-mallocr.o)
                0x200003ec                __malloc_sbrk_base
 .data.__malloc_trim_threshold
                0x200003f0        0x4 /Applications/ArmGNUToolchain/13.2.Rel1/arm-none-eabi/bin/../lib/gcc/arm-none-eabi/13.2.1/../../../../arm-none-eabi/lib/thumb/v7e-m+fp/hard/libc.a(libc_a-mallocr.o)
                0x200003f0                __malloc_trim_threshold
 *fill*         0x200003f4        0x4 
 .data.__malloc_av_
                0x200003f8      0x408 /Applications/ArmGNUToolchain/13.2.Rel1/arm-none-eabi/bin/../lib/gcc/arm-none-eabi/13.2.1/../../../../arm-none-eabi/lib/thumb/v7e-m+fp/hard/libc.a(libc_a-mallocr.o)
                0x200003f8                __malloc_av_
                0x20000800                        . = ALIGN (0x4)
                0x20000800                        PROVIDE (__preinit_array_start = .)
 *(.preinit_array)
                0x20000800                        PROVIDE (__preinit_array_end = .)
                0x20000800                        . = ALIGN (0x4)
                0x20000800                        PROVIDE (__init_array_start = .)
 *(SORT_BY_NAME(.init_array.*))
 .init_array.00000
                0x20000800        0x4 /Applications/ArmGNUToolchain/13.2.Rel1/arm-none-eabi/bin/../lib/gcc/arm-none-eabi/13.2.1/../../../../arm-none-eabi/lib/thumb/v7e-m+fp/hard/libc.a(libc_a-__call_atexit.o)
 *(.init_array)
 .init_array    0x20000804        0x4 /Applications/ArmGNUToolchain/13.2.Rel1/arm-none-eabi/bin/../lib/gcc/arm-none-eabi/13.2.1/thumb/v7e-m+fp/hard/crtbegin.o
                0x20000808                        PROVIDE (__init_array_end = .)
                0x20000808                        . = ALIGN (0x8)
                0x20000808                        PROVIDE (__fini_array_start = .)
 *(SORT_BY_NAME(.fini_array.*))
 *(.fini_array)
 .fini_array    0x20000808        0x4 /Applications/ArmGNUToolchain/13.2.Rel1/arm-none-eabi/bin/../lib/gcc/arm-none-eabi/13.2.1/thumb/v7e-m+fp/hard/crtbegin.o
                0x2000080c                        PROVIDE (__fini_array_end = .)
                0x20000810                        . = ALIGN (0x8)
 *fill*         0x2000080c        0x4 
                0x20000810                        __data_end__ = .

.tm_clone_table
                0x20000810        0x0 load address 0x08010054
 .tm_clone_table
                0x20000810        0x0 /Applications/ArmGNUToolchain/13.2.Rel1/arm-none-eabi/bin/../lib/gcc/arm-none-eabi/13.2.1/thumb/v7e-m+fp/hard/crtbegin.o
 .tm_clone_table
                0x20000810        0x0 /Applications/ArmGNUToolchain/13.2.Rel1/arm-none-eabi/bin/../lib/gcc/arm-none-eabi/13.2.1/thumb/v7e-m+fp/hard/crtend.o

.igot.plt       0x20000810        0x0 load address 0x08010054
 .igot.plt      0x20000810        0x0 /Applications/ArmGNUToolchain/13.2.Rel1/arm-none-eabi/bin/../lib/gcc/arm-none-eabi/13.2.1/thumb/v7e-m+fp/hard/crtbegin.o

.bss            0x20000810    0x1ce54 load address 0x08010054
                0x20000810                        __bss_start__ = .
 *(.bss*)
 .bss.completed.1
                0x20000810        0x1 /Applications/ArmGNUToolchain/13.2.Rel1/arm-none-eabi/bin/../lib/gcc/arm-none-eabi/13.2.1/thumb/v7e-m+fp/hard/crtbegin.o
 *fill*         0x20000811        0x3 
 .bss.object.0  0x20000814       0x18 /Applications/ArmGNUToolchain/13.2.Rel1/arm-none-eabi/bin/../lib/gcc/arm-none-eabi/13.2.1/thumb/v7e-m+fp/hard/crtbegin.o
 .bss.fparams.0
                0x2000082c       0x10 obj/Lab4A-Main-c.o
 .bss.iparams.1
                0x2000083c       0x10 obj/Lab4A-Main-c.o
 .bss.dummy.2   0x2000084c        0x8 obj/Lab4A-Main-c.o
 .bss.words     0x20000854        0x8 obj/Lab4A-Main-c.o
 .bss.tbd       0x2000085c       0x1c obj/Lab4A-Main-c.o
 .bss.buffer    0x20000878      0x620 library.a(initialize.o)
 .bss.txtCol    0x20000e98        0x4 library.a(initialize.o)
 .bss.txtRow    0x20000e9c        0x4 library.a(initialize.o)
 .bss.Is_LCD_IO_Initialized
                0x20000ea0        0x1 library.a(stm32f429i_discovery.o)
 *fill*         0x20000ea1        0x3 
 .bss.SpiHandle
                0x20000ea4       0x58 library.a(stm32f429i_discovery.o)
 .bss.ActiveLayer
                0x20000efc        0x4 library.a(stm32f429i_discovery_lcd.o)
 .bss.Dma2dHandler
                0x20000f00       0x40 library.a(stm32f429i_discovery_lcd.o)
 .bss.DrawProp  0x20000f40       0x18 library.a(stm32f429i_discovery_lcd.o)
 .bss.LcdDrv    0x20000f58        0x4 library.a(stm32f429i_discovery_lcd.o)
                0x20000f58                LcdDrv
 .bss.LtdcHandler
                0x20000f5c       0xa8 library.a(stm32f429i_discovery_lcd.o)
 .bss.PeriphClkInitStruct
                0x20001004       0x30 library.a(stm32f429i_discovery_lcd.o)
 .bss.Command   0x20001034       0x10 library.a(stm32f429i_discovery_sdram.o)
 .bss.SdramHandle
                0x20001044       0x34 library.a(stm32f429i_discovery_sdram.o)
 .bss.Timing    0x20001078       0x1c library.a(stm32f429i_discovery_sdram.o)
 .bss.dmaHandle.0
                0x20001094       0x50 library.a(stm32f429i_discovery_sdram.o)
 .bss.uwTick    0x200010e4        0x4 library.a(stm32f4xx_hal.o)
 .bss.rgb       0x200010e8    0x1c200 library.a(svcHandler.o)
                0x200010e8                rgb
 .bss.text.4    0x2001d2e8       0x64 library.a(svcHandler.o)
 .bss.__sf      0x2001d34c      0x138 /Applications/ArmGNUToolchain/13.2.Rel1/arm-none-eabi/bin/../lib/gcc/arm-none-eabi/13.2.1/../../../../arm-none-eabi/lib/thumb/v7e-m+fp/hard/libc.a(libc_a-findfp.o)
                0x2001d34c                __sf
 .bss.__stdio_exit_handler
                0x2001d484        0x4 /Applications/ArmGNUToolchain/13.2.Rel1/arm-none-eabi/bin/../lib/gcc/arm-none-eabi/13.2.1/../../../../arm-none-eabi/lib/thumb/v7e-m+fp/hard/libc.a(libc_a-findfp.o)
                0x2001d484                __stdio_exit_handler
 .bss.__lock___malloc_recursive_mutex
                0x2001d488        0x1 /Applications/ArmGNUToolchain/13.2.Rel1/arm-none-eabi/bin/../lib/gcc/arm-none-eabi/13.2.1/../../../../arm-none-eabi/lib/thumb/v7e-m+fp/hard/libc.a(libc_a-lock.o)
                0x2001d488                __lock___malloc_recursive_mutex
 *fill*         0x2001d489        0x3 
 .bss.__lock___atexit_recursive_mutex
                0x2001d48c        0x1 /Applications/ArmGNUToolchain/13.2.Rel1/arm-none-eabi/bin/../lib/gcc/arm-none-eabi/13.2.1/../../../../arm-none-eabi/lib/thumb/v7e-m+fp/hard/libc.a(libc_a-lock.o)
                0x2001d48c                __lock___atexit_recursive_mutex
 *fill*         0x2001d48d        0x3 
 .bss.__lock___sfp_recursive_mutex
                0x2001d490        0x1 /Applications/ArmGNUToolchain/13.2.Rel1/arm-none-eabi/bin/../lib/gcc/arm-none-eabi/13.2.1/../../../../arm-none-eabi/lib/thumb/v7e-m+fp/hard/libc.a(libc_a-lock.o)
                0x2001d490                __lock___sfp_recursive_mutex
 *fill*         0x2001d491        0x3 
 .bss.__atexit  0x2001d494        0x4 /Applications/ArmGNUToolchain/13.2.Rel1/arm-none-eabi/bin/../lib/gcc/arm-none-eabi/13.2.1/../../../../arm-none-eabi/lib/thumb/v7e-m+fp/hard/libc.a(libc_a-__call_atexit.o)
                0x2001d494                __atexit
 .bss.__malloc_current_mallinfo
                0x2001d498       0x28 /Applications/ArmGNUToolchain/13.2.Rel1/arm-none-eabi/bin/../lib/gcc/arm-none-eabi/13.2.1/../../../../arm-none-eabi/lib/thumb/v7e-m+fp/hard/libc.a(libc_a-mallocr.o)
                0x2001d498                __malloc_current_mallinfo
 .bss.__malloc_max_total_mem
                0x2001d4c0        0x4 /Applications/ArmGNUToolchain/13.2.Rel1/arm-none-eabi/bin/../lib/gcc/arm-none-eabi/13.2.1/../../../../arm-none-eabi/lib/thumb/v7e-m+fp/hard/libc.a(libc_a-mallocr.o)
                0x2001d4c0                __malloc_max_total_mem
 .bss.__malloc_max_sbrked_mem
                0x2001d4c4        0x4 /Applications/ArmGNUToolchain/13.2.Rel1/arm-none-eabi/bin/../lib/gcc/arm-none-eabi/13.2.1/../../../../arm-none-eabi/lib/thumb/v7e-m+fp/hard/libc.a(libc_a-mallocr.o)
                0x2001d4c4                __malloc_max_sbrked_mem
 .bss.__malloc_top_pad
                0x2001d4c8        0x4 /Applications/ArmGNUToolchain/13.2.Rel1/arm-none-eabi/bin/../lib/gcc/arm-none-eabi/13.2.1/../../../../arm-none-eabi/lib/thumb/v7e-m+fp/hard/libc.a(libc_a-mallocr.o)
                0x2001d4c8                __malloc_top_pad
 .bss.errno     0x2001d4cc        0x4 /Applications/ArmGNUToolchain/13.2.Rel1/arm-none-eabi/bin/../lib/gcc/arm-none-eabi/13.2.1/../../../../arm-none-eabi/lib/thumb/v7e-m+fp/hard/libc.a(libc_a-reent.o)
                0x2001d4cc                errno
 .bss.__atexit0
                0x2001d4d0      0x190 /Applications/ArmGNUToolchain/13.2.Rel1/arm-none-eabi/bin/../lib/gcc/arm-none-eabi/13.2.1/../../../../arm-none-eabi/lib/thumb/v7e-m+fp/hard/libc.a(libc_a-__atexit.o)
                0x2001d4d0                __atexit0
 .bss.heap_end.0
                0x2001d660        0x4 /Applications/ArmGNUToolchain/13.2.Rel1/arm-none-eabi/bin/../lib/gcc/arm-none-eabi/13.2.1/../../../../arm-none-eabi/lib/thumb/v7e-m+fp/hard/libnosys.a(sbrk.o)
 *(COMMON)
                0x2001d664                        __bss_end__ = .

.ccm            0x10000000        0x0
                0x10000000                        . = ALIGN (0x4)
                0x10000000                        __ccm_start__ = .
 *(.ccm*)
                0x10000000                        . = ALIGN (0x4)
                0x10000000                        __ccm_end__ = .

.heap           0x10000000      0xc00
                0x10000000                        __end__ = .
                0x10000000                        end = __end__
 *(.heap*)
 .heap          0x10000000      0xc00 library.a(startup_stm32f429xx.o)
                0x10000000                __HeapBase
                0x10000c00                        __HeapLimit = .

.stack_dummy    0x10000000     0x1000
 *(.stack)
 .stack         0x10000000     0x1000 library.a(startup_stm32f429xx.o)
                0x10010000                        __StackTop = (ORIGIN (CCM) + LENGTH (CCM))
                0x1000f000                        __StackLimit = (__StackTop - SIZEOF (.stack_dummy))
                0x10010000                        PROVIDE (__stack = __StackTop)
                0x00000001                        ASSERT ((__StackLimit >= __HeapLimit), region CCM overflowed with stack)
OUTPUT(output.elf elf32-littlearm)
LOAD linker stubs

.ARM.attributes
                0x00000000       0x30
 .ARM.attributes
                0x00000000       0x22 /Applications/ArmGNUToolchain/13.2.Rel1/arm-none-eabi/bin/../lib/gcc/arm-none-eabi/13.2.1/thumb/v7e-m+fp/hard/crti.o
 .ARM.attributes
                0x00000022       0x34 /Applications/ArmGNUToolchain/13.2.Rel1/arm-none-eabi/bin/../lib/gcc/arm-none-eabi/13.2.1/thumb/v7e-m+fp/hard/crtbegin.o
 .ARM.attributes
                0x00000056       0x20 /Applications/ArmGNUToolchain/13.2.Rel1/arm-none-eabi/bin/../lib/gcc/arm-none-eabi/13.2.1/../../../../arm-none-eabi/lib/thumb/v7e-m+fp/hard/crt0.o
 .ARM.attributes
                0x00000076       0x34 obj/Lab4A-Main-c.o
 .ARM.attributes
                0x000000aa       0x25 obj/Lab4A-Implementation-s.o
 .ARM.attributes
                0x000000cf       0x34 library.a(initialize.o)
 .ARM.attributes
                0x00000103       0x34 library.a(stm32f429i_discovery.o)
 .ARM.attributes
                0x00000137       0x34 library.a(stm32f429i_discovery_lcd.o)
 .ARM.attributes
                0x0000016b       0x34 library.a(stm32f429i_discovery_sdram.o)
 .ARM.attributes
                0x0000019f       0x34 library.a(stm32f4xx_hal.o)
 .ARM.attributes
                0x000001d3       0x34 library.a(stm32f4xx_hal_cortex.o)
 .ARM.attributes
                0x00000207       0x34 library.a(stm32f4xx_hal_dma.o)
 .ARM.attributes
                0x0000023b       0x34 library.a(stm32f4xx_hal_dma2d.o)
 .ARM.attributes
                0x0000026f       0x34 library.a(stm32f4xx_hal_gpio.o)
 .ARM.attributes
                0x000002a3       0x34 library.a(stm32f4xx_hal_ltdc.o)
 .ARM.attributes
                0x000002d7       0x34 library.a(stm32f4xx_hal_rcc.o)
 .ARM.attributes
                0x0000030b       0x34 library.a(stm32f4xx_hal_rcc_ex.o)
 .ARM.attributes
                0x0000033f       0x34 library.a(stm32f4xx_hal_sdram.o)
 .ARM.attributes
                0x00000373       0x34 library.a(stm32f4xx_hal_spi.o)
 .ARM.attributes
                0x000003a7       0x34 library.a(stm32f4xx_it.o)
 .ARM.attributes
                0x000003db       0x34 library.a(stm32f4xx_ll_fmc.o)
 .ARM.attributes
                0x0000040f       0x34 library.a(svcHandler.o)
 .ARM.attributes
                0x00000443       0x34 library.a(system_stm32f4xx.o)
 .ARM.attributes
                0x00000477       0x1f library.a(startup_stm32f429xx.o)
 .ARM.attributes
                0x00000496       0x34 library.a(ili9341.o)
 .ARM.attributes
                0x000004ca       0x34 /Applications/ArmGNUToolchain/13.2.Rel1/arm-none-eabi/bin/../lib/gcc/arm-none-eabi/13.2.1/../../../../arm-none-eabi/lib/thumb/v7e-m+fp/hard/libc.a(libc_a-exit.o)
 .ARM.attributes
                0x000004fe       0x34 /Applications/ArmGNUToolchain/13.2.Rel1/arm-none-eabi/bin/../lib/gcc/arm-none-eabi/13.2.1/../../../../arm-none-eabi/lib/thumb/v7e-m+fp/hard/libc.a(libc_a-vfiprintf.o)
 .ARM.attributes
                0x00000532       0x34 /Applications/ArmGNUToolchain/13.2.Rel1/arm-none-eabi/bin/../lib/gcc/arm-none-eabi/13.2.1/../../../../arm-none-eabi/lib/thumb/v7e-m+fp/hard/libc.a(libc_a-fflush.o)
 .ARM.attributes
                0x00000566       0x34 /Applications/ArmGNUToolchain/13.2.Rel1/arm-none-eabi/bin/../lib/gcc/arm-none-eabi/13.2.1/../../../../arm-none-eabi/lib/thumb/v7e-m+fp/hard/libc.a(libc_a-sprintf.o)
 .ARM.attributes
                0x0000059a       0x34 /Applications/ArmGNUToolchain/13.2.Rel1/arm-none-eabi/bin/../lib/gcc/arm-none-eabi/13.2.1/../../../../arm-none-eabi/lib/thumb/v7e-m+fp/hard/libc.a(libc_a-findfp.o)
 .ARM.attributes
                0x000005ce       0x34 /Applications/ArmGNUToolchain/13.2.Rel1/arm-none-eabi/bin/../lib/gcc/arm-none-eabi/13.2.1/../../../../arm-none-eabi/lib/thumb/v7e-m+fp/hard/libc.a(libc_a-fvwrite.o)
 .ARM.attributes
                0x00000602       0x34 /Applications/ArmGNUToolchain/13.2.Rel1/arm-none-eabi/bin/../lib/gcc/arm-none-eabi/13.2.1/../../../../arm-none-eabi/lib/thumb/v7e-m+fp/hard/libc.a(libc_a-fwalk.o)
 .ARM.attributes
                0x00000636       0x34 /Applications/ArmGNUToolchain/13.2.Rel1/arm-none-eabi/bin/../lib/gcc/arm-none-eabi/13.2.1/../../../../arm-none-eabi/lib/thumb/v7e-m+fp/hard/libc.a(libc_a-wsetup.o)
 .ARM.attributes
                0x0000066a       0x34 /Applications/ArmGNUToolchain/13.2.Rel1/arm-none-eabi/bin/../lib/gcc/arm-none-eabi/13.2.1/../../../../arm-none-eabi/lib/thumb/v7e-m+fp/hard/libc.a(libc_a-fputwc.o)
 .ARM.attributes
                0x0000069e       0x34 /Applications/ArmGNUToolchain/13.2.Rel1/arm-none-eabi/bin/../lib/gcc/arm-none-eabi/13.2.1/../../../../arm-none-eabi/lib/thumb/v7e-m+fp/hard/libc.a(libc_a-memmove.o)
 .ARM.attributes
                0x000006d2       0x34 /Applications/ArmGNUToolchain/13.2.Rel1/arm-none-eabi/bin/../lib/gcc/arm-none-eabi/13.2.1/../../../../arm-none-eabi/lib/thumb/v7e-m+fp/hard/libc.a(libc_a-memset.o)
 .ARM.attributes
                0x00000706       0x34 /Applications/ArmGNUToolchain/13.2.Rel1/arm-none-eabi/bin/../lib/gcc/arm-none-eabi/13.2.1/../../../../arm-none-eabi/lib/thumb/v7e-m+fp/hard/libc.a(libc_a-strncpy.o)
 .ARM.attributes
                0x0000073a       0x34 /Applications/ArmGNUToolchain/13.2.Rel1/arm-none-eabi/bin/../lib/gcc/arm-none-eabi/13.2.1/../../../../arm-none-eabi/lib/thumb/v7e-m+fp/hard/libc.a(libc_a-locale.o)
 .ARM.attributes
                0x0000076e       0x34 /Applications/ArmGNUToolchain/13.2.Rel1/arm-none-eabi/bin/../lib/gcc/arm-none-eabi/13.2.1/../../../../arm-none-eabi/lib/thumb/v7e-m+fp/hard/libc.a(libc_a-localeconv.o)
 .ARM.attributes
                0x000007a2       0x34 /Applications/ArmGNUToolchain/13.2.Rel1/arm-none-eabi/bin/../lib/gcc/arm-none-eabi/13.2.1/../../../../arm-none-eabi/lib/thumb/v7e-m+fp/hard/libc.a(libc_a-impure.o)
 .ARM.attributes
                0x000007d6       0x34 /Applications/ArmGNUToolchain/13.2.Rel1/arm-none-eabi/bin/../lib/gcc/arm-none-eabi/13.2.1/../../../../arm-none-eabi/lib/thumb/v7e-m+fp/hard/libc.a(libc_a-strcpy.o)
 .ARM.attributes
                0x0000080a       0x34 /Applications/ArmGNUToolchain/13.2.Rel1/arm-none-eabi/bin/../lib/gcc/arm-none-eabi/13.2.1/../../../../arm-none-eabi/lib/thumb/v7e-m+fp/hard/libc.a(libc_a-init.o)
 .ARM.attributes
                0x0000083e       0x34 /Applications/ArmGNUToolchain/13.2.Rel1/arm-none-eabi/bin/../lib/gcc/arm-none-eabi/13.2.1/../../../../arm-none-eabi/lib/thumb/v7e-m+fp/hard/libc.a(libc_a-lock.o)
 .ARM.attributes
                0x00000872       0x1c /Applications/ArmGNUToolchain/13.2.Rel1/arm-none-eabi/bin/../lib/gcc/arm-none-eabi/13.2.1/../../../../arm-none-eabi/lib/thumb/v7e-m+fp/hard/libc.a(libc_a-memchr.o)
 .ARM.attributes
                0x0000088e       0x20 /Applications/ArmGNUToolchain/13.2.Rel1/arm-none-eabi/bin/../lib/gcc/arm-none-eabi/13.2.1/../../../../arm-none-eabi/lib/thumb/v7e-m+fp/hard/libc.a(libc_a-memcpy.o)
 .ARM.attributes
                0x000008ae       0x1c /Applications/ArmGNUToolchain/13.2.Rel1/arm-none-eabi/bin/../lib/gcc/arm-none-eabi/13.2.1/../../../../arm-none-eabi/lib/thumb/v7e-m+fp/hard/libc.a(libc_a-strlen.o)
 .ARM.attributes
                0x000008ca       0x34 /Applications/ArmGNUToolchain/13.2.Rel1/arm-none-eabi/bin/../lib/gcc/arm-none-eabi/13.2.1/../../../../arm-none-eabi/lib/thumb/v7e-m+fp/hard/libc.a(libc_a-wcrtomb.o)
 .ARM.attributes
                0x000008fe       0x34 /Applications/ArmGNUToolchain/13.2.Rel1/arm-none-eabi/bin/../lib/gcc/arm-none-eabi/13.2.1/../../../../arm-none-eabi/lib/thumb/v7e-m+fp/hard/libc.a(libc_a-wcsrtombs.o)
 .ARM.attributes
                0x00000932       0x34 /Applications/ArmGNUToolchain/13.2.Rel1/arm-none-eabi/bin/../lib/gcc/arm-none-eabi/13.2.1/../../../../arm-none-eabi/lib/thumb/v7e-m+fp/hard/libc.a(libc_a-ctype_.o)
 .ARM.attributes
                0x00000966       0x34 /Applications/ArmGNUToolchain/13.2.Rel1/arm-none-eabi/bin/../lib/gcc/arm-none-eabi/13.2.1/../../../../arm-none-eabi/lib/thumb/v7e-m+fp/hard/libc.a(libm_a-s_frexp.o)
 .ARM.attributes
                0x0000099a       0x34 /Applications/ArmGNUToolchain/13.2.Rel1/arm-none-eabi/bin/../lib/gcc/arm-none-eabi/13.2.1/../../../../arm-none-eabi/lib/thumb/v7e-m+fp/hard/libc.a(libc_a-__call_atexit.o)
 .ARM.attributes
                0x000009ce       0x34 /Applications/ArmGNUToolchain/13.2.Rel1/arm-none-eabi/bin/../lib/gcc/arm-none-eabi/13.2.1/../../../../arm-none-eabi/lib/thumb/v7e-m+fp/hard/libc.a(libc_a-atexit.o)
 .ARM.attributes
                0x00000a02       0x34 /Applications/ArmGNUToolchain/13.2.Rel1/arm-none-eabi/bin/../lib/gcc/arm-none-eabi/13.2.1/../../../../arm-none-eabi/lib/thumb/v7e-m+fp/hard/libc.a(libc_a-dtoa.o)
 .ARM.attributes
                0x00000a36       0x34 /Applications/ArmGNUToolchain/13.2.Rel1/arm-none-eabi/bin/../lib/gcc/arm-none-eabi/13.2.1/../../../../arm-none-eabi/lib/thumb/v7e-m+fp/hard/libc.a(libc_a-freer.o)
 .ARM.attributes
                0x00000a6a       0x34 /Applications/ArmGNUToolchain/13.2.Rel1/arm-none-eabi/bin/../lib/gcc/arm-none-eabi/13.2.1/../../../../arm-none-eabi/lib/thumb/v7e-m+fp/hard/libc.a(libc_a-mallocr.o)
 .ARM.attributes
                0x00000a9e       0x34 /Applications/ArmGNUToolchain/13.2.Rel1/arm-none-eabi/bin/../lib/gcc/arm-none-eabi/13.2.1/../../../../arm-none-eabi/lib/thumb/v7e-m+fp/hard/libc.a(libc_a-mbtowc_r.o)
 .ARM.attributes
                0x00000ad2       0x34 /Applications/ArmGNUToolchain/13.2.Rel1/arm-none-eabi/bin/../lib/gcc/arm-none-eabi/13.2.1/../../../../arm-none-eabi/lib/thumb/v7e-m+fp/hard/libc.a(libc_a-svfprintf.o)
 .ARM.attributes
                0x00000b06       0x34 /Applications/ArmGNUToolchain/13.2.Rel1/arm-none-eabi/bin/../lib/gcc/arm-none-eabi/13.2.1/../../../../arm-none-eabi/lib/thumb/v7e-m+fp/hard/libc.a(libc_a-makebuf.o)
 .ARM.attributes
                0x00000b3a       0x34 /Applications/ArmGNUToolchain/13.2.Rel1/arm-none-eabi/bin/../lib/gcc/arm-none-eabi/13.2.1/../../../../arm-none-eabi/lib/thumb/v7e-m+fp/hard/libc.a(libc_a-mlock.o)
 .ARM.attributes
                0x00000b6e       0x34 /Applications/ArmGNUToolchain/13.2.Rel1/arm-none-eabi/bin/../lib/gcc/arm-none-eabi/13.2.1/../../../../arm-none-eabi/lib/thumb/v7e-m+fp/hard/libc.a(libc_a-mprec.o)
 .ARM.attributes
                0x00000ba2       0x34 /Applications/ArmGNUToolchain/13.2.Rel1/arm-none-eabi/bin/../lib/gcc/arm-none-eabi/13.2.1/../../../../arm-none-eabi/lib/thumb/v7e-m+fp/hard/libc.a(libc_a-fclose.o)
 .ARM.attributes
                0x00000bd6       0x34 /Applications/ArmGNUToolchain/13.2.Rel1/arm-none-eabi/bin/../lib/gcc/arm-none-eabi/13.2.1/../../../../arm-none-eabi/lib/thumb/v7e-m+fp/hard/libc.a(libc_a-reallocr.o)
 .ARM.attributes
                0x00000c0a       0x34 /Applications/ArmGNUToolchain/13.2.Rel1/arm-none-eabi/bin/../lib/gcc/arm-none-eabi/13.2.1/../../../../arm-none-eabi/lib/thumb/v7e-m+fp/hard/libc.a(libc_a-stdio.o)
 .ARM.attributes
                0x00000c3e       0x34 /Applications/ArmGNUToolchain/13.2.Rel1/arm-none-eabi/bin/../lib/gcc/arm-none-eabi/13.2.1/../../../../arm-none-eabi/lib/thumb/v7e-m+fp/hard/libc.a(libc_a-wctomb_r.o)
 .ARM.attributes
                0x00000c72       0x34 /Applications/ArmGNUToolchain/13.2.Rel1/arm-none-eabi/bin/../lib/gcc/arm-none-eabi/13.2.1/../../../../arm-none-eabi/lib/thumb/v7e-m+fp/hard/libc.a(libc_a-wbuf.o)
 .ARM.attributes
                0x00000ca6       0x34 /Applications/ArmGNUToolchain/13.2.Rel1/arm-none-eabi/bin/../lib/gcc/arm-none-eabi/13.2.1/../../../../arm-none-eabi/lib/thumb/v7e-m+fp/hard/libc.a(libc_a-closer.o)
 .ARM.attributes
                0x00000cda       0x34 /Applications/ArmGNUToolchain/13.2.Rel1/arm-none-eabi/bin/../lib/gcc/arm-none-eabi/13.2.1/../../../../arm-none-eabi/lib/thumb/v7e-m+fp/hard/libc.a(libc_a-reent.o)
 .ARM.attributes
                0x00000d0e       0x34 /Applications/ArmGNUToolchain/13.2.Rel1/arm-none-eabi/bin/../lib/gcc/arm-none-eabi/13.2.1/../../../../arm-none-eabi/lib/thumb/v7e-m+fp/hard/libc.a(libc_a-fstatr.o)
 .ARM.attributes
                0x00000d42       0x34 /Applications/ArmGNUToolchain/13.2.Rel1/arm-none-eabi/bin/../lib/gcc/arm-none-eabi/13.2.1/../../../../arm-none-eabi/lib/thumb/v7e-m+fp/hard/libc.a(libc_a-isattyr.o)
 .ARM.attributes
                0x00000d76       0x34 /Applications/ArmGNUToolchain/13.2.Rel1/arm-none-eabi/bin/../lib/gcc/arm-none-eabi/13.2.1/../../../../arm-none-eabi/lib/thumb/v7e-m+fp/hard/libc.a(libc_a-lseekr.o)
 .ARM.attributes
                0x00000daa       0x34 /Applications/ArmGNUToolchain/13.2.Rel1/arm-none-eabi/bin/../lib/gcc/arm-none-eabi/13.2.1/../../../../arm-none-eabi/lib/thumb/v7e-m+fp/hard/libc.a(libc_a-readr.o)
 .ARM.attributes
                0x00000dde       0x34 /Applications/ArmGNUToolchain/13.2.Rel1/arm-none-eabi/bin/../lib/gcc/arm-none-eabi/13.2.1/../../../../arm-none-eabi/lib/thumb/v7e-m+fp/hard/libc.a(libc_a-sbrkr.o)
 .ARM.attributes
                0x00000e12       0x34 /Applications/ArmGNUToolchain/13.2.Rel1/arm-none-eabi/bin/../lib/gcc/arm-none-eabi/13.2.1/../../../../arm-none-eabi/lib/thumb/v7e-m+fp/hard/libc.a(libc_a-writer.o)
 .ARM.attributes
                0x00000e46       0x34 /Applications/ArmGNUToolchain/13.2.Rel1/arm-none-eabi/bin/../lib/gcc/arm-none-eabi/13.2.1/../../../../arm-none-eabi/lib/thumb/v7e-m+fp/hard/libc.a(libc_a-errno.o)
 .ARM.attributes
                0x00000e7a       0x34 /Applications/ArmGNUToolchain/13.2.Rel1/arm-none-eabi/bin/../lib/gcc/arm-none-eabi/13.2.1/../../../../arm-none-eabi/lib/thumb/v7e-m+fp/hard/libc.a(libc_a-sysconf.o)
 .ARM.attributes
                0x00000eae       0x34 /Applications/ArmGNUToolchain/13.2.Rel1/arm-none-eabi/bin/../lib/gcc/arm-none-eabi/13.2.1/../../../../arm-none-eabi/lib/thumb/v7e-m+fp/hard/libc.a(libc_a-fini.o)
 .ARM.attributes
                0x00000ee2       0x34 /Applications/ArmGNUToolchain/13.2.Rel1/arm-none-eabi/bin/../lib/gcc/arm-none-eabi/13.2.1/../../../../arm-none-eabi/lib/thumb/v7e-m+fp/hard/libc.a(libc_a-wcsnrtombs.o)
 .ARM.attributes
                0x00000f16       0x34 /Applications/ArmGNUToolchain/13.2.Rel1/arm-none-eabi/bin/../lib/gcc/arm-none-eabi/13.2.1/../../../../arm-none-eabi/lib/thumb/v7e-m+fp/hard/libc.a(libc_a-__atexit.o)
 .ARM.attributes
                0x00000f4a       0x34 /Applications/ArmGNUToolchain/13.2.Rel1/arm-none-eabi/bin/../lib/gcc/arm-none-eabi/13.2.1/../../../../arm-none-eabi/lib/thumb/v7e-m+fp/hard/libc.a(libc_a-assert.o)
 .ARM.attributes
                0x00000f7e       0x34 /Applications/ArmGNUToolchain/13.2.Rel1/arm-none-eabi/bin/../lib/gcc/arm-none-eabi/13.2.1/../../../../arm-none-eabi/lib/thumb/v7e-m+fp/hard/libc.a(libc_a-callocr.o)
 .ARM.attributes
                0x00000fb2       0x34 /Applications/ArmGNUToolchain/13.2.Rel1/arm-none-eabi/bin/../lib/gcc/arm-none-eabi/13.2.1/../../../../arm-none-eabi/lib/thumb/v7e-m+fp/hard/libc.a(libc_a-fiprintf.o)
 .ARM.attributes
                0x00000fe6       0x34 /Applications/ArmGNUToolchain/13.2.Rel1/arm-none-eabi/bin/../lib/gcc/arm-none-eabi/13.2.1/../../../../arm-none-eabi/lib/thumb/v7e-m+fp/hard/libc.a(libc_a-svfiprintf.o)
 .ARM.attributes
                0x0000101a       0x34 /Applications/ArmGNUToolchain/13.2.Rel1/arm-none-eabi/bin/../lib/gcc/arm-none-eabi/13.2.1/../../../../arm-none-eabi/lib/thumb/v7e-m+fp/hard/libc.a(libc_a-abort.o)
 .ARM.attributes
                0x0000104e       0x34 /Applications/ArmGNUToolchain/13.2.Rel1/arm-none-eabi/bin/../lib/gcc/arm-none-eabi/13.2.1/../../../../arm-none-eabi/lib/thumb/v7e-m+fp/hard/libc.a(libc_a-signal.o)
 .ARM.attributes
                0x00001082       0x34 /Applications/ArmGNUToolchain/13.2.Rel1/arm-none-eabi/bin/../lib/gcc/arm-none-eabi/13.2.1/../../../../arm-none-eabi/lib/thumb/v7e-m+fp/hard/libc.a(libc_a-signalr.o)
 .ARM.attributes
                0x000010b6       0x34 /Applications/ArmGNUToolchain/13.2.Rel1/arm-none-eabi/bin/../lib/gcc/arm-none-eabi/13.2.1/../../../../arm-none-eabi/lib/thumb/v7e-m+fp/hard/libnosys.a(sbrk.o)
 .ARM.attributes
                0x000010ea       0x34 /Applications/ArmGNUToolchain/13.2.Rel1/arm-none-eabi/bin/../lib/gcc/arm-none-eabi/13.2.1/../../../../arm-none-eabi/lib/thumb/v7e-m+fp/hard/libnosys.a(_exit.o)
 .ARM.attributes
                0x0000111e       0x22 /Applications/ArmGNUToolchain/13.2.Rel1/arm-none-eabi/bin/../lib/gcc/arm-none-eabi/13.2.1/thumb/v7e-m+fp/hard/libgcc.a(_arm_addsubdf3.o)
 .ARM.attributes
                0x00001140       0x22 /Applications/ArmGNUToolchain/13.2.Rel1/arm-none-eabi/bin/../lib/gcc/arm-none-eabi/13.2.1/thumb/v7e-m+fp/hard/libgcc.a(_arm_muldivdf3.o)
 .ARM.attributes
                0x00001162       0x22 /Applications/ArmGNUToolchain/13.2.Rel1/arm-none-eabi/bin/../lib/gcc/arm-none-eabi/13.2.1/thumb/v7e-m+fp/hard/libgcc.a(_arm_cmpdf2.o)
 .ARM.attributes
                0x00001184       0x22 /Applications/ArmGNUToolchain/13.2.Rel1/arm-none-eabi/bin/../lib/gcc/arm-none-eabi/13.2.1/thumb/v7e-m+fp/hard/libgcc.a(_arm_unorddf2.o)
 .ARM.attributes
                0x000011a6       0x22 /Applications/ArmGNUToolchain/13.2.Rel1/arm-none-eabi/bin/../lib/gcc/arm-none-eabi/13.2.1/thumb/v7e-m+fp/hard/libgcc.a(_arm_fixdfsi.o)
 .ARM.attributes
                0x000011c8       0x34 /Applications/ArmGNUToolchain/13.2.Rel1/arm-none-eabi/bin/../lib/gcc/arm-none-eabi/13.2.1/thumb/v7e-m+fp/hard/crtend.o
 .ARM.attributes